Archive member included to satisfy reference by file (symbol)

C:/Program Files (x86)/Arm GNU Toolchain arm-none-eabi/13.2 Rel1/bin/../lib/gcc/arm-none-eabi/13.2.1/thumb/v8-m.main+fp/hard\libgcc.a(_aeabi_ldivmod.o)
                              ./ra/fsp/src/r_sci_uart/r_sci_uart.o (__aeabi_ldivmod)
C:/Program Files (x86)/Arm GNU Toolchain arm-none-eabi/13.2 Rel1/bin/../lib/gcc/arm-none-eabi/13.2.1/thumb/v8-m.main+fp/hard\libgcc.a(_udivmoddi4.o)
                              C:/Program Files (x86)/Arm GNU Toolchain arm-none-eabi/13.2 Rel1/bin/../lib/gcc/arm-none-eabi/13.2.1/thumb/v8-m.main+fp/hard\libgcc.a(_aeabi_ldivmod.o) (__udivmoddi4)
C:/Program Files (x86)/Arm GNU Toolchain arm-none-eabi/13.2 Rel1/bin/../lib/gcc/arm-none-eabi/13.2.1/thumb/v8-m.main+fp/hard\libgcc.a(_dvmd_tls.o)
                              C:/Program Files (x86)/Arm GNU Toolchain arm-none-eabi/13.2 Rel1/bin/../lib/gcc/arm-none-eabi/13.2.1/thumb/v8-m.main+fp/hard\libgcc.a(_aeabi_ldivmod.o) (__aeabi_ldiv0)
C:/Program Files (x86)/Arm GNU Toolchain arm-none-eabi/13.2 Rel1/bin/../lib/gcc/arm-none-eabi/13.2.1/thumb/v8-m.main+fp/hard\libg_nano.a(libc_a-exit.o)
                              C:/Program Files (x86)/Arm GNU Toolchain arm-none-eabi/13.2 Rel1/bin/../lib/gcc/arm-none-eabi/13.2.1/thumb/v8-m.main+fp/hard/rdimon-crt0.o (exit)
C:/Program Files (x86)/Arm GNU Toolchain arm-none-eabi/13.2 Rel1/bin/../lib/gcc/arm-none-eabi/13.2.1/thumb/v8-m.main+fp/hard\libg_nano.a(libc_a-findfp.o)
                              C:/Program Files (x86)/Arm GNU Toolchain arm-none-eabi/13.2 Rel1/bin/../lib/gcc/arm-none-eabi/13.2.1/thumb/v8-m.main+fp/hard\libg_nano.a(libc_a-exit.o) (__stdio_exit_handler)
C:/Program Files (x86)/Arm GNU Toolchain arm-none-eabi/13.2 Rel1/bin/../lib/gcc/arm-none-eabi/13.2.1/thumb/v8-m.main+fp/hard\libg_nano.a(libc_a-fwalk.o)
                              C:/Program Files (x86)/Arm GNU Toolchain arm-none-eabi/13.2 Rel1/bin/../lib/gcc/arm-none-eabi/13.2.1/thumb/v8-m.main+fp/hard\libg_nano.a(libc_a-findfp.o) (_fwalk_sglue)
C:/Program Files (x86)/Arm GNU Toolchain arm-none-eabi/13.2 Rel1/bin/../lib/gcc/arm-none-eabi/13.2.1/thumb/v8-m.main+fp/hard\libg_nano.a(libc_a-stdio.o)
                              C:/Program Files (x86)/Arm GNU Toolchain arm-none-eabi/13.2 Rel1/bin/../lib/gcc/arm-none-eabi/13.2.1/thumb/v8-m.main+fp/hard\libg_nano.a(libc_a-findfp.o) (__sread)
C:/Program Files (x86)/Arm GNU Toolchain arm-none-eabi/13.2 Rel1/bin/../lib/gcc/arm-none-eabi/13.2.1/thumb/v8-m.main+fp/hard\libg_nano.a(libc_a-vsprintf.o)
                              ./src/drivers/src/uart_ble.o (vsprintf)
C:/Program Files (x86)/Arm GNU Toolchain arm-none-eabi/13.2 Rel1/bin/../lib/gcc/arm-none-eabi/13.2.1/thumb/v8-m.main+fp/hard\libg_nano.a(libc_a-memset.o)
                              C:/Program Files (x86)/Arm GNU Toolchain arm-none-eabi/13.2 Rel1/bin/../lib/gcc/arm-none-eabi/13.2.1/thumb/v8-m.main+fp/hard/rdimon-crt0.o (memset)
C:/Program Files (x86)/Arm GNU Toolchain arm-none-eabi/13.2 Rel1/bin/../lib/gcc/arm-none-eabi/13.2.1/thumb/v8-m.main+fp/hard\libg_nano.a(libc_a-closer.o)
                              C:/Program Files (x86)/Arm GNU Toolchain arm-none-eabi/13.2 Rel1/bin/../lib/gcc/arm-none-eabi/13.2.1/thumb/v8-m.main+fp/hard\libg_nano.a(libc_a-stdio.o) (_close_r)
C:/Program Files (x86)/Arm GNU Toolchain arm-none-eabi/13.2 Rel1/bin/../lib/gcc/arm-none-eabi/13.2.1/thumb/v8-m.main+fp/hard\libg_nano.a(libc_a-reent.o)
                              C:/Program Files (x86)/Arm GNU Toolchain arm-none-eabi/13.2 Rel1/bin/../lib/gcc/arm-none-eabi/13.2.1/thumb/v8-m.main+fp/hard\libg_nano.a(libc_a-closer.o) (errno)
C:/Program Files (x86)/Arm GNU Toolchain arm-none-eabi/13.2 Rel1/bin/../lib/gcc/arm-none-eabi/13.2.1/thumb/v8-m.main+fp/hard\libg_nano.a(libc_a-impure.o)
                              C:/Program Files (x86)/Arm GNU Toolchain arm-none-eabi/13.2 Rel1/bin/../lib/gcc/arm-none-eabi/13.2.1/thumb/v8-m.main+fp/hard\libg_nano.a(libc_a-vsprintf.o) (_impure_ptr)
C:/Program Files (x86)/Arm GNU Toolchain arm-none-eabi/13.2 Rel1/bin/../lib/gcc/arm-none-eabi/13.2.1/thumb/v8-m.main+fp/hard\libg_nano.a(libc_a-lseekr.o)
                              C:/Program Files (x86)/Arm GNU Toolchain arm-none-eabi/13.2 Rel1/bin/../lib/gcc/arm-none-eabi/13.2.1/thumb/v8-m.main+fp/hard\libg_nano.a(libc_a-stdio.o) (_lseek_r)
C:/Program Files (x86)/Arm GNU Toolchain arm-none-eabi/13.2 Rel1/bin/../lib/gcc/arm-none-eabi/13.2.1/thumb/v8-m.main+fp/hard\libg_nano.a(libc_a-readr.o)
                              C:/Program Files (x86)/Arm GNU Toolchain arm-none-eabi/13.2 Rel1/bin/../lib/gcc/arm-none-eabi/13.2.1/thumb/v8-m.main+fp/hard\libg_nano.a(libc_a-stdio.o) (_read_r)
C:/Program Files (x86)/Arm GNU Toolchain arm-none-eabi/13.2 Rel1/bin/../lib/gcc/arm-none-eabi/13.2.1/thumb/v8-m.main+fp/hard\libg_nano.a(libc_a-writer.o)
[...]
Memory Configuration

Name             Origin             Length             Attributes
ITCM             0x00000000         0x00000000         xr
DTCM             0x00000000         0x00000000         xrw
FLASH            0x00018200         0x000dfe00         xr
RAM              0x20000000         0x00040000         xrw
DATA_FLASH       0x08000000         0x00002000         xr
QSPI_FLASH       0x60000000         0x04000000         xr
OSPI_DEVICE_0    0x68000000         0x08000000         xr
OSPI_DEVICE_1    0x70000000         0x10000000         xr
OSPI_DEVICE_0_RAM 0x68000000         0x08000000         xrw
OSPI_DEVICE_1_RAM 0x70000000         0x10000000         xrw
SDRAM            0x80010000         0x00000000         xrw
OPTION_SETTING   0x0100a100         0x00000100         r
OPTION_SETTING_OFS 0x0100a100         0x00000018         r
OPTION_SETTING_SAS 0x0100a134         0x000000cc         r
OPTION_SETTING_S 0x0100a200         0x00000100         r
ID_CODE          0x00000000         0x00000000         xr
*default*        0x00000000         0xffffffff

Linker script and memory map

LOAD C:/Program Files (x86)/Arm GNU Toolchain arm-none-eabi/13.2 Rel1/bin/../lib/gcc/arm-none-eabi/13.2.1/thumb/v8-m.main+fp/hard/crti.o
LOAD C:/Program Files (x86)/Arm GNU Toolchain arm-none-eabi/13.2 Rel1/bin/../lib/gcc/arm-none-eabi/13.2.1/thumb/v8-m.main+fp/hard/crtbegin.o
LOAD C:/Program Files (x86)/Arm GNU Toolchain arm-none-eabi/13.2 Rel1/bin/../lib/gcc/arm-none-eabi/13.2.1/thumb/v8-m.main+fp/hard/rdimon-crt0.o
START GROUP
LOAD ./src/drivers/src/qspi_operations.o
LOAD ./src/drivers/src/uart_ble.o
LOAD ./src/common/src/ring_buffer.o
LOAD ./src/blinky_thread_entry.o
LOAD ./src/dsps_downloader_thread_entry.o
LOAD ./src/hal_entry.o
LOAD ./ra_gen/blinky_thread.o
LOAD ./ra_gen/common_data.o
LOAD ./ra_gen/dsps_downloader_thread.o
LOAD ./ra_gen/hal_data.o
LOAD ./ra_gen/main.o
LOAD ./ra_gen/pin_data.o
LOAD ./ra_gen/vector_data.o
LOAD ./ra/fsp/src/rm_freertos_port/port.o
LOAD ./ra/fsp/src/r_sci_uart/r_sci_uart.o
LOAD ./ra/fsp/src/r_qspi/r_qspi.o
LOAD ./ra/fsp/src/r_ioport/r_ioport.o
LOAD ./ra/fsp/src/bsp/mcu/all/bsp_clocks.o
LOAD ./ra/fsp/src/bsp/mcu/all/bsp_common.o
LOAD ./ra/fsp/src/bsp/mcu/all/bsp_delay.o
LOAD ./ra/fsp/src/bsp/mcu/all/bsp_group_irq.o
LOAD ./ra/fsp/src/bsp/mcu/all/bsp_guard.o
LOAD ./ra/fsp/src/bsp/mcu/all/bsp_io.o
LOAD ./ra/fsp/src/bsp/mcu/all/bsp_irq.o
LOAD ./ra/fsp/src/bsp/mcu/all/bsp_macl.o
LOAD ./ra/fsp/src/bsp/mcu/all/bsp_register_protection.o
LOAD ./ra/fsp/src/bsp/mcu/all/bsp_rom_registers.o
LOAD ./ra/fsp/src/bsp/mcu/all/bsp_sbrk.o
LOAD ./ra/fsp/src/bsp/mcu/all/bsp_sdram.o
LOAD ./ra/fsp/src/bsp/mcu/all/bsp_security.o
LOAD ./ra/fsp/src/bsp/cmsis/Device/RENESAS/Source/startup.o
LOAD ./ra/fsp/src/bsp/cmsis/Device/RENESAS/Source/system.o
LOAD ./ra/board/ra6m4_ek/board_init.o
LOAD ./ra/board/ra6m4_ek/board_leds.o
LOAD ./ra/aws/FreeRTOS/FreeRTOS/Source/portable/MemMang/heap_4.o
LOAD ./ra/aws/FreeRTOS/FreeRTOS/Source/event_groups.o
LOAD ./ra/aws/FreeRTOS/FreeRTOS/Source/list.o
LOAD ./ra/aws/FreeRTOS/FreeRTOS/Source/queue.o
LOAD ./ra/aws/FreeRTOS/FreeRTOS/Source/stream_buffer.o
LOAD ./ra/aws/FreeRTOS/FreeRTOS/Source/tasks.o
LOAD ./ra/aws/FreeRTOS/FreeRTOS/Source/timers.o
END GROUP
START GROUP
LOAD C:/Program Files (x86)/Arm GNU Toolchain arm-none-eabi/13.2 Rel1/bin/../lib/gcc/arm-none-eabi/13.2.1/thumb/v8-m.main+fp/hard\libgcc.a
LOAD C:/Program Files (x86)/Arm GNU Toolchain arm-none-eabi/13.2 Rel1/bin/../lib/gcc/arm-none-eabi/13.2.1/thumb/v8-m.main+fp/hard\libg_nano.a
LOAD C:/Program Files (x86)/Arm GNU Toolchain arm-none-eabi/13.2 Rel1/bin/../lib/gcc/arm-none-eabi/13.2.1/thumb/v8-m.main+fp/hard\libc_nano.a
END GROUP
START GROUP
LOAD C:/Program Files (x86)/Arm GNU Toolchain arm-none-eabi/13.2 Rel1/bin/../lib/gcc/arm-none-eabi/13.2.1/thumb/v8-m.main+fp/hard\libgcc.a
LOAD C:/Program Files (x86)/Arm GNU Toolchain arm-none-eabi/13.2 Rel1/bin/../lib/gcc/arm-none-eabi/13.2.1/thumb/v8-m.main+fp/hard\libc_nano.a
LOAD C:/Program Files (x86)/Arm GNU Toolchain arm-none-eabi/13.2 Rel1/bin/../lib/gcc/arm-none-eabi/13.2.1/thumb/v8-m.main+fp/hard\librdimon_nano.a
END GROUP
START GROUP
LOAD C:/Program Files (x86)/Arm GNU Toolchain arm-none-eabi/13.2 Rel1/bin/../lib/gcc/arm-none-eabi/13.2.1/thumb/v8-m.main+fp/hard\libgcc.a
LOAD C:/Program Files (x86)/Arm GNU Toolchain arm-none-eabi/13.2 Rel1/bin/../lib/gcc/arm-none-eabi/13.2.1/thumb/v8-m.main+fp/hard\libc_nano.a
LOAD C:/Program Files (x86)/Arm GNU Toolchain arm-none-eabi/13.2 Rel1/bin/../lib/gcc/arm-none-eabi/13.2.1/thumb/v8-m.main+fp/hard\librdimon_nano.a
END GROUP
LOAD C:/Program Files (x86)/Arm GNU Toolchain arm-none-eabi/13.2 Rel1/bin/../lib/gcc/arm-none-eabi/13.2.1/thumb/v8-m.main+fp/hard/crtend.o
LOAD C:/Program Files (x86)/Arm GNU Toolchain arm-none-eabi/13.2 Rel1/bin/../lib/gcc/arm-none-eabi/13.2.1/thumb/v8-m.main+fp/hard/crtn.o
                0x20000000                        RAM_START = 0x20000000
                0x00040000                        RAM_LENGTH = 0x40000
                0x00000000                        FLASH_START = 0x0
                0x00100000                        FLASH_LENGTH = 0x100000
                0x08000000                        DATA_FLASH_START = 0x8000000
                0x00002000                        DATA_FLASH_LENGTH = 0x2000
                0x0100a100                        OPTION_SETTING_START = 0x100a100
                0x00000100                        OPTION_SETTING_LENGTH = 0x100
                0x0100a200                        OPTION_SETTING_S_START = 0x100a200
                0x00000100                        OPTION_SETTING_S_LENGTH = 0x100
                0x00000000                        ID_CODE_START = 0x0
                0x00000000                        ID_CODE_LENGTH = 0x0
                0x80010000                        SDRAM_START = 0x80010000
                0x00000000                        SDRAM_LENGTH = 0x0
                0x60000000                        QSPI_FLASH_START = 0x60000000
                0x04000000                        QSPI_FLASH_LENGTH = 0x4000000
                0x68000000                        OSPI_DEVICE_0_START = 0x68000000
                0x08000000                        OSPI_DEVICE_0_LENGTH = 0x8000000
                0x70000000                        OSPI_DEVICE_1_START = 0x70000000
                0x10000000                        OSPI_DEVICE_1_LENGTH = 0x10000000
                0x00000001                        FSP_BOOTABLE_IMAGE = 0x1
                0x20040000                        RAM_NS_START = 0x20040000
                0x000f8000                        FLASH_NS_START = 0xf8000
                0x000f8000                        FLASH_IMAGE_END = 0xf8000
                0x000f8000                        FLASH_NS_IMAGE_START = 0xf8000
                0x000f8000                        FLASH_NSC_START = 0xf8000
                0x20040000                        RAM_NSC_START = 0x20040000
                0x000dfe00                        FLASH_IMAGE_LENGTH = 0xdfe00
                0x001d8000                        XIP_SECONDARY_FLASH_IMAGE_END = 0x1d8000
                0x000f8200                        XIP_SECONDARY_FLASH_IMAGE_START = 0xf8200
                0x00018200                        FLASH_IMAGE_START = 0x18200
                0x04000000                        QSPI_FLASH_PRV_LENGTH = DEFINED (QSPI_FLASH_SIZE)?ABSOLUTE (QSPI_FLASH_SIZE):ABSOLUTE (QSPI_FLASH_LENGTH)
                0x08000000                        OSPI_DEVICE_0_PRV_LENGTH = DEFINED (OSPI_DEVICE_0_SIZE)?ABSOLUTE (OSPI_DEVICE_0_SIZE):ABSOLUTE (OSPI_DEVICE_0_LENGTH)
                0x10000000                        OSPI_DEVICE_1_PRV_LENGTH = DEFINED (OSPI_DEVICE_1_SIZE)?ABSOLUTE (OSPI_DEVICE_1_SIZE):ABSOLUTE (OSPI_DEVICE_1_LENGTH)
                0x00000000                        __RESERVE_NS_RAM = ((! (DEFINED (PROJECT_NONSECURE)) && DEFINED (RAM_NS_BUFFER_LENGTH)) && (OPTION_SETTING_S_LENGTH != 0x0))
                0x00000000                        ITCM_START = DEFINED (ITCM_START)?ITCM_START:0x0
                0x00000000                        ITCM_LENGTH = DEFINED (ITCM_LENGTH)?ITCM_LENGTH:0x0
                0x00000000                        DTCM_START = DEFINED (DTCM_START)?DTCM_START:0x0
                0x00000000                        DTCM_LENGTH = DEFINED (DTCM_LENGTH)?DTCM_LENGTH:0x0
                0x00000000                        RAM_NS_BUFFER_BLOCK_LENGTH = DEFINED (RAM_NS_BUFFER_LENGTH)?ALIGN (RAM_NS_BUFFER_LENGTH, 0x2000):0x0
                0x00000000                        RAM_NS_BUFFER_LENGTH = DEFINED (RAM_NS_BUFFER_LENGTH)?RAM_NS_BUFFER_LENGTH:0x0
                0x20040000                        RAM_NS_BUFFER_START = ((RAM_START + RAM_LENGTH) - RAM_NS_BUFFER_LENGTH)
                0x20040000                        RAM_NS_BUFFER_BLOCK_START = ((RAM_START + RAM_LENGTH) - RAM_NS_BUFFER_BLOCK_LENGTH)
                0x0100a180                        OPTION_SETTING_START_NS = DEFINED (PROJECT_NONSECURE)?OPTION_SETTING_START:(OPTION_SETTING_START + 0x80)
                0x00000001                        __bl_FSP_BOOTABLE_IMAGE = 0x1
                0x00000001                        __bln_FSP_BOOTABLE_IMAGE = 0x1
                0x00000000                        PROJECT_SECURE_OR_FLAT = (((! (DEFINED (PROJECT_NONSECURE)) || DEFINED (PROJECT_SECURE)) && OPTION_SETTING_LENGTH) && ! (DEFINED (FSP_BOOTABLE_IMAGE)))
                0x00000000                        USE_OPTION_SETTING_NS = (DEFINED (PROJECT_NONSECURE) && ! (DEFINED (FSP_BOOTABLE_IMAGE)))
                0x00000000                        __bl_FLASH_IMAGE_START = ! (DEFINED (FLASH_BOOTLOADER_LENGTH))?0x0:(FLASH_APPLICATION_IMAGE_NUMBER == 0x1)?((FLASH_START + FLASH_BOOTLOADER_LENGTH) + FLASH_BOOTLOADER_HEADER_LENGTH):(DEFINED (BOOTLOADER_SECONDARY_USE_QSPI) || DEFINED (BOOTLOADER_SECONDARY_USE_OSPI_B))?(((FLASH_START + FLASH_BOOTLOADER_LENGTH) + FLASH_BOOTLOADER_SCRATCH_LENGTH) + FLASH_BOOTLOADER_HEADER_LENGTH):((((FLASH_START + FLASH_BOOTLOADER_LENGTH) + FLASH_BOOTLOADER_SCRATCH_LENGTH) + FLASH_APPLICATION_S_LENGTH) + FLASH_BOOTLOADER_HEADER_LENGTH)
                0x00000000                        __bl_FLASH_IMAGE_LENGTH = ! (DEFINED (FLASH_BOOTLOADER_LENGTH))?0x0:(FLASH_APPLICATION_S_LENGTH - FLASH_BOOTLOADER_HEADER_LENGTH)
                0x00000000                        __bl_FLASH_IMAGE_END = (__bl_FLASH_IMAGE_START + __bl_FLASH_IMAGE_LENGTH)
                0x00000000                        __bl_XIP_SECONDARY_FLASH_IMAGE_START = ! (DEFINED (FLASH_BOOTLOADER_LENGTH))?0x0:(((FLASH_START + FLASH_BOOTLOADER_LENGTH) + FLASH_APPLICATION_S_LENGTH) + FLASH_BOOTLOADER_HEADER_LENGTH)
                0x00000000                        __bl_XIP_SECONDARY_FLASH_IMAGE_END = (__bl_XIP_SECONDARY_FLASH_IMAGE_START + __bl_FLASH_IMAGE_LENGTH)
                0x00000000                        __bl_FLASH_NS_START = ! (DEFINED (FLASH_BOOTLOADER_LENGTH))?0x0:(FLASH_APPLICATION_NS_LENGTH == 0x0)?__bl_FLASH_IMAGE_END:((__bl_FLASH_IMAGE_START - FLASH_BOOTLOADER_HEADER_LENGTH) + FLASH_APPLICATION_S_LENGTH)
                0x00000000                        __bl_FLASH_NSC_START = ! (DEFINED (FLASH_BOOTLOADER_LENGTH))?0x0:(FLASH_APPLICATION_NS_LENGTH == 0x0)?__bl_FLASH_IMAGE_END:(__bl_FLASH_IMAGE_END - FLASH_APPLICATION_NSC_LENGTH)
                0x00000000                        __bl_RAM_NS_START = ! (DEFINED (FLASH_BOOTLOADER_LENGTH))?0x0:(FLASH_APPLICATION_NS_LENGTH == 0x0)?(RAM_START + RAM_LENGTH):((RAM_START + RAM_LENGTH) - RAM_APPLICATION_NS_LENGTH)
                0x00000000                        __bl_RAM_NSC_START = ! (DEFINED (FLASH_BOOTLOADER_LENGTH))?0x0:(FLASH_APPLICATION_NS_LENGTH == 0x0)?(RAM_START + RAM_LENGTH):(__bl_RAM_NS_START - RAM_APPLICATION_NSC_LENGTH)
                0x00000000                        __bl_FLASH_NS_IMAGE_START = ! (DEFINED (FLASH_BOOTLOADER_LENGTH))?0x0:(FLASH_APPLICATION_NS_LENGTH == 0x0)?__bl_FLASH_IMAGE_END:(__bl_FLASH_NS_START + FLASH_BOOTLOADER_HEADER_LENGTH_2)
                0x00000000                        __bln_FLASH_IMAGE_START = (__bl_FLASH_NS_IMAGE_START | ! (DEFINED (NS_OFFSET_START))?0x0:NS_OFFSET_START)
                0x00000000                        __bln_FLASH_IMAGE_LENGTH = ! (DEFINED (FLASH_BOOTLOADER_LENGTH))?0x0:(FLASH_APPLICATION_NS_LENGTH == 0x0)?__bl_FLASH_IMAGE_END:(FLASH_APPLICATION_NS_LENGTH - FLASH_BOOTLOADER_HEADER_LENGTH_2)
                0x00000000                        XIP_SECONDARY_SLOT_IMAGE = DEFINED (XIP_SECONDARY_SLOT_IMAGE)?XIP_SECONDARY_SLOT_IMAGE:0x0
                0x00018200                        FLASH_ORIGIN = ! (DEFINED (FLASH_IMAGE_START))?FLASH_START:(XIP_SECONDARY_SLOT_IMAGE == 0x1)?XIP_SECONDARY_FLASH_IMAGE_START:FLASH_IMAGE_START
                0x000dfe00                        LIMITED_FLASH_LENGTH = DEFINED (FLASH_IMAGE_LENGTH)?FLASH_IMAGE_LENGTH:DEFINED (FLASH_BOOTLOADER_LENGTH)?FLASH_BOOTLOADER_LENGTH:FLASH_LENGTH
                0x00000034                        OPTION_SETTING_SAS_SIZE = 0x34
                0x000000cc                        OPTION_SETTING_SAS_LENGTH = ! (DEFINED (OPTION_SETTING_LENGTH))?0x0:(OPTION_SETTING_LENGTH == 0x0)?0x0:(OPTION_SETTING_LENGTH - OPTION_SETTING_SAS_SIZE)
START GROUP
LOAD C:/Program Files (x86)/Arm GNU Toolchain arm-none-eabi/13.2 Rel1/bin/../lib/gcc/arm-none-eabi/13.2.1/thumb/v8-m.main+fp/hard\libgcc.a
LOAD C:/Program Files (x86)/Arm GNU Toolchain arm-none-eabi/13.2 Rel1/bin/../lib/gcc/arm-none-eabi/13.2.1/thumb/v8-m.main+fp/hard\libc.a
LOAD C:/Program Files (x86)/Arm GNU Toolchain arm-none-eabi/13.2 Rel1/bin/../lib/gcc/arm-none-eabi/13.2.1/thumb/v8-m.main+fp/hard\libm.a
END GROUP

.text           0x00018200     0x590c
                0x00000000                        __tz_FLASH_S = ABSOLUTE (FLASH_START)
                0x00018200                        __ROM_Start = .
 *(.fixed_vectors*)
 .fixed_vectors
                0x00018200       0x40 ./ra/fsp/src/bsp/cmsis/Device/RENESAS/Source/startup.o
                0x00018200                __Vectors
 *(.application_vectors*)
 .application_vectors
                0x00018240      0x180 ./ra_gen/vector_data.o
                0x00018240                g_vector_table
                0x000183c0                        __Vectors_End = .
 *(.flash_gap*)
                0x000183c0                        . = (OPTION_SETTING_LENGTH > 0x0)?.:(__ROM_Start + 0x400)
 *(.rom_registers*)
 *(.mcuboot_sce9_key*)
 *(.text*)
 .text.deregister_tm_clones
                0x000183c0       0x1c C:/Program Files (x86)/Arm GNU Toolchain arm-none-eabi/13.2 Rel1/bin/../lib/gcc/arm-none-eabi/13.2.1/thumb/v8-m.main+fp/hard/crtbegin.o
 .text.register_tm_clones
                0x000183dc       0x28 C:/Program Files (x86)/Arm GNU Toolchain arm-none-eabi/13.2 Rel1/bin/../lib/gcc/arm-none-eabi/13.2.1/thumb/v8-m.main+fp/hard/crtbegin.o
 .text.__do_global_dtors_aux
                0x00018404       0x28 C:/Program Files (x86)/Arm GNU Toolchain arm-none-eabi/13.2 Rel1/bin/../lib/gcc/arm-none-eabi/13.2.1/thumb/v8-m.main+fp/hard/crtbegin.o
 .text.frame_dummy
                0x0001842c       0x24 C:/Program Files (x86)/Arm GNU Toolchain arm-none-eabi/13.2 Rel1/bin/../lib/gcc/arm-none-eabi/13.2.1/thumb/v8-m.main+fp/hard/crtbegin.o
 .text.wait_for_flash_op_complete
                0x00018450       0x20 ./src/drivers/src/qspi_operations.o
 .text.qspi_op_deinit
                0x00018470       0x38 ./src/drivers/src/qspi_operations.o
                0x00018470                qspi_op_deinit
 .text.qspi_op_get_flash_status
                0x000184a8       0x38 ./src/drivers/src/qspi_operations.o
                0x000184a8                qspi_op_get_flash_status
 .text.qspi_op_init
                0x000184e0       0x98 ./src/drivers/src/qspi_operations.o
                0x000184e0                qspi_op_init
 .text.qspi_op_flash_erase_sectors
                0x00018578       0x64 ./src/drivers/src/qspi_operations.o
                0x00018578                qspi_op_flash_erase_sectors
 .text.qspi_op_flash_write_data
                0x000185dc       0x1c ./src/drivers/src/qspi_operations.o
                0x000185dc                qspi_op_flash_write_data
 .text.vApplicationIdleHook
                0x000185f8       0x40 ./src/drivers/src/qspi_operations.o
                0x000185f8                vApplicationIdleHook
 .text.rb_hwmk_cb
                0x00018638       0x34 ./src/drivers/src/uart_ble.o
 .text.rb_image_page_size_available_cb
                0x0001866c       0x3c ./src/drivers/src/uart_ble.o
 .text.uart_ble_init
                0x000186a8       0x74 ./src/drivers/src/uart_ble.o
                0x000186a8                uart_ble_init
 .text.uart_ble_get_data
                0x0001871c       0x14 ./src/drivers/src/uart_ble.o
                0x0001871c                uart_ble_get_data
 .text.uart_ble_data_consumed
                0x00018730       0x5c ./src/drivers/src/uart_ble.o
                0x00018730                uart_ble_data_consumed
 .text.uart_ble_get_data_available
                0x0001878c       0x10 ./src/drivers/src/uart_ble.o
                0x0001878c                uart_ble_get_data_available
 .text.uart_ble_flash_ready_for_data
                0x0001879c       0x2c ./src/drivers/src/uart_ble.o
                0x0001879c                uart_ble_flash_ready_for_data
 .text.uart_ble_printf
                0x000187c8       0x50 ./src/drivers/src/uart_ble.o
                0x000187c8                uart_ble_printf
 .text.uart_ble_sci_uart_rxi_isr
                0x00018818      0x1e4 ./src/drivers/src/uart_ble.o
                0x00018818                uart_ble_sci_uart_rxi_isr
 .text.uart_cb_empty
                0x000189fc        0x2 ./src/drivers/src/uart_ble.o
                0x000189fc                uart_cb_empty
 .text.ring_buffer_init
                0x000189fe       0x1a ./src/common/src/ring_buffer.o
                0x000189fe                ring_buffer_init
 .text.ring_buffer_is_full
                0x00018a18       0x1c ./src/common/src/ring_buffer.o
                0x00018a18                ring_buffer_is_full
 .text.ring_buffer_count
                0x00018a34       0x10 ./src/common/src/ring_buffer.o
                0x00018a34                ring_buffer_count
 .text.ring_buffer_get_task
                0x00018a44       0x66 ./src/common/src/ring_buffer.o
                0x00018a44                ring_buffer_get_task
 .text.ring_buffer_put_isr
                0x00018aaa       0x3e ./src/common/src/ring_buffer.o
                0x00018aaa                ring_buffer_put_isr
 .text.ring_buffer_set_min_bytes_callback
                0x00018ae8        0xc ./src/common/src/ring_buffer.o
                0x00018ae8                ring_buffer_set_min_bytes_callback
 .text.ring_buffer_set_high_watermark_callback
                0x00018af4       0x10 ./src/common/src/ring_buffer.o
                0x00018af4                ring_buffer_set_high_watermark_callback
 .text.ring_buffer_check_callbacks
                0x00018b04       0x52 ./src/common/src/ring_buffer.o
                0x00018b04                ring_buffer_check_callbacks
 *fill*         0x00018b56        0x2 ff
 .text.blinky_thread_entry
                0x00018b58       0xa0 ./src/blinky_thread_entry.o
                0x00018b58                blinky_thread_entry
 .text.dsps_downloader_thread_entry
                0x00018bf8      0x110 ./src/dsps_downloader_thread_entry.o
                0x00018bf8                dsps_downloader_thread_entry
 .text.R_BSP_WarmStart
                0x00018d08       0x1c ./src/hal_entry.o
                0x00018d08                R_BSP_WarmStart
 .text.blinky_thread_func
                0x00018d24       0x10 ./ra_gen/blinky_thread.o
 .text.blinky_thread_create
                0x00018d34       0x58 ./ra_gen/blinky_thread.o
                0x00018d34                blinky_thread_create
 .text.g_common_init
                0x00018d8c       0x60 ./ra_gen/common_data.o
                0x00018d8c                g_common_init
 .text.dsps_downloader_thread_func
                0x00018dec       0x10 ./ra_gen/dsps_downloader_thread.o
 .text.dsps_downloader_thread_create
                0x00018dfc       0x58 ./ra_gen/dsps_downloader_thread.o
                0x00018dfc                dsps_downloader_thread_create
 .text.g_hal_init
                0x00018e54        0x8 ./ra_gen/hal_data.o
                0x00018e54                g_hal_init
 .text.rtos_startup_err_callback_internal
                0x00018e5c        0x4 ./ra_gen/main.o
                0x00018e5c                rtos_startup_err_callback
                0x00018e5c                rtos_startup_err_callback_internal
 .text.rtos_startup_common_init
                0x00018e60       0x74 ./ra_gen/main.o
                0x00018e60                rtos_startup_common_init
 .text.main     0x00018ed4       0x48 ./ra_gen/main.o
                0x00018ed4                main
 .text.vApplicationGetIdleTaskMemory
                0x00018f1c       0x18 ./ra_gen/main.o
                0x00018f1c                vApplicationGetIdleTaskMemory
 .text.vApplicationGetTimerTaskMemory
                0x00018f34       0x18 ./ra_gen/main.o
                0x00018f34                vApplicationGetTimerTaskMemory
 .text.prvTaskExitError
                0x00018f4c        0x4 ./ra/fsp/src/rm_freertos_port/port.o
 .text.SVC_Handler
                0x00018f50       0x18 ./ra/fsp/src/rm_freertos_port/port.o
                0x00018f50                SVC_Handler
 .text.PendSV_Handler
                0x00018f68       0x44 ./ra/fsp/src/rm_freertos_port/port.o
                0x00018f68                PendSV_Handler
 .text.rm_freertos_port_restore_task_stackless
                0x00018fac       0x24 ./ra/fsp/src/rm_freertos_port/port.o
                0x00018fac                rm_freertos_port_restore_task_stackless
 .text.SysTick_Handler
                0x00018fd0       0x24 ./ra/fsp/src/rm_freertos_port/port.o
                0x00018fd0                SysTick_Handler
 .text.vPortSVCHandler_C
                0x00018ff4       0x34 ./ra/fsp/src/rm_freertos_port/port.o
                0x00018ff4                vPortSVCHandler_C
 .text.pxPortInitialiseStack
                0x00019028       0x34 ./ra/fsp/src/rm_freertos_port/port.o
                0x00019028                pxPortInitialiseStack
 .text.vPortEnterCritical
                0x0001905c       0x50 ./ra/fsp/src/rm_freertos_port/port.o
                0x0001905c                vPortEnterCritical
 .text.vPortExitCritical
                0x000190ac       0x3c ./ra/fsp/src/rm_freertos_port/port.o
                0x000190ac                vPortExitCritical
 .text.vPortSetupTimerInterrupt
                0x000190e8       0x38 ./ra/fsp/src/rm_freertos_port/port.o
                0x000190e8                vPortSetupTimerInterrupt
 .text.xPortStartScheduler
                0x00019120       0x3c ./ra/fsp/src/rm_freertos_port/port.o
                0x00019120                xPortStartScheduler
 .text.vPortValidateInterruptPriority
                0x0001915c       0x5c ./ra/fsp/src/rm_freertos_port/port.o
                0x0001915c                vPortValidateInterruptPriority
 .text.R_SCI_UART_Write
                0x000191b8       0x54 ./ra/fsp/src/r_sci_uart/r_sci_uart.o
                0x000191b8                R_SCI_UART_Write
 .text.r_sci_irq_cfg
                0x0001920c       0x54 ./ra/fsp/src/r_sci_uart/r_sci_uart.o
 .text.r_sci_uart_call_callback
                0x00019260       0x46 ./ra/fsp/src/r_sci_uart/r_sci_uart.o
 *fill*         0x000192a6        0x2 ff
 .text.R_SCI_UART_Open
                0x000192a8      0x368 ./ra/fsp/src/r_sci_uart/r_sci_uart.o
                0x000192a8                R_SCI_UART_Open
 .text.sci_uart_txi_isr
                0x00019610       0xfc ./ra/fsp/src/r_sci_uart/r_sci_uart.o
                0x00019610                sci_uart_txi_isr
 .text.sci_uart_tei_isr
                0x0001970c       0x48 ./ra/fsp/src/r_sci_uart/r_sci_uart.o
                0x0001970c                sci_uart_tei_isr
 .text.sci_uart_eri_isr
                0x00019754       0x80 ./ra/fsp/src/r_sci_uart/r_sci_uart.o
                0x00019754                sci_uart_eri_isr
 .text.R_QSPI_Erase
                0x000197d4       0xae ./ra/fsp/src/r_qspi/r_qspi.o
                0x000197d4                R_QSPI_Erase
 *fill*         0x00019882        0x2 ff
 .text.R_QSPI_Close
                0x00019884       0x28 ./ra/fsp/src/r_qspi/r_qspi.o
                0x00019884                R_QSPI_Close
 .text.R_QSPI_StatusGet
                0x000198ac       0x28 ./ra/fsp/src/r_qspi/r_qspi.o
                0x000198ac                R_QSPI_StatusGet
 .text.R_QSPI_DirectWrite
                0x000198d4       0x3a ./ra/fsp/src/r_qspi/r_qspi.o
                0x000198d4                R_QSPI_DirectWrite
 *fill*         0x0001990e        0x2 ff
 .text.R_QSPI_Open
                0x00019910       0x8c ./ra/fsp/src/r_qspi/r_qspi.o
                0x00019910                R_QSPI_Open
 .text.R_QSPI_Write
                0x0001999c       0x74 ./ra/fsp/src/r_qspi/r_qspi.o
                0x0001999c                R_QSPI_Write
 .text.R_IOPORT_Close
                0x00019a10        0x8 ./ra/fsp/src/r_ioport/r_ioport.o
                0x00019a10                R_IOPORT_Close
 .text.R_IOPORT_PinRead
                0x00019a18       0x1c ./ra/fsp/src/r_ioport/r_ioport.o
                0x00019a18                R_IOPORT_PinRead
 .text.R_IOPORT_PortRead
                0x00019a34       0x14 ./ra/fsp/src/r_ioport/r_ioport.o
                0x00019a34                R_IOPORT_PortRead
 .text.R_IOPORT_PortWrite
                0x00019a48       0x1c ./ra/fsp/src/r_ioport/r_ioport.o
                0x00019a48                R_IOPORT_PortWrite
 .text.R_IOPORT_PinWrite
                0x00019a64       0x28 ./ra/fsp/src/r_ioport/r_ioport.o
                0x00019a64                R_IOPORT_PinWrite
 .text.R_IOPORT_PortDirectionSet
                0x00019a8c       0x26 ./ra/fsp/src/r_ioport/r_ioport.o
                0x00019a8c                R_IOPORT_PortDirectionSet
 .text.R_IOPORT_PortEventInputRead
                0x00019ab2       0x18 ./ra/fsp/src/r_ioport/r_ioport.o
                0x00019ab2                R_IOPORT_PortEventInputRead
 .text.R_IOPORT_PinEventInputRead
                0x00019aca       0x28 ./ra/fsp/src/r_ioport/r_ioport.o
                0x00019aca                R_IOPORT_PinEventInputRead
 .text.R_IOPORT_PortEventOutputWrite
                0x00019af2       0x1c ./ra/fsp/src/r_ioport/r_ioport.o
                0x00019af2                R_IOPORT_PortEventOutputWrite
 .text.R_IOPORT_PinEventOutputWrite
                0x00019b0e       0x2a ./ra/fsp/src/r_ioport/r_ioport.o
                0x00019b0e                R_IOPORT_PinEventOutputWrite
 .text.r_ioport_pfs_write
                0x00019b38       0x40 ./ra/fsp/src/r_ioport/r_ioport.o
 .text.bsp_vbatt_init
                0x00019b78       0xb0 ./ra/fsp/src/r_ioport/r_ioport.o
 .text.r_ioport_pins_config
                0x00019c28       0x84 ./ra/fsp/src/r_ioport/r_ioport.o
 .text.R_IOPORT_Open
                0x00019cac       0x14 ./ra/fsp/src/r_ioport/r_ioport.o
                0x00019cac                R_IOPORT_Open
 .text.R_IOPORT_PinsCfg
                0x00019cc0        0xc ./ra/fsp/src/r_ioport/r_ioport.o
                0x00019cc0                R_IOPORT_PinsCfg
 .text.R_IOPORT_PinCfg
                0x00019ccc       0x80 ./ra/fsp/src/r_ioport/r_ioport.o
                0x00019ccc                R_IOPORT_PinCfg
 .text.SystemCoreClockUpdate
                0x00019d4c       0x28 ./ra/fsp/src/bsp/mcu/all/bsp_clocks.o
                0x00019d4c                SystemCoreClockUpdate
 .text.R_BSP_SubClockStabilizeWaitAfterReset
                0x00019d74        0x2 ./ra/fsp/src/bsp/mcu/all/bsp_clocks.o
                0x00019d74                R_BSP_SubClockStabilizeWaitAfterReset
 *fill*         0x00019d76        0x2 ff
 .text.bsp_clock_init
                0x00019d78      0x180 ./ra/fsp/src/bsp/mcu/all/bsp_clocks.o
                0x00019d78                bsp_clock_init
 .text.__assert_func
                0x00019ef8        0x4 ./ra/fsp/src/bsp/mcu/all/bsp_common.o
                0x00019ef8                __assert_func
 .text.bsp_prv_software_delay_loop
                0x00019efc        0xa ./ra/fsp/src/bsp/mcu/all/bsp_delay.o
                0x00019efc                bsp_prv_software_delay_loop
 *fill*         0x00019f06        0x2 ff
 .text.R_BSP_SoftwareDelay
                0x00019f08       0x90 ./ra/fsp/src/bsp/mcu/all/bsp_delay.o
                0x00019f08                R_BSP_SoftwareDelay
 .text.NMI_Handler
                0x00019f98       0x44 ./ra/fsp/src/bsp/mcu/all/bsp_group_irq.o
                0x00019f98                NMI_Handler
 .text.bsp_irq_cfg
                0x00019fdc       0xb0 ./ra/fsp/src/bsp/mcu/all/bsp_irq.o
                0x00019fdc                bsp_irq_cfg
 .text.R_BSP_RegisterProtectEnable
                0x0001a08c       0x64 ./ra/fsp/src/bsp/mcu/all/bsp_register_protection.o
                0x0001a08c                R_BSP_RegisterProtectEnable
 .text.R_BSP_RegisterProtectDisable
                0x0001a0f0       0x58 ./ra/fsp/src/bsp/mcu/all/bsp_register_protection.o
                0x0001a0f0                R_BSP_RegisterProtectDisable
 .text._sbrk    0x0001a148       0x44 ./ra/fsp/src/bsp/mcu/all/bsp_sbrk.o
                0x0001a148                _sbrk
 .text.Default_Handler
                0x0001a18c        0x4 ./ra/fsp/src/bsp/cmsis/Device/RENESAS/Source/startup.o
                0x0001a18c                HardFault_Handler
                0x0001a18c                UsageFault_Handler
                0x0001a18c                SecureFault_Handler
                0x0001a18c                Default_Handler
                0x0001a18c                MemManage_Handler
                0x0001a18c                BusFault_Handler
                0x0001a18c                DebugMon_Handler
 .text.Reset_Handler
                0x0001a190        0xc ./ra/fsp/src/bsp/cmsis/Device/RENESAS/Source/startup.o
                0x0001a190                Reset_Handler
 .text.SystemInit
                0x0001a19c       0xdc ./ra/fsp/src/bsp/cmsis/Device/RENESAS/Source/system.o
                0x0001a19c                SystemInit
 .text.bsp_init
                0x0001a278        0x2 ./ra/board/ra6m4_ek/board_init.o
                0x0001a278                bsp_init
 *fill*         0x0001a27a        0x2 ff
 .text.prvInsertBlockIntoFreeList
                0x0001a27c       0x60 ./ra/aws/FreeRTOS/FreeRTOS/Source/portable/MemMang/heap_4.o
 .text.pvPortMalloc
                0x0001a2dc      0x13c ./ra/aws/FreeRTOS/FreeRTOS/Source/portable/MemMang/heap_4.o
                0x0001a2dc                pvPortMalloc
 .text.vPortFree
                0x0001a418       0x7c ./ra/aws/FreeRTOS/FreeRTOS/Source/portable/MemMang/heap_4.o
                0x0001a418                vPortFree
 .text.vListInitialise
                0x0001a494       0x16 ./ra/aws/FreeRTOS/FreeRTOS/Source/list.o
                0x0001a494                vListInitialise
 .text.vListInitialiseItem
                0x0001a4aa        0x6 ./ra/aws/FreeRTOS/FreeRTOS/Source/list.o
                0x0001a4aa                vListInitialiseItem
 .text.vListInsert
                0x0001a4b0       0x32 ./ra/aws/FreeRTOS/FreeRTOS/Source/list.o
                0x0001a4b0                vListInsert
 .text.uxListRemove
                0x0001a4e2       0x24 ./ra/aws/FreeRTOS/FreeRTOS/Source/list.o
                0x0001a4e2                uxListRemove
 .text.prvIsQueueEmpty
                0x0001a506       0x16 ./ra/aws/FreeRTOS/FreeRTOS/Source/queue.o
 .text.prvCopyDataToQueue
                0x0001a51c       0x76 ./ra/aws/FreeRTOS/FreeRTOS/Source/queue.o
 .text.prvCopyDataFromQueue
                0x0001a592       0x24 ./ra/aws/FreeRTOS/FreeRTOS/Source/queue.o
 .text.prvUnlockQueue
                0x0001a5b6       0x76 ./ra/aws/FreeRTOS/FreeRTOS/Source/queue.o
 .text.xQueueGenericReset
                0x0001a62c       0xb0 ./ra/aws/FreeRTOS/FreeRTOS/Source/queue.o
                0x0001a62c                xQueueGenericReset
 .text.xQueueGenericCreateStatic
                0x0001a6dc       0x84 ./ra/aws/FreeRTOS/FreeRTOS/Source/queue.o
                0x0001a6dc                xQueueGenericCreateStatic
 .text.xQueueGenericCreate
                0x0001a760       0x60 ./ra/aws/FreeRTOS/FreeRTOS/Source/queue.o
                0x0001a760                xQueueGenericCreate
 .text.xQueueCreateCountingSemaphoreStatic
                0x0001a7c0       0x3c ./ra/aws/FreeRTOS/FreeRTOS/Source/queue.o
                0x0001a7c0                xQueueCreateCountingSemaphoreStatic
 .text.xQueueGenericSend
                0x0001a7fc      0x190 ./ra/aws/FreeRTOS/FreeRTOS/Source/queue.o
                0x0001a7fc                xQueueGenericSend
 .text.prvInitialiseMutex
                0x0001a98c       0x18 ./ra/aws/FreeRTOS/FreeRTOS/Source/queue.o
 .text.xQueueCreateMutex
                0x0001a9a4       0x16 ./ra/aws/FreeRTOS/FreeRTOS/Source/queue.o
                0x0001a9a4                xQueueCreateMutex
 *fill*         0x0001a9ba        0x2 ff
 .text.xQueueReceive
                0x0001a9bc      0x164 ./ra/aws/FreeRTOS/FreeRTOS/Source/queue.o
                0x0001a9bc                xQueueReceive
 .text.xQueueSemaphoreTake
                0x0001ab20      0x1a4 ./ra/aws/FreeRTOS/FreeRTOS/Source/queue.o
                0x0001ab20                xQueueSemaphoreTake
 .text.vQueueAddToRegistry
                0x0001acc4       0x60 ./ra/aws/FreeRTOS/FreeRTOS/Source/queue.o
                0x0001acc4                vQueueAddToRegistry
 .text.vQueueWaitForMessageRestricted
                0x0001ad24       0x4e ./ra/aws/FreeRTOS/FreeRTOS/Source/queue.o
                0x0001ad24                vQueueWaitForMessageRestricted
 *fill*         0x0001ad72        0x2 ff
 .text.prvResetNextTaskUnblockTime
                0x0001ad74       0x28 ./ra/aws/FreeRTOS/FreeRTOS/Source/tasks.o
 .text.prvInitialiseNewTask
                0x0001ad9c       0x98 ./ra/aws/FreeRTOS/FreeRTOS/Source/tasks.o
 .text.prvAddNewTaskToReadyList
                0x0001ae34      0x118 ./ra/aws/FreeRTOS/FreeRTOS/Source/tasks.o
 .text.prvDeleteTCB
                0x0001af4c       0x44 ./ra/aws/FreeRTOS/FreeRTOS/Source/tasks.o
 .text.prvAddCurrentTaskToDelayedList
                0x0001af90       0xb4 ./ra/aws/FreeRTOS/FreeRTOS/Source/tasks.o
 .text.prvIdleTask
                0x0001b044       0x6c ./ra/aws/FreeRTOS/FreeRTOS/Source/tasks.o
 .text.xTaskCreateStatic
                0x0001b0b0       0x9c ./ra/aws/FreeRTOS/FreeRTOS/Source/tasks.o
                0x0001b0b0                xTaskCreateStatic
 .text.vTaskStartScheduler
                0x0001b14c       0x90 ./ra/aws/FreeRTOS/FreeRTOS/Source/tasks.o
                0x0001b14c                vTaskStartScheduler
 .text.vTaskSuspendAll
                0x0001b1dc       0x10 ./ra/aws/FreeRTOS/FreeRTOS/Source/tasks.o
                0x0001b1dc                vTaskSuspendAll
 .text.xTaskGetTickCount
                0x0001b1ec        0xc ./ra/aws/FreeRTOS/FreeRTOS/Source/tasks.o
                0x0001b1ec                xTaskGetTickCount
 .text.xTaskIncrementTick
                0x0001b1f8      0x1b8 ./ra/aws/FreeRTOS/FreeRTOS/Source/tasks.o
                0x0001b1f8                xTaskIncrementTick
 .text.xTaskResumeAll
                0x0001b3b0      0x1a8 ./ra/aws/FreeRTOS/FreeRTOS/Source/tasks.o
                0x0001b3b0                xTaskResumeAll
 .text.vTaskDelay
                0x0001b558       0x54 ./ra/aws/FreeRTOS/FreeRTOS/Source/tasks.o
                0x0001b558                vTaskDelay
 .text.vTaskSwitchContext
                0x0001b5ac       0xa8 ./ra/aws/FreeRTOS/FreeRTOS/Source/tasks.o
                0x0001b5ac                vTaskSwitchContext
 .text.vTaskPlaceOnEventList
                0x0001b654       0x38 ./ra/aws/FreeRTOS/FreeRTOS/Source/tasks.o
                0x0001b654                vTaskPlaceOnEventList
 .text.vTaskPlaceOnEventListRestricted
                0x0001b68c       0x5c ./ra/aws/FreeRTOS/FreeRTOS/Source/tasks.o
                0x0001b68c                vTaskPlaceOnEventListRestricted
 .text.xTaskRemoveFromEventList
                0x0001b6e8       0xf0 ./ra/aws/FreeRTOS/FreeRTOS/Source/tasks.o
                0x0001b6e8                xTaskRemoveFromEventList
 .text.vTaskInternalSetTimeOutState
                0x0001b7d8       0x18 ./ra/aws/FreeRTOS/FreeRTOS/Source/tasks.o
                0x0001b7d8                vTaskInternalSetTimeOutState
 .text.xTaskCheckForTimeOut
                0x0001b7f0       0x90 ./ra/aws/FreeRTOS/FreeRTOS/Source/tasks.o
                0x0001b7f0                xTaskCheckForTimeOut
 .text.vTaskMissedYield
                0x0001b880        0xc ./ra/aws/FreeRTOS/FreeRTOS/Source/tasks.o
                0x0001b880                vTaskMissedYield
 .text.xTaskGetCurrentTaskHandle
                0x0001b88c        0xc ./ra/aws/FreeRTOS/FreeRTOS/Source/tasks.o
                0x0001b88c                xTaskGetCurrentTaskHandle
 .text.xTaskGetSchedulerState
                0x0001b898       0x20 ./ra/aws/FreeRTOS/FreeRTOS/Source/tasks.o
                0x0001b898                xTaskGetSchedulerState
 .text.xTaskPriorityInherit
                0x0001b8b8       0xb0 ./ra/aws/FreeRTOS/FreeRTOS/Source/tasks.o
                0x0001b8b8                xTaskPriorityInherit
 .text.xTaskPriorityDisinherit
                0x0001b968       0xb4 ./ra/aws/FreeRTOS/FreeRTOS/Source/tasks.o
                0x0001b968                xTaskPriorityDisinherit
 .text.vTaskPriorityDisinheritAfterTimeout
                0x0001ba1c       0xc4 ./ra/aws/FreeRTOS/FreeRTOS/Source/tasks.o
                0x0001ba1c                vTaskPriorityDisinheritAfterTimeout
 .text.pvTaskIncrementMutexHeldCount
                0x0001bae0       0x1c ./ra/aws/FreeRTOS/FreeRTOS/Source/tasks.o
                0x0001bae0                pvTaskIncrementMutexHeldCount
 .text.xTaskGenericNotifyWait
                0x0001bafc       0xb8 ./ra/aws/FreeRTOS/FreeRTOS/Source/tasks.o
                0x0001bafc                xTaskGenericNotifyWait
 .text.xTaskGenericNotify
                0x0001bbb4      0x14c ./ra/aws/FreeRTOS/FreeRTOS/Source/tasks.o
                0x0001bbb4                xTaskGenericNotify
 .text.xTaskGenericNotifyFromISR
                0x0001bd00      0x180 ./ra/aws/FreeRTOS/FreeRTOS/Source/tasks.o
                0x0001bd00                xTaskGenericNotifyFromISR
 .text.prvInsertTimerInActiveList
                0x0001be80       0x48 ./ra/aws/FreeRTOS/FreeRTOS/Source/timers.o
 .text.prvReloadTimer
                0x0001bec8       0x28 ./ra/aws/FreeRTOS/FreeRTOS/Source/timers.o
 .text.prvProcessExpiredTimer
                0x0001bef0       0x40 ./ra/aws/FreeRTOS/FreeRTOS/Source/timers.o
 .text.prvSampleTimeNow
                0x0001bf30       0x58 ./ra/aws/FreeRTOS/FreeRTOS/Source/timers.o
 .text.prvTimerTask
                0x0001bf88      0x180 ./ra/aws/FreeRTOS/FreeRTOS/Source/timers.o
 .text.prvCheckForValidListAndQueue
                0x0001c108       0x70 ./ra/aws/FreeRTOS/FreeRTOS/Source/timers.o
 .text.xTimerCreateTimerTask
                0x0001c178       0x6c ./ra/aws/FreeRTOS/FreeRTOS/Source/timers.o
                0x0001c178                xTimerCreateTimerTask
 .text._vsprintf_r
                0x0001c1e4       0x2c C:/Program Files (x86)/Arm GNU Toolchain arm-none-eabi/13.2 Rel1/bin/../lib/gcc/arm-none-eabi/13.2.1/thumb/v8-m.main+fp/hard\libg_nano.a(libc_a-vsprintf.o)
                0x0001c1e4                _vsprintf_r
                0x0001c1e4                _vsiprintf_r
 .text.vsprintf
                0x0001c210       0x14 C:/Program Files (x86)/Arm GNU Toolchain arm-none-eabi/13.2 Rel1/bin/../lib/gcc/arm-none-eabi/13.2.1/thumb/v8-m.main+fp/hard\libg_nano.a(libc_a-vsprintf.o)
                0x0001c210                vsiprintf
                0x0001c210                vsprintf
 .text.memset   0x0001c224       0x10 C:/Program Files (x86)/Arm GNU Toolchain arm-none-eabi/13.2 Rel1/bin/../lib/gcc/arm-none-eabi/13.2.1/thumb/v8-m.main+fp/hard\libg_nano.a(libc_a-memset.o)
                0x0001c224                memset
 .text.__errno  0x0001c234        0xc C:/Program Files (x86)/Arm GNU Toolchain arm-none-eabi/13.2 Rel1/bin/../lib/gcc/arm-none-eabi/13.2.1/thumb/v8-m.main+fp/hard\libg_nano.a(libc_a-errno.o)
                0x0001c234                __errno
 .text.__retarget_lock_acquire_recursive
                0x0001c240        0x2 C:/Program Files (x86)/Arm GNU Toolchain arm-none-eabi/13.2 Rel1/bin/../lib/gcc/arm-none-eabi/13.2.1/thumb/v8-m.main+fp/hard\libg_nano.a(libc_a-lock.o)
                0x0001c240                __retarget_lock_acquire_recursive
 .text.__retarget_lock_release_recursive
                0x0001c242        0x2 C:/Program Files (x86)/Arm GNU Toolchain arm-none-eabi/13.2 Rel1/bin/../lib/gcc/arm-none-eabi/13.2.1/thumb/v8-m.main+fp/hard\libg_nano.a(libc_a-lock.o)
                0x0001c242                __retarget_lock_release_recursive
 .text.memcpy   0x0001c244       0x1a C:/Program Files (x86)/Arm GNU Toolchain arm-none-eabi/13.2 Rel1/bin/../lib/gcc/arm-none-eabi/13.2.1/thumb/v8-m.main+fp/hard\libg_nano.a(libc_a-memcpy-stub.o)
                0x0001c244                memcpy
 *fill*         0x0001c25e        0x2 ff
 .text._free_r  0x0001c260       0x94 C:/Program Files (x86)/Arm GNU Toolchain arm-none-eabi/13.2 Rel1/bin/../lib/gcc/arm-none-eabi/13.2.1/thumb/v8-m.main+fp/hard\libg_nano.a(libc_a-freer.o)
                0x0001c260                _free_r
 .text.sbrk_aligned
                0x0001c2f4       0x44 C:/Program Files (x86)/Arm GNU Toolchain arm-none-eabi/13.2 Rel1/bin/../lib/gcc/arm-none-eabi/13.2.1/thumb/v8-m.main+fp/hard\libg_nano.a(libc_a-mallocr.o)
 .text._malloc_r
                0x0001c338      0x100 C:/Program Files (x86)/Arm GNU Toolchain arm-none-eabi/13.2 Rel1/bin/../lib/gcc/arm-none-eabi/13.2.1/thumb/v8-m.main+fp/hard\libg_nano.a(libc_a-mallocr.o)
                0x0001c338                _malloc_r
 .text.__malloc_lock
                0x0001c438        0xc C:/Program Files (x86)/Arm GNU Toolchain arm-none-eabi/13.2 Rel1/bin/../lib/gcc/arm-none-eabi/13.2.1/thumb/v8-m.main+fp/hard\libg_nano.a(libc_a-mlock.o)
                0x0001c438                __malloc_lock
 .text.__malloc_unlock
                0x0001c444        0xc C:/Program Files (x86)/Arm GNU Toolchain arm-none-eabi/13.2 Rel1/bin/../lib/gcc/arm-none-eabi/13.2.1/thumb/v8-m.main+fp/hard\libg_nano.a(libc_a-mlock.o)
                0x0001c444                __malloc_unlock
 .text.__ssputs_r
                0x0001c450       0xb6 C:/Program Files (x86)/Arm GNU Toolchain arm-none-eabi/13.2 Rel1/bin/../lib/gcc/arm-none-eabi/13.2.1/thumb/v8-m.main+fp/hard\libg_nano.a(libc_a-nano-svfprintf.o)
                0x0001c450                __ssputs_r
 *fill*         0x0001c506        0x2 ff
 .text._svfprintf_r
                0x0001c508      0x1f8 C:/Program Files (x86)/Arm GNU Toolchain arm-none-eabi/13.2 Rel1/bin/../lib/gcc/arm-none-eabi/13.2.1/thumb/v8-m.main+fp/hard\libg_nano.a(libc_a-nano-svfprintf.o)
                0x0001c508                _svfiprintf_r
                0x0001c508                _svfprintf_r
 .text._printf_common
                0x0001c700       0xe4 C:/Program Files (x86)/Arm GNU Toolchain arm-none-eabi/13.2 Rel1/bin/../lib/gcc/arm-none-eabi/13.2.1/thumb/v8-m.main+fp/hard\libg_nano.a(libc_a-nano-vfprintf_i.o)
                0x0001c700                _printf_common
 .text._printf_i
                0x0001c7e4      0x23c C:/Program Files (x86)/Arm GNU Toolchain arm-none-eabi/13.2 Rel1/bin/../lib/gcc/arm-none-eabi/13.2.1/thumb/v8-m.main+fp/hard\libg_nano.a(libc_a-nano-vfprintf_i.o)
                0x0001c7e4                _printf_i
 .text.memmove  0x0001ca20       0x34 C:/Program Files (x86)/Arm GNU Toolchain arm-none-eabi/13.2 Rel1/bin/../lib/gcc/arm-none-eabi/13.2.1/thumb/v8-m.main+fp/hard\libg_nano.a(libc_a-memmove.o)
                0x0001ca20                memmove
 .text._sbrk_r  0x0001ca54       0x20 C:/Program Files (x86)/Arm GNU Toolchain arm-none-eabi/13.2 Rel1/bin/../lib/gcc/arm-none-eabi/13.2.1/thumb/v8-m.main+fp/hard\libg_nano.a(libc_a-sbrkr.o)
                0x0001ca54                _sbrk_r
 .text.memchr   0x0001ca74       0x1c C:/Program Files (x86)/Arm GNU Toolchain arm-none-eabi/13.2 Rel1/bin/../lib/gcc/arm-none-eabi/13.2.1/thumb/v8-m.main+fp/hard\libg_nano.a(libc_a-memchr-stub.o)
                0x0001ca74                memchr
 .text._realloc_r
                0x0001ca90       0x5c C:/Program Files (x86)/Arm GNU Toolchain arm-none-eabi/13.2 Rel1/bin/../lib/gcc/arm-none-eabi/13.2.1/thumb/v8-m.main+fp/hard\libg_nano.a(libc_a-reallocr.o)
                0x0001ca90                _realloc_r
 .text._malloc_usable_size_r
                0x0001caec       0x10 C:/Program Files (x86)/Arm GNU Toolchain arm-none-eabi/13.2 Rel1/bin/../lib/gcc/arm-none-eabi/13.2.1/thumb/v8-m.main+fp/hard\libg_nano.a(libc_a-msizer.o)
                0x0001caec                _malloc_usable_size_r
 *(.version)
 .version       0x0001cafc       0x50 ./ra/fsp/src/bsp/mcu/all/bsp_common.o
 *(.init)
 .init          0x0001cb4c        0x4 C:/Program Files (x86)/Arm GNU Toolchain arm-none-eabi/13.2 Rel1/bin/../lib/gcc/arm-none-eabi/13.2.1/thumb/v8-m.main+fp/hard/crti.o
                0x0001cb4c                _init
 .init          0x0001cb50        0x8 C:/Program Files (x86)/Arm GNU Toolchain arm-none-eabi/13.2 Rel1/bin/../lib/gcc/arm-none-eabi/13.2.1/thumb/v8-m.main+fp/hard/crtn.o
 *(.fini)
 .fini          0x0001cb58        0x4 C:/Program Files (x86)/Arm GNU Toolchain arm-none-eabi/13.2 Rel1/bin/../lib/gcc/arm-none-eabi/13.2.1/thumb/v8-m.main+fp/hard/crti.o
                0x0001cb58                _fini
 .fini          0x0001cb5c        0x8 C:/Program Files (x86)/Arm GNU Toolchain arm-none-eabi/13.2 Rel1/bin/../lib/gcc/arm-none-eabi/13.2.1/thumb/v8-m.main+fp/hard/crtn.o
 *crtbegin.o(.ctors)
 *crtbegin?.o(.ctors)
 *(EXCLUDE_FILE(*crtend.o *crtend?.o) .ctors)
 *(SORT_BY_NAME(.ctors.*))
 *(.ctors)
 *crtbegin.o(.dtors)
 *crtbegin?.o(.dtors)
 *(EXCLUDE_FILE(*crtend.o *crtend?.o) .dtors)
 *(SORT_BY_NAME(.dtors.*))
 *(.dtors)
 *(.rodata*)
 .rodata.qspi_op_init.str1.4
                0x0001cb64      0x8a8 ./src/drivers/src/qspi_operations.o
                                  0x3 (size before relaxing)
 .rodata.dsps_downloader_thread_entry.str1.4
                0x0001d40c       0x60 ./src/dsps_downloader_thread_entry.o
 .rodata.blinky_thread_create.str1.4
                0x0001d40c        0xe ./ra_gen/blinky_thread.o
 .rodata.blinky_thread_parameters
                0x0001d40c        0x4 ./ra_gen/blinky_thread.o
                0x0001d40c                blinky_thread_parameters
 .rodata.g_ioport
                0x0001d410        0xc ./ra_gen/common_data.o
                0x0001d410                g_ioport
 .rodata.dsps_downloader_thread_create.str1.4
                0x0001d41c       0x10 ./ra_gen/dsps_downloader_thread.o
 .rodata.dsps_downloader_thread_parameters
                0x0001d41c        0x4 ./ra_gen/dsps_downloader_thread.o
                0x0001d41c                dsps_downloader_thread_parameters
 .rodata.g_qspi0_cfg
                0x0001d420       0x1c ./ra_gen/dsps_downloader_thread.o
                0x0001d420                g_qspi0_cfg
 .rodata.g_qspi0_extended_cfg
                0x0001d43c        0x2 ./ra_gen/dsps_downloader_thread.o
 *fill*         0x0001d43e        0x2 ff
 .rodata.g_qspi0_erase_command_list
                0x0001d440       0x20 ./ra_gen/dsps_downloader_thread.o
 .rodata.g_uart0_cfg
                0x0001d460       0x20 ./ra_gen/dsps_downloader_thread.o
                0x0001d460                g_uart0_cfg
 .rodata.g_uart0_cfg_extend
                0x0001d480       0x14 ./ra_gen/dsps_downloader_thread.o
                0x0001d480                g_uart0_cfg_extend
 .rodata.g_bsp_pin_cfg
                0x0001d494        0xc ./ra_gen/pin_data.o
                0x0001d494                g_bsp_pin_cfg
 .rodata.g_bsp_pin_cfg_data
                0x0001d4a0      0x210 ./ra_gen/pin_data.o
                0x0001d4a0                g_bsp_pin_cfg_data
 .rodata.g_interrupt_event_link_select
                0x0001d6b0       0xc0 ./ra_gen/vector_data.o
                0x0001d6b0                g_interrupt_event_link_select
 .rodata.vPortSVCHandler_C.str1.4
                0x0001d770       0x3a ./ra/fsp/src/rm_freertos_port/port.o
 .rodata.vPortEnterCritical.str1.4
                0x0001d770       0x46 ./ra/fsp/src/rm_freertos_port/port.o
 .rodata.vPortExitCritical.str1.4
                0x0001d770       0x12 ./ra/fsp/src/rm_freertos_port/port.o
 .rodata.vPortValidateInterruptPriority.str1.4
                0x0001d770       0x64 ./ra/fsp/src/rm_freertos_port/port.o
 .rodata.__func__.0
                0x0001d770       0x1f ./ra/fsp/src/rm_freertos_port/port.o
 *fill*         0x0001d78f        0x1 ff
 .rodata.__func__.1
                0x0001d790       0x12 ./ra/fsp/src/rm_freertos_port/port.o
 *fill*         0x0001d7a2        0x2 ff
 .rodata.__func__.2
                0x0001d7a4       0x13 ./ra/fsp/src/rm_freertos_port/port.o
 *fill*         0x0001d7b7        0x1 ff
 .rodata.__func__.3
                0x0001d7b8       0x12 ./ra/fsp/src/rm_freertos_port/port.o
 *fill*         0x0001d7ca        0x2 ff
 .rodata.g_vbatt_pins_input
                0x0001d7cc        0x6 ./ra/fsp/src/r_ioport/r_ioport.o
 *fill*         0x0001d7d2        0x2 ff
 .rodata.g_ioport_on_ioport
                0x0001d7d4       0x34 ./ra/fsp/src/r_ioport/r_ioport.o
                0x0001d7d4                g_ioport_on_ioport
 .rodata.g_prcr_masks
                0x0001d808        0x8 ./ra/fsp/src/bsp/mcu/all/bsp_register_protection.o
 .rodata.g_bsp_leds
                0x0001d810        0x8 ./ra/board/ra6m4_ek/board_leds.o
                0x0001d810                g_bsp_leds
 .rodata.g_bsp_prv_leds
                0x0001d818        0x6 ./ra/board/ra6m4_ek/board_leds.o
 .rodata.pvPortMalloc.str1.4
                0x0001d81e       0xad ./ra/aws/FreeRTOS/FreeRTOS/Source/portable/MemMang/heap_4.o
 .rodata.vPortFree.str1.4
                0x0001d81e       0x9b ./ra/aws/FreeRTOS/FreeRTOS/Source/portable/MemMang/heap_4.o
 *fill*         0x0001d81e        0x2 ff
 .rodata.__func__.0
                0x0001d820        0xa ./ra/aws/FreeRTOS/FreeRTOS/Source/portable/MemMang/heap_4.o
 *fill*         0x0001d82a        0x2 ff
 .rodata.__func__.1
                0x0001d82c        0xd ./ra/aws/FreeRTOS/FreeRTOS/Source/portable/MemMang/heap_4.o
 .rodata.xQueueGenericReset.str1.4
                0x0001d839       0x58 ./ra/aws/FreeRTOS/FreeRTOS/Source/queue.o
 .rodata.xQueueGenericCreateStatic.str1.4
                0x0001d839       0x37 ./ra/aws/FreeRTOS/FreeRTOS/Source/queue.o
 .rodata.xQueueCreateCountingSemaphoreStatic.str1.4
                0x0001d839        0x8 ./ra/aws/FreeRTOS/FreeRTOS/Source/queue.o
 .rodata.xQueueGenericSend.str1.4
                0x0001d839       0xfb ./ra/aws/FreeRTOS/FreeRTOS/Source/queue.o
 .rodata.xQueueGiveFromISR.str1.4
                0x0001d839       0x7d ./ra/aws/FreeRTOS/FreeRTOS/Source/queue.o
 .rodata.xQueueReceive.str1.4
                0x0001d839       0x66 ./ra/aws/FreeRTOS/FreeRTOS/Source/queue.o
 .rodata.uxQueueMessagesWaiting.str1.4
                0x0001d839        0x7 ./ra/aws/FreeRTOS/FreeRTOS/Source/queue.o
 *fill*         0x0001d839        0x3 ff
 .rodata.__func__.2
                0x0001d83c       0x14 ./ra/aws/FreeRTOS/FreeRTOS/Source/queue.o
 .rodata.__func__.12
                0x0001d850       0x14 ./ra/aws/FreeRTOS/FreeRTOS/Source/queue.o
 .rodata.__func__.13
                0x0001d864        0xe ./ra/aws/FreeRTOS/FreeRTOS/Source/queue.o
 *fill*         0x0001d872        0x2 ff
 .rodata.__func__.16
                0x0001d874       0x12 ./ra/aws/FreeRTOS/FreeRTOS/Source/queue.o
 *fill*         0x0001d886        0x2 ff
 .rodata.__func__.18
                0x0001d888       0x24 ./ra/aws/FreeRTOS/FreeRTOS/Source/queue.o
 .rodata.__func__.19
                0x0001d8ac       0x14 ./ra/aws/FreeRTOS/FreeRTOS/Source/queue.o
 .rodata.__func__.21
                0x0001d8c0       0x1a ./ra/aws/FreeRTOS/FreeRTOS/Source/queue.o
 *fill*         0x0001d8da        0x2 ff
 .rodata.__func__.22
                0x0001d8dc       0x13 ./ra/aws/FreeRTOS/FreeRTOS/Source/queue.o
 .rodata.prvTaskIsTaskSuspended.str1.4
                0x0001d8ef       0x33 ./ra/aws/FreeRTOS/FreeRTOS/Source/tasks.o
 .rodata.prvInitialiseNewTask.str1.4
                0x0001d8ef       0x11 ./ra/aws/FreeRTOS/FreeRTOS/Source/tasks.o
 .rodata.prvDeleteTCB.str1.4
                0x0001d8ef       0x32 ./ra/aws/FreeRTOS/FreeRTOS/Source/tasks.o
 .rodata.xTaskCreateStatic.str1.4
                0x0001d8ef       0x55 ./ra/aws/FreeRTOS/FreeRTOS/Source/tasks.o
 .rodata.vTaskDelete.str1.4
                0x0001d8ef       0x2b ./ra/aws/FreeRTOS/FreeRTOS/Source/tasks.o
 .rodata.vTaskStartScheduler.str1.4
                0x0001d8ef       0x1a ./ra/aws/FreeRTOS/FreeRTOS/Source/tasks.o
 .rodata.xTaskIncrementTick.str1.4
                0x0001d8ef       0x76 ./ra/aws/FreeRTOS/FreeRTOS/Source/tasks.o
 .rodata.xTaskResumeAll.str1.4
                0x0001d8ef       0x2b ./ra/aws/FreeRTOS/FreeRTOS/Source/tasks.o
 .rodata.vTaskSwitchContext.str1.4
                0x0001d8ef        0xe ./ra/aws/FreeRTOS/FreeRTOS/Source/tasks.o
 .rodata.vTaskPlaceOnEventList.str1.4
                0x0001d8ef        0xc ./ra/aws/FreeRTOS/FreeRTOS/Source/tasks.o
 .rodata.xTaskRemoveFromEventList.str1.4
                0x0001d8ef        0xf ./ra/aws/FreeRTOS/FreeRTOS/Source/tasks.o
 .rodata.vTaskSetTimeOutState.str1.4
                0x0001d8ef        0xa ./ra/aws/FreeRTOS/FreeRTOS/Source/tasks.o
 .rodata.xTaskCheckForTimeOut.str1.4
                0x0001d8ef        0xe ./ra/aws/FreeRTOS/FreeRTOS/Source/tasks.o
 .rodata.xTaskPriorityDisinherit.str1.4
                0x0001d8ef       0x2d ./ra/aws/FreeRTOS/FreeRTOS/Source/tasks.o
 .rodata.vTaskPriorityDisinheritAfterTimeout.str1.4
                0x0001d8ef       0x16 ./ra/aws/FreeRTOS/FreeRTOS/Source/tasks.o
 .rodata.ulTaskGenericNotifyTake.str1.4
                0x0001d8ef       0x14 ./ra/aws/FreeRTOS/FreeRTOS/Source/tasks.o
 .rodata.xTaskGenericNotify.str1.4
                0x0001d8ef       0x87 ./ra/aws/FreeRTOS/FreeRTOS/Source/tasks.o
 *fill*         0x0001d8ef        0x1 ff
 .rodata.__func__.3
                0x0001d8f0       0x1a ./ra/aws/FreeRTOS/FreeRTOS/Source/tasks.o
 *fill*         0x0001d90a        0x2 ff
 .rodata.__func__.4
                0x0001d90c       0x13 ./ra/aws/FreeRTOS/FreeRTOS/Source/tasks.o
 *fill*         0x0001d91f        0x1 ff
 .rodata.__func__.5
                0x0001d920       0x17 ./ra/aws/FreeRTOS/FreeRTOS/Source/tasks.o
 *fill*         0x0001d937        0x1 ff
 .rodata.__func__.7
                0x0001d938       0x24 ./ra/aws/FreeRTOS/FreeRTOS/Source/tasks.o
 .rodata.__func__.8
                0x0001d95c       0x18 ./ra/aws/FreeRTOS/FreeRTOS/Source/tasks.o
 .rodata.__func__.10
                0x0001d974       0x15 ./ra/aws/FreeRTOS/FreeRTOS/Source/tasks.o
 *fill*         0x0001d989        0x3 ff
 .rodata.__func__.13
                0x0001d98c       0x19 ./ra/aws/FreeRTOS/FreeRTOS/Source/tasks.o
 *fill*         0x0001d9a5        0x3 ff
 .rodata.__func__.14
                0x0001d9a8       0x20 ./ra/aws/FreeRTOS/FreeRTOS/Source/tasks.o
 .rodata.__func__.16
                0x0001d9c8       0x16 ./ra/aws/FreeRTOS/FreeRTOS/Source/tasks.o
 *fill*         0x0001d9de        0x2 ff
 .rodata.__func__.17
                0x0001d9e0       0x13 ./ra/aws/FreeRTOS/FreeRTOS/Source/tasks.o
 *fill*         0x0001d9f3        0x1 ff
 .rodata.__func__.18
                0x0001d9f4       0x13 ./ra/aws/FreeRTOS/FreeRTOS/Source/tasks.o
 *fill*         0x0001da07        0x1 ff
 .rodata.__func__.22
                0x0001da08        0xf ./ra/aws/FreeRTOS/FreeRTOS/Source/tasks.o
 *fill*         0x0001da17        0x1 ff
 .rodata.__func__.23
                0x0001da18       0x14 ./ra/aws/FreeRTOS/FreeRTOS/Source/tasks.o
 .rodata.__func__.29
                0x0001da2c        0xb ./ra/aws/FreeRTOS/FreeRTOS/Source/tasks.o
 *fill*         0x0001da37        0x1 ff
 .rodata.__func__.31
                0x0001da38        0xd ./ra/aws/FreeRTOS/FreeRTOS/Source/tasks.o
 *fill*         0x0001da45        0x3 ff
 .rodata.__func__.33
                0x0001da48       0x15 ./ra/aws/FreeRTOS/FreeRTOS/Source/tasks.o
 *fill*         0x0001da5d        0x3 ff
 .rodata.__func__.34
                0x0001da60       0x12 ./ra/aws/FreeRTOS/FreeRTOS/Source/tasks.o
 *fill*         0x0001da72        0x2 ff
 .rodata.uxTopUsedPriority
                0x0001da74        0x4 ./ra/aws/FreeRTOS/FreeRTOS/Source/tasks.o
                0x0001da74                uxTopUsedPriority
 .rodata.prvTimerTask.str1.4
                0x0001da78       0x54 ./ra/aws/FreeRTOS/FreeRTOS/Source/timers.o
 .rodata.prvCheckForValidListAndQueue.str1.4
                0x0001da78        0x5 ./ra/aws/FreeRTOS/FreeRTOS/Source/timers.o
 .rodata.xTimerCreateTimerTask.str1.4
                0x0001da78       0x10 ./ra/aws/FreeRTOS/FreeRTOS/Source/timers.o
 .rodata.__func__.15
                0x0001da78       0x1b ./ra/aws/FreeRTOS/FreeRTOS/Source/timers.o
 *fill*         0x0001da93        0x1 ff
 .rodata.__func__.17
                0x0001da94       0x16 ./ra/aws/FreeRTOS/FreeRTOS/Source/timers.o
 .rodata._svfprintf_r.str1.1
                0x0001daaa       0x33 C:/Program Files (x86)/Arm GNU Toolchain arm-none-eabi/13.2 Rel1/bin/../lib/gcc/arm-none-eabi/13.2.1/thumb/v8-m.main+fp/hard\libg_nano.a(libc_a-nano-svfprintf.o)
                                 0x11 (size before relaxing)
 .rodata._printf_i.str1.1
                0x0001dadd       0x22 C:/Program Files (x86)/Arm GNU Toolchain arm-none-eabi/13.2 Rel1/bin/../lib/gcc/arm-none-eabi/13.2.1/thumb/v8-m.main+fp/hard\libg_nano.a(libc_a-nano-vfprintf_i.o)
                0x0001dadd                        __usb_dev_descriptor_start_fs = .
 *(.usb_device_desc_fs*)
                0x0001dadd                        __usb_cfg_descriptor_start_fs = .
 *(.usb_config_desc_fs*)
                0x0001dadd                        __usb_interface_descriptor_start_fs = .
 *(.usb_interface_desc_fs*)
                0x0001dadd                        __usb_descriptor_end_fs = .
                0x0001dadd                        __usb_dev_descriptor_start_hs = .
 *(.usb_device_desc_hs*)
                0x0001dadd                        __usb_cfg_descriptor_start_hs = .
 *(.usb_config_desc_hs*)
                0x0001dadd                        __usb_interface_descriptor_start_hs = .
 *(.usb_interface_desc_hs*)
                0x0001dadd                        __usb_descriptor_end_hs = .
 *(.eh_frame*)
 *fill*         0x0001dadd        0x3 ff
 .eh_frame      0x0001dae0        0x0 C:/Program Files (x86)/Arm GNU Toolchain arm-none-eabi/13.2 Rel1/bin/../lib/gcc/arm-none-eabi/13.2.1/thumb/v8-m.main+fp/hard/crtbegin.o
 .eh_frame      0x0001dae0       0x28 C:/Program Files (x86)/Arm GNU Toolchain arm-none-eabi/13.2 Rel1/bin/../lib/gcc/arm-none-eabi/13.2.1/thumb/v8-m.main+fp/hard\libc_nano.a(libc_a-strlen.o)
 .eh_frame      0x0001db08        0x4 C:/Program Files (x86)/Arm GNU Toolchain arm-none-eabi/13.2 Rel1/bin/../lib/gcc/arm-none-eabi/13.2.1/thumb/v8-m.main+fp/hard/crtend.o
                0x0001db0c                        __ROM_End = .
                0x000001c0                        __Vectors_Size = (__Vectors_End - __Vectors)

.glue_7         0x0001db0c        0x0
 .glue_7        0x0001db0c        0x0 linker stubs

.glue_7t        0x0001db0c        0x0
 .glue_7t       0x0001db0c        0x0 linker stubs

.vfp11_veneer   0x0001db0c        0x0
 .vfp11_veneer  0x0001db0c        0x0 linker stubs

.v4_bx          0x0001db0c        0x0
 .v4_bx         0x0001db0c        0x0 linker stubs

.iplt           0x0001db0c        0x0
 .iplt          0x0001db0c        0x0 C:/Program Files (x86)/Arm GNU Toolchain arm-none-eabi/13.2 Rel1/bin/../lib/gcc/arm-none-eabi/13.2.1/thumb/v8-m.main+fp/hard/crtbegin.o

.rel.dyn        0x0001db0c        0x0
 .rel.iplt      0x0001db0c        0x0 C:/Program Files (x86)/Arm GNU Toolchain arm-none-eabi/13.2 Rel1/bin/../lib/gcc/arm-none-eabi/13.2.1/thumb/v8-m.main+fp/hard/crtbegin.o
                0x0001db0c                        . = .
                0x0001db0c                        __itcm_data_pre_location = .

.itcm_data      0x00000000        0x0 load address 0x0001db10
                0x00000000                        __tz_ITCM_S = ABSOLUTE (ITCM_START)
                0x00000000                        __itcm_data_start = .
 *(.itcm_data*)
                0x00000000                        . = ALIGN (0x8)
                0x00000000                        __itcm_data_end = .
                0x00000000                        __tz_ITCM_N = DEFINED (ITCM_NS_START)?ABSOLUTE (ITCM_NS_START):ALIGN (__itcm_data_end, 0x2000)
                0x0001db10                        __itcm_data_init_start = LOADADDR (.itcm_data)
                0x0001db10                        __itcm_data_init_end = (LOADADDR (.itcm_data) + SIZEOF (.itcm_data))
                0x00000001                        ASSERT (((ORIGIN (ITCM) % 0x8) == 0x0), ITCM memory region origin must be aligned to 8 bytes.)
                0x00000001                        ASSERT (((LENGTH (ITCM) % 0x8) == 0x0), ITCM memory region length must be a multiple of 8 bytes.)
                0x00000001                        ASSERT (((LOADADDR (.itcm_data) % 0x10) == 0x0), .itcm_data section must be aligned to 16 bytes.)
                0x00000001                        ASSERT (((SIZEOF (.itcm_data) % 0x8) == 0x0), .itcm_data section size must be a multiple of 8 bytes.)
                0x0001db0c                        . = (SIZEOF (.itcm_data) > 0x0)?__itcm_data_init_end:__itcm_data_pre_location
                0x0001db0c                        __exidx_start = .

/DISCARD/
 *(.ARM.extab* .gnu.linkonce.armextab.*)
 *(.ARM.exidx* .gnu.linkonce.armexidx.*)
                0x0001db0c                        __exidx_end = .
                0x0001db0c                        __etext = .
                0x20000000                        __tz_RAM_S = ORIGIN (RAM)

.fsp_dtc_vector_table
                0x20000000        0x0
                0x20000000                        . = ORIGIN (RAM)
 *(.fsp_dtc_vector_table)

.data           0x20000000       0x5c load address 0x0001db0c
                0x20000000                        __data_start__ = .
                0x20000000                        . = ALIGN (0x4)
                0x20000000                        __Code_In_RAM_Start = .
 *(.code_in_ram*)
                0x20000000                        __Code_In_RAM_End = .
 *(vtable)
 *(.data.*)
 .data.g_uart0_baud_setting
                0x20000000        0x4 ./ra_gen/dsps_downloader_thread.o
                0x20000000                g_uart0_baud_setting
 .data._impure_ptr
                0x20000004        0x4 C:/Program Files (x86)/Arm GNU Toolchain arm-none-eabi/13.2 Rel1/bin/../lib/gcc/arm-none-eabi/13.2.1/thumb/v8-m.main+fp/hard\libg_nano.a(libc_a-impure.o)
                0x20000004                _impure_ptr
 .data._impure_data
                0x20000008       0x4c C:/Program Files (x86)/Arm GNU Toolchain arm-none-eabi/13.2 Rel1/bin/../lib/gcc/arm-none-eabi/13.2.1/thumb/v8-m.main+fp/hard\libg_nano.a(libc_a-impure.o)
                0x20000008                _impure_data
 *(.data)
                0x20000054                        . = ALIGN (0x4)
                0x20000054                        PROVIDE (__preinit_array_start = .)
 *(.preinit_array)
                0x20000054                        PROVIDE (__preinit_array_end = .)
                0x20000054                        . = ALIGN (0x4)
                0x20000054                        PROVIDE (__init_array_start = .)
 *(SORT_BY_NAME(.init_array.*))
 *(.init_array)
 .init_array    0x20000054        0x4 C:/Program Files (x86)/Arm GNU Toolchain arm-none-eabi/13.2 Rel1/bin/../lib/gcc/arm-none-eabi/13.2.1/thumb/v8-m.main+fp/hard/crtbegin.o
                0x20000058                        PROVIDE (__init_array_end = .)
                0x20000058                        . = ALIGN (0x4)
                [!provide]                        PROVIDE (__fini_array_start = .)
 *(SORT_BY_NAME(.fini_array.*))
 *(.fini_array)
 .fini_array    0x20000058        0x4 C:/Program Files (x86)/Arm GNU Toolchain arm-none-eabi/13.2 Rel1/bin/../lib/gcc/arm-none-eabi/13.2.1/thumb/v8-m.main+fp/hard/crtbegin.o
                [!provide]                        PROVIDE (__fini_array_end = .)
 *(.jcr*)
                0x2000005c                        . = ALIGN (0x4)
                0x2000005c                        __data_end__ = .

.tm_clone_table
                0x2000005c        0x0 load address 0x0001db68
 .tm_clone_table
                0x2000005c        0x0 C:/Program Files (x86)/Arm GNU Toolchain arm-none-eabi/13.2 Rel1/bin/../lib/gcc/arm-none-eabi/13.2.1/thumb/v8-m.main+fp/hard/crtbegin.o
 .tm_clone_table
                0x2000005c        0x0 C:/Program Files (x86)/Arm GNU Toolchain arm-none-eabi/13.2 Rel1/bin/../lib/gcc/arm-none-eabi/13.2.1/thumb/v8-m.main+fp/hard/crtend.o

.igot.plt       0x2000005c        0x0 load address 0x0001db68
 .igot.plt      0x2000005c        0x0 C:/Program Files (x86)/Arm GNU Toolchain arm-none-eabi/13.2 Rel1/bin/../lib/gcc/arm-none-eabi/13.2.1/thumb/v8-m.main+fp/hard/crtbegin.o
                0x2000005c                        . = .
                0x0001db68                        __dtcm_data_pre_location = (LOADADDR (.data) + SIZEOF (.data))

.dtcm_data      0x00000000        0x0 load address 0x0001db70
                0x00000000                        __tz_DTCM_S = ABSOLUTE (DTCM_START)
                0x00000000                        __dtcm_data_start = .
 *(.dtcm_data*)
                0x00000000                        . = ALIGN (0x8)
                0x00000000                        __dtcm_data_end = .
                0x00000000                        . = __dtcm_data_end

.dtcm_bss       0x00000000        0x0
                0x00000000                        __dtcm_bss_start = .
 *(.dtcm_bss*)
                0x00000000                        . = ALIGN (0x8)
                0x00000000                        __dtcm_bss_end = .
                0x00000000                        __tz_DTCM_N = DEFINED (DTCM_NS_START)?ABSOLUTE (DTCM_NS_START):ALIGN (__dtcm_bss_end, 0x2000)
                0x0001db70                        __dtcm_data_init_start = LOADADDR (.dtcm_data)
                0x0001db70                        __dtcm_data_init_end = (LOADADDR (.dtcm_data) + SIZEOF (.dtcm_data))
                0x00000001                        ASSERT (((ORIGIN (DTCM) % 0x8) == 0x0), DTCM memory region origin must be aligned to 8 bytes.)
                0x00000001                        ASSERT (((LENGTH (DTCM) % 0x8) == 0x0), DTCM memory region length must be a multiple of 8 bytes.)
                0x00000001                        ASSERT ((LOADADDR (.dtcm_bss) == ADDR (.dtcm_bss)), .dtcm_bss has (VMA != LMA) but should be NOLOAD (VMA == LMA).)
                0x00000001                        ASSERT (((LOADADDR (.dtcm_data) % 0x10) == 0x0), .dtcm_data section must be aligned to 16 bytes.)
                0x00000001                        ASSERT (((SIZEOF (.dtcm_data) % 0x8) == 0x0), .dtcm_data section size must be a multiple of 8 bytes.)
                0x00000001                        ASSERT (((LOADADDR (.dtcm_bss) % 0x8) == 0x0), .dtcm_bss section must be aligned to 8 bytes.)
                0x00000001                        ASSERT (((SIZEOF (.dtcm_bss) % 0x8) == 0x0), .dtcm_bss section size must be a multiple of 8 bytes.)
                0x00000001                        ASSERT ((__dtcm_bss_start == __dtcm_data_end), .dtcm_bss section is not adjacent to .dtcm_data section.)
                0x0001db68                        . = (SIZEOF (.dtcm_data) > 0x0)?__dtcm_data_init_end:__dtcm_data_pre_location
                0x0001db68                        sgstubs_pre_location = .
                0x0001dc00                        SGSTUBS_LOC = (DEFINED (PROJECT_SECURE) && DEFINED (FLASH_NSC_START))?ABSOLUTE (FLASH_NSC_START):ALIGN (0x400)

.gnu.sgstubs    0x0001dc00        0x0
                0x000f8000                        __tz_FLASH_C = DEFINED (FLASH_NSC_START)?ABSOLUTE (FLASH_NSC_START):__RESERVE_NS_RAM?ABSOLUTE ((FLASH_START + FLASH_LENGTH)):ALIGN (0x400)
                0x0001dc00                        _start_sg = .
 *(.gnu.sgstubs*)
                0x0001dc00                        . = ALIGN (0x20)
                0x0001dc00                        _end_sg = .
                0x000f8000                        __tz_FLASH_N = DEFINED (FLASH_NS_START)?ABSOLUTE (FLASH_NS_START):__RESERVE_NS_RAM?ABSOLUTE ((FLASH_START + FLASH_LENGTH)):(FLASH_LENGTH < 0x8000)?FLASH_LENGTH:ALIGN (0x8000)
                0x000f8000                        FLASH_NS_IMAGE_START = DEFINED (FLASH_NS_IMAGE_START)?FLASH_NS_IMAGE_START:__tz_FLASH_N
                0x60000000                        __tz_QSPI_FLASH_S = ORIGIN (QSPI_FLASH)

.qspi_flash     0x60000000        0x0
                0x60000000                        __qspi_flash_start__ = .
 *(.qspi_flash*)
 *(.code_in_qspi*)
                0x60000000                        __qspi_flash_end__ = .
                0x00000000                        __qspi_flash_code_size__ = (__qspi_flash_end__ - __qspi_flash_start__)
                0x0001db68                        __qspi_flash_code_addr__ = sgstubs_pre_location

.qspi_non_retentive
                0x60000000        0x0 load address 0x0001db68
                0x60000000                        __qspi_non_retentive_start__ = .
 *(.qspi_non_retentive*)
                0x60000000                        __qspi_non_retentive_end__ = .
                0x00000000                        __qspi_non_retentive_size__ = (__qspi_non_retentive_end__ - __qspi_non_retentive_start__)
                0x04000000                        __qspi_region_max_size__ = 0x4000000
                0x60000000                        __qspi_region_start_address__ = __qspi_flash_start__
                0x64000000                        __qspi_region_end_address__ = (__qspi_flash_start__ + __qspi_region_max_size__)
                0x60000000                        __tz_QSPI_FLASH_N = __qspi_non_retentive_end__

.OSPI_DEVICE_0_NO_LOAD
                0x68000000        0x0
                0x68000000                        . = ALIGN (0x4)
                0x68000000                        __ospi_device_0_start__ = .
 *(.ospi_device_0_no_load*)
                0x68000000                        . = ALIGN (0x4)
                0x68000000                        __ospi_device_0_end__ = .

.OSPI_DEVICE_1_NO_LOAD
                0x70000000        0x0
                0x70000000                        . = ALIGN (0x4)
                0x70000000                        __ospi_device_1_start__ = .
 *(.ospi_device_1_no_load*)
                0x70000000                        . = ALIGN (0x4)
                0x70000000                        __ospi_device_1_end__ = .
                0x68000000                        __tz_OSPI_DEVICE_0_S = ORIGIN (OSPI_DEVICE_0)

.OSPI_DEVICE_0  0x68000000        0x0
                0x68000000                        __ospi_device_0_start__ = .
 *(.ospi_device_0*)
 *(.code_in_ospi_device_0*)
                0x68000000                        __ospi_device_0_end__ = .
                0x00000000                        __ospi_device_0_code_size__ = (__ospi_device_0_end__ - __ospi_device_0_start__)
                0x0001db68                        __ospi_device_0_code_addr__ = (sgstubs_pre_location + SIZEOF (.qspi_non_retentive))

.ospi_device_0_non_retentive
                0x68000000        0x0 load address 0x0001db68
                0x68000000                        __ospi_device_0_non_retentive_start__ = .
 *(.ospi_device_0_non_retentive*)
                0x68000000                        __ospi_device_0_non_retentive_end__ = .
                0x00000000                        __ospi_device_0_non_retentive_size__ = (__ospi_device_0_non_retentive_end__ - __ospi_device_0_non_retentive_start__)
                0x08000000                        __ospi_device_0_region_max_size__ = 0x8000000
                0x68000000                        __ospi_device_0_region_start_address__ = __ospi_device_0_start__
                0x70000000                        __ospi_device_0_region_end_address__ = (__ospi_device_0_start__ + __ospi_device_0_region_max_size__)
                0x68000000                        __tz_OSPI_DEVICE_0_N = __ospi_device_0_non_retentive_end__
                0x70000000                        __tz_OSPI_DEVICE_1_S = ORIGIN (OSPI_DEVICE_1)

.OSPI_DEVICE_1  0x70000000        0x0
                0x70000000                        __ospi_device_1_start__ = .
 *(.ospi_device_1*)
 *(.code_in_ospi_device_1*)
                0x70000000                        __ospi_device_1_end__ = .
                0x00000000                        __ospi_device_1_code_size__ = (__ospi_device_1_end__ - __ospi_device_1_start__)
                0x0001db68                        __ospi_device_1_code_addr__ = (sgstubs_pre_location + (SIZEOF (.qspi_non_retentive) + SIZEOF (.ospi_device_0_non_retentive)))

.ospi_device_1_non_retentive
                0x70000000        0x0 load address 0x0001db68
                0x70000000                        __ospi_device_1_non_retentive_start__ = .
 *(.ospi_device_1_non_retentive*)
                0x70000000                        __ospi_device_1_non_retentive_end__ = .
                0x00000000                        __ospi_device_1_non_retentive_size__ = (__ospi_device_1_non_retentive_end__ - __ospi_device_1_non_retentive_start__)
                0x10000000                        __ospi_device_1_region_max_size__ = 0x10000000
                0x70000000                        __ospi_device_1_region_start_address__ = __ospi_device_1_start__
                0x80000000                        __ospi_device_1_region_end_address__ = (__ospi_device_1_start__ + __ospi_device_1_region_max_size__)
                0x70000000                        __tz_OSPI_DEVICE_1_N = __ospi_device_1_non_retentive_end__

.noinit         0x2000005c       0x1c
                0x2000005c                        . = ALIGN (0x4)
                0x2000005c                        __noinit_start = .
 *(.noinit*)
 .noinit        0x2000005c       0x1c ./ra/fsp/src/bsp/mcu/all/bsp_clocks.o
                0x20000078                        . = ALIGN (0x8)
 *(.heap.*)
                0x20000078                        __noinit_end = .

.bss            0x20000078     0x9e64
                0x20000078                        . = ALIGN (0x4)
                0x20000078                        __bss_start__ = .
 *(.bss*)
 .bss.completed.1
                0x20000078        0x1 C:/Program Files (x86)/Arm GNU Toolchain arm-none-eabi/13.2 Rel1/bin/../lib/gcc/arm-none-eabi/13.2.1/thumb/v8-m.main+fp/hard/crtbegin.o
 *fill*         0x20000079        0x3 
 .bss.object.0  0x2000007c       0x18 C:/Program Files (x86)/Arm GNU Toolchain arm-none-eabi/13.2 Rel1/bin/../lib/gcc/arm-none-eabi/13.2.1/thumb/v8-m.main+fp/hard/crtbegin.o
 .bss.flash_write_status
                0x20000094        0x1 ./src/drivers/src/qspi_operations.o
 .bss.flash_op_in_progress
                0x20000095        0x1 ./src/drivers/src/qspi_operations.o
 *fill*         0x20000096        0x2 
 .bss.write_status_semaphore
                0x20000098        0x4 ./src/drivers/src/qspi_operations.o
 .bss.s_uart_write_mutex
                0x2000009c        0x4 ./src/drivers/src/uart_ble.o
 .bss.s_main_dsps_task
                0x200000a0        0x4 ./src/drivers/src/uart_ble.o
                0x200000a0                s_main_dsps_task
 .bss.s_uart_fsm
                0x200000a4     0x4038 ./src/drivers/src/uart_ble.o
 .bss.s_write_address
                0x200040dc        0x4 ./src/dsps_downloader_thread_entry.o
 .bss.s_flash_write_buffer
                0x200040e0      0x100 ./src/dsps_downloader_thread_entry.o
 .bss.s_dsps_downloader_task
                0x200041e0        0x4 ./src/dsps_downloader_thread_entry.o
                0x200041e0                s_dsps_downloader_task
 .bss.blinky_thread
                0x200041e4        0x4 ./ra_gen/blinky_thread.o
                0x200041e4                blinky_thread
 .bss.blinky_thread_memory
                0x200041e8       0x78 ./ra_gen/blinky_thread.o
 .bss.g_usb_read_queue_queue_memory
                0x20004260       0x50 ./ra_gen/common_data.o
                0x20004260                g_usb_read_queue_queue_memory
 .bss.g_usb_read_queue_memory
                0x200042b0       0x48 ./ra_gen/common_data.o
                0x200042b0                g_usb_read_queue_memory
 .bss.g_usb_read_queue
                0x200042f8        0x4 ./ra_gen/common_data.o
                0x200042f8                g_usb_read_queue
 .bss.g_usb_write_complete_binary_semaphore_memory
                0x200042fc       0x48 ./ra_gen/common_data.o
                0x200042fc                g_usb_write_complete_binary_semaphore_memory
 .bss.g_usb_write_complete_binary_semaphore
                0x20004344        0x4 ./ra_gen/common_data.o
                0x20004344                g_usb_write_complete_binary_semaphore
 .bss.g_ioport_ctrl
                0x20004348        0x8 ./ra_gen/common_data.o
                0x20004348                g_ioport_ctrl
 .bss.g_qspi0_ctrl
                0x20004350       0x10 ./ra_gen/dsps_downloader_thread.o
                0x20004350                g_qspi0_ctrl
 .bss.g_uart0_ctrl
                0x20004360       0x30 ./ra_gen/dsps_downloader_thread.o
                0x20004360                g_uart0_ctrl
 .bss.dsps_downloader_thread
                0x20004390        0x4 ./ra_gen/dsps_downloader_thread.o
                0x20004390                dsps_downloader_thread
 .bss.dsps_downloader_thread_memory
                0x20004394       0x78 ./ra_gen/dsps_downloader_thread.o
 .bss.uxTimerTaskStack.3
                0x2000440c      0x200 ./ra_gen/main.o
 .bss.xTimerTaskTCB.2
                0x2000460c       0x78 ./ra_gen/main.o
 .bss.uxIdleTaskStack.1
                0x20004684      0x200 ./ra_gen/main.o
 .bss.xIdleTaskTCB.0
                0x20004884       0x78 ./ra_gen/main.o
 .bss.g_fsp_common_initialized_semaphore_memory
                0x200048fc       0x48 ./ra_gen/main.o
                0x200048fc                g_fsp_common_initialized_semaphore_memory
 .bss.g_fsp_common_initialized_semaphore
                0x20004944        0x4 ./ra_gen/main.o
                0x20004944                g_fsp_common_initialized_semaphore
 .bss.g_fsp_common_initialized
                0x20004948        0x1 ./ra_gen/main.o
                0x20004948                g_fsp_common_initialized
 *fill*         0x20004949        0x3 
 .bss.g_fsp_common_thread_count
                0x2000494c        0x4 ./ra_gen/main.o
                0x2000494c                g_fsp_common_thread_count
 .bss.g_mask_level_before_disable
                0x20004950        0x4 ./ra/fsp/src/rm_freertos_port/port.o
 .bss.uxCriticalNesting
                0x20004954        0x4 ./ra/fsp/src/rm_freertos_port/port.o
 .bss.g_bsp_group_irq_sources
                0x20004958       0x40 ./ra/fsp/src/bsp/mcu/all/bsp_group_irq.o
                0x20004958                g_bsp_group_irq_sources
 .bss.g_protect_pfswe_counter
                0x20004998        0x4 ./ra/fsp/src/bsp/mcu/all/bsp_io.o
                0x20004998                g_protect_pfswe_counter
 .bss.gp_renesas_isr_context
                0x2000499c      0x180 ./ra/fsp/src/bsp/mcu/all/bsp_irq.o
                0x2000499c                gp_renesas_isr_context
 .bss.g_protect_counters
                0x20004b1c        0x8 ./ra/fsp/src/bsp/mcu/all/bsp_register_protection.o
                0x20004b1c                g_protect_counters
 .bss.current_heap_end.0
                0x20004b24        0x4 ./ra/fsp/src/bsp/mcu/all/bsp_sbrk.o
 .bss.SystemCoreClock
                0x20004b28        0x4 ./ra/fsp/src/bsp/cmsis/Device/RENESAS/Source/system.o
                0x20004b28                SystemCoreClock
 .bss.xNumberOfSuccessfulFrees
                0x20004b2c        0x4 ./ra/aws/FreeRTOS/FreeRTOS/Source/portable/MemMang/heap_4.o
 .bss.xNumberOfSuccessfulAllocations
                0x20004b30        0x4 ./ra/aws/FreeRTOS/FreeRTOS/Source/portable/MemMang/heap_4.o
 .bss.xMinimumEverFreeBytesRemaining
                0x20004b34        0x4 ./ra/aws/FreeRTOS/FreeRTOS/Source/portable/MemMang/heap_4.o
 .bss.xFreeBytesRemaining
                0x20004b38        0x4 ./ra/aws/FreeRTOS/FreeRTOS/Source/portable/MemMang/heap_4.o
 .bss.pxEnd     0x20004b3c        0x4 ./ra/aws/FreeRTOS/FreeRTOS/Source/portable/MemMang/heap_4.o
 .bss.xStart    0x20004b40        0x8 ./ra/aws/FreeRTOS/FreeRTOS/Source/portable/MemMang/heap_4.o
 .bss.ucHeap    0x20004b48     0x5000 ./ra/aws/FreeRTOS/FreeRTOS/Source/portable/MemMang/heap_4.o
 .bss.xQueueRegistry
                0x20009b48       0x50 ./ra/aws/FreeRTOS/FreeRTOS/Source/queue.o
                0x20009b48                xQueueRegistry
 .bss.uxSchedulerSuspended
                0x20009b98        0x4 ./ra/aws/FreeRTOS/FreeRTOS/Source/tasks.o
 .bss.xNextTaskUnblockTime
                0x20009b9c        0x4 ./ra/aws/FreeRTOS/FreeRTOS/Source/tasks.o
 .bss.uxTaskNumber
                0x20009ba0        0x4 ./ra/aws/FreeRTOS/FreeRTOS/Source/tasks.o
 .bss.xNumOfOverflows
                0x20009ba4        0x4 ./ra/aws/FreeRTOS/FreeRTOS/Source/tasks.o
 .bss.xYieldPending
                0x20009ba8        0x4 ./ra/aws/FreeRTOS/FreeRTOS/Source/tasks.o
 .bss.xPendedTicks
                0x20009bac        0x4 ./ra/aws/FreeRTOS/FreeRTOS/Source/tasks.o
 .bss.xSchedulerRunning
                0x20009bb0        0x4 ./ra/aws/FreeRTOS/FreeRTOS/Source/tasks.o
 .bss.uxTopReadyPriority
                0x20009bb4        0x4 ./ra/aws/FreeRTOS/FreeRTOS/Source/tasks.o
 .bss.xTickCount
                0x20009bb8        0x4 ./ra/aws/FreeRTOS/FreeRTOS/Source/tasks.o
 .bss.uxCurrentNumberOfTasks
                0x20009bbc        0x4 ./ra/aws/FreeRTOS/FreeRTOS/Source/tasks.o
 .bss.xSuspendedTaskList
                0x20009bc0       0x14 ./ra/aws/FreeRTOS/FreeRTOS/Source/tasks.o
 .bss.uxDeletedTasksWaitingCleanUp
                0x20009bd4        0x4 ./ra/aws/FreeRTOS/FreeRTOS/Source/tasks.o
 .bss.xTasksWaitingTermination
                0x20009bd8       0x14 ./ra/aws/FreeRTOS/FreeRTOS/Source/tasks.o
 .bss.xPendingReadyList
                0x20009bec       0x14 ./ra/aws/FreeRTOS/FreeRTOS/Source/tasks.o
 .bss.pxOverflowDelayedTaskList
                0x20009c00        0x4 ./ra/aws/FreeRTOS/FreeRTOS/Source/tasks.o
 .bss.pxDelayedTaskList
                0x20009c04        0x4 ./ra/aws/FreeRTOS/FreeRTOS/Source/tasks.o
 .bss.xDelayedTaskList2
                0x20009c08       0x14 ./ra/aws/FreeRTOS/FreeRTOS/Source/tasks.o
 .bss.xDelayedTaskList1
                0x20009c1c       0x14 ./ra/aws/FreeRTOS/FreeRTOS/Source/tasks.o
 .bss.pxReadyTasksLists
                0x20009c30       0x64 ./ra/aws/FreeRTOS/FreeRTOS/Source/tasks.o
 .bss.pxCurrentTCB
                0x20009c94        0x4 ./ra/aws/FreeRTOS/FreeRTOS/Source/tasks.o
                0x20009c94                pxCurrentTCB
 .bss.xStaticTimerQueue.13
                0x20009c98       0x48 ./ra/aws/FreeRTOS/FreeRTOS/Source/timers.o
 .bss.ucStaticTimerQueueStorage.14
                0x20009ce0       0x78 ./ra/aws/FreeRTOS/FreeRTOS/Source/timers.o
 .bss.xLastTime.16
                0x20009d58        0x4 ./ra/aws/FreeRTOS/FreeRTOS/Source/timers.o
 .bss.xTimerTaskHandle
                0x20009d5c        0x4 ./ra/aws/FreeRTOS/FreeRTOS/Source/timers.o
 .bss.xTimerQueue
                0x20009d60        0x4 ./ra/aws/FreeRTOS/FreeRTOS/Source/timers.o
 .bss.pxOverflowTimerList
                0x20009d64        0x4 ./ra/aws/FreeRTOS/FreeRTOS/Source/timers.o
 .bss.pxCurrentTimerList
                0x20009d68        0x4 ./ra/aws/FreeRTOS/FreeRTOS/Source/timers.o
 .bss.xActiveTimerList2
                0x20009d6c       0x14 ./ra/aws/FreeRTOS/FreeRTOS/Source/timers.o
 .bss.xActiveTimerList1
                0x20009d80       0x14 ./ra/aws/FreeRTOS/FreeRTOS/Source/timers.o
 .bss.__sf      0x20009d94      0x138 C:/Program Files (x86)/Arm GNU Toolchain arm-none-eabi/13.2 Rel1/bin/../lib/gcc/arm-none-eabi/13.2.1/thumb/v8-m.main+fp/hard\libg_nano.a(libc_a-findfp.o)
                0x20009d94                __sf
 .bss.errno     0x20009ecc        0x4 C:/Program Files (x86)/Arm GNU Toolchain arm-none-eabi/13.2 Rel1/bin/../lib/gcc/arm-none-eabi/13.2.1/thumb/v8-m.main+fp/hard\libg_nano.a(libc_a-reent.o)
                0x20009ecc                errno
 .bss.__lock___malloc_recursive_mutex
                0x20009ed0        0x1 C:/Program Files (x86)/Arm GNU Toolchain arm-none-eabi/13.2 Rel1/bin/../lib/gcc/arm-none-eabi/13.2.1/thumb/v8-m.main+fp/hard\libg_nano.a(libc_a-lock.o)
                0x20009ed0                __lock___malloc_recursive_mutex
 *fill*         0x20009ed1        0x3 
 .bss.__malloc_sbrk_start
                0x20009ed4        0x4 C:/Program Files (x86)/Arm GNU Toolchain arm-none-eabi/13.2 Rel1/bin/../lib/gcc/arm-none-eabi/13.2.1/thumb/v8-m.main+fp/hard\libg_nano.a(libc_a-mallocr.o)
                0x20009ed4                __malloc_sbrk_start
 .bss.__malloc_free_list
                0x20009ed8        0x4 C:/Program Files (x86)/Arm GNU Toolchain arm-none-eabi/13.2 Rel1/bin/../lib/gcc/arm-none-eabi/13.2.1/thumb/v8-m.main+fp/hard\libg_nano.a(libc_a-mallocr.o)
                0x20009ed8                __malloc_free_list
 *(COMMON)
                0x20009edc                        . = ALIGN (0x4)
                0x20009edc                        __bss_end__ = .

.heap           0x20009ee0     0x1000
                0x20009ee0                        . = ALIGN (0x8)
                0x20009ee0                        __HeapBase = .
 *(.heap)
 .heap          0x20009ee0     0x1000 ./ra/fsp/src/bsp/cmsis/Device/RENESAS/Source/startup.o
                0x2000aee0                        __HeapLimit = .

.stack_dummy    0x2000aee0     0x5200
                0x2000aee0                        . = ALIGN (0x8)
                0x2000aee0                        __StackLimit = .
 *(.stack)
 .stack         0x2000aee0     0x1000 ./ra/fsp/src/bsp/cmsis/Device/RENESAS/Source/startup.o
                0x2000bee0                        __StackTop = .
 *(.stack*)
 .stack.blinky_thread
                0x2000bee0      0x200 ./ra_gen/blinky_thread.o
 .stack.dsps_downloader_thread
                0x2000c0e0     0x4000 ./ra_gen/dsps_downloader_thread.o
                0x200100e0                        __StackTopAll = .
                0x200100e0                        PROVIDE (__stack = __StackTopAll)
                0x200100e0                        __RAM_segment_used_end__ = ALIGN (__StackTopAll, 0x4)
                0x20040000                        __tz_RAM_C = DEFINED (RAM_NSC_START)?ABSOLUTE ((RAM_NSC_START - RAM_NS_BUFFER_BLOCK_LENGTH)):__RESERVE_NS_RAM?ABSOLUTE (RAM_NS_BUFFER_BLOCK_START):ALIGN (__RAM_segment_used_end__, 0x400)
                0x20040000                        __tz_RAM_N = DEFINED (RAM_NS_START)?ABSOLUTE ((RAM_NS_START - RAM_NS_BUFFER_BLOCK_LENGTH)):__RESERVE_NS_RAM?ABSOLUTE (RAM_NS_BUFFER_BLOCK_START):ALIGN (__tz_RAM_C, 0x2000)

.ns_buffer      0x200100e0        0x0
                0x200100e0                        . = __RESERVE_NS_RAM?ABSOLUTE ((RAM_NS_BUFFER_START & 0xffffffe0)):.
 *(.ns_buffer*)

.data_flash     0x08000000        0x0
                0x08000000                        . = ORIGIN (DATA_FLASH)
                0x08000000                        __tz_DATA_FLASH_S = .
                0x08000000                        __Data_Flash_Start = .
 *(.data_flash*)
                0x08000000                        __Data_Flash_End = .
                0x08000000                        __tz_DATA_FLASH_N = DEFINED (DATA_FLASH_NS_START)?ABSOLUTE (DATA_FLASH_NS_START):__RESERVE_NS_RAM?ABSOLUTE ((DATA_FLASH_START + DATA_FLASH_LENGTH)):ALIGN (0x400)
                0x80010000                        __tz_SDRAM_S = ORIGIN (SDRAM)

.sdram          0x80010000        0x0
                0x80010000                        __SDRAM_Start = .
 *(.sdram*)
 *(.frame*)
                0x80010000                        __SDRAM_End = .
                0x80010000                        __tz_SDRAM_N = __SDRAM_End
                0x00000000                        __tz_ID_CODE_S = ORIGIN (ID_CODE)
                0x00000000                        __tz_ID_CODE_N = __tz_ID_CODE_S

.id_code        0x00000000        0x0
                0x00000000                        __ID_Code_Start = .
 *(.id_code*)
                0x00000000                        __ID_Code_End = .
                0x0100a100                        __tz_OPTION_SETTING_S = ORIGIN (OPTION_SETTING_OFS)

.option_setting_ofs
                0x0100a100        0x0
                0x0100a100                        __OPTION_SETTING_OFS_Start = .
 *(.option_setting_ofs0)
                0x0100a100                        . = PROJECT_SECURE_OR_FLAT?(__OPTION_SETTING_OFS_Start + 0x4):__OPTION_SETTING_OFS_Start
 *(.option_setting_ofs2)
                0x0100a100                        . = PROJECT_SECURE_OR_FLAT?(__OPTION_SETTING_OFS_Start + 0x10):__OPTION_SETTING_OFS_Start
 *(.option_setting_dualsel)
                0x0100a100                        __OPTION_SETTING_OFS_End = .

.option_setting_sas
                0x0100a134        0x0
                0x0100a134                        __OPTION_SETTING_SAS_Start = .
 *(.option_setting_sas)
                0x0100a134                        __OPTION_SETTING_SAS_End = .
                0x0100a180                        __tz_OPTION_SETTING_N = ABSOLUTE (OPTION_SETTING_START_NS)

.option_setting_ns
                0x0100a100        0x0
                0x0100a100                        __OPTION_SETTING_NS_Start = .
 *(.option_setting_ofs1)
                0x0100a100                        . = USE_OPTION_SETTING_NS?(__OPTION_SETTING_NS_Start + 0x4):__OPTION_SETTING_NS_Start
 *(.option_setting_ofs3)
                0x0100a100                        . = USE_OPTION_SETTING_NS?(__OPTION_SETTING_NS_Start + 0x10):__OPTION_SETTING_NS_Start
 *(.option_setting_banksel)
                0x0100a100                        . = USE_OPTION_SETTING_NS?(__OPTION_SETTING_NS_Start + 0x40):__OPTION_SETTING_NS_Start
 *(.option_setting_bps0)
                0x0100a100                        . = USE_OPTION_SETTING_NS?(__OPTION_SETTING_NS_Start + 0x44):__OPTION_SETTING_NS_Start
 *(.option_setting_bps1)
                0x0100a100                        . = USE_OPTION_SETTING_NS?(__OPTION_SETTING_NS_Start + 0x48):__OPTION_SETTING_NS_Start
 *(.option_setting_bps2)
                0x0100a100                        . = USE_OPTION_SETTING_NS?(__OPTION_SETTING_NS_Start + 0x4c):__OPTION_SETTING_NS_Start
 *(.option_setting_bps3)
                0x0100a100                        . = USE_OPTION_SETTING_NS?(__OPTION_SETTING_NS_Start + 0x60):__OPTION_SETTING_NS_Start
 *(.option_setting_pbps0)
                0x0100a100                        . = USE_OPTION_SETTING_NS?(__OPTION_SETTING_NS_Start + 0x64):__OPTION_SETTING_NS_Start
 *(.option_setting_pbps1)
                0x0100a100                        . = USE_OPTION_SETTING_NS?(__OPTION_SETTING_NS_Start + 0x68):__OPTION_SETTING_NS_Start
 *(.option_setting_pbps2)
                0x0100a100                        . = USE_OPTION_SETTING_NS?(__OPTION_SETTING_NS_Start + 0x6c):__OPTION_SETTING_NS_Start
 *(.option_setting_pbps3)
                0x0100a100                        __OPTION_SETTING_NS_End = .
                0x0100a200                        __tz_OPTION_SETTING_S_S = ORIGIN (OPTION_SETTING_S)

.option_setting_s
                0x0100a200        0x0
                0x0100a200                        __OPTION_SETTING_S_Start = .
 *(.option_setting_ofs1_sec)
                0x0100a200                        . = PROJECT_SECURE_OR_FLAT?(__OPTION_SETTING_S_Start + 0x4):__OPTION_SETTING_S_Start
 *(.option_setting_ofs3_sec)
                0x0100a200                        . = PROJECT_SECURE_OR_FLAT?(__OPTION_SETTING_S_Start + 0x10):__OPTION_SETTING_S_Start
 *(.option_setting_banksel_sec)
                0x0100a200                        . = PROJECT_SECURE_OR_FLAT?(__OPTION_SETTING_S_Start + 0x40):__OPTION_SETTING_S_Start
 *(.option_setting_bps_sec0)
                0x0100a200                        . = PROJECT_SECURE_OR_FLAT?(__OPTION_SETTING_S_Start + 0x44):__OPTION_SETTING_S_Start
 *(.option_setting_bps_sec1)
                0x0100a200                        . = PROJECT_SECURE_OR_FLAT?(__OPTION_SETTING_S_Start + 0x48):__OPTION_SETTING_S_Start
 *(.option_setting_bps_sec2)
                0x0100a200                        . = PROJECT_SECURE_OR_FLAT?(__OPTION_SETTING_S_Start + 0x4c):__OPTION_SETTING_S_Start
 *(.option_setting_bps_sec3)
                0x0100a200                        . = PROJECT_SECURE_OR_FLAT?(__OPTION_SETTING_S_Start + 0x60):__OPTION_SETTING_S_Start
 *(.option_setting_pbps_sec0)
                0x0100a200                        . = PROJECT_SECURE_OR_FLAT?(__OPTION_SETTING_S_Start + 0x64):__OPTION_SETTING_S_Start
 *(.option_setting_pbps_sec1)
                0x0100a200                        . = PROJECT_SECURE_OR_FLAT?(__OPTION_SETTING_S_Start + 0x68):__OPTION_SETTING_S_Start
 *(.option_setting_pbps_sec2)
                0x0100a200                        . = PROJECT_SECURE_OR_FLAT?(__OPTION_SETTING_S_Start + 0x6c):__OPTION_SETTING_S_Start
 *(.option_setting_pbps_sec3)
                0x0100a200                        . = PROJECT_SECURE_OR_FLAT?(__OPTION_SETTING_S_Start + 0x80):__OPTION_SETTING_S_Start
 *(.option_setting_ofs1_sel)
                0x0100a200                        . = PROJECT_SECURE_OR_FLAT?(__OPTION_SETTING_S_Start + 0x84):__OPTION_SETTING_S_Start
 *(.option_setting_ofs3_sel)
                0x0100a200                        . = PROJECT_SECURE_OR_FLAT?(__OPTION_SETTING_S_Start + 0x90):__OPTION_SETTING_S_Start
 *(.option_setting_banksel_sel)
                0x0100a200                        . = PROJECT_SECURE_OR_FLAT?(__OPTION_SETTING_S_Start + 0xc0):__OPTION_SETTING_S_Start
 *(.option_setting_bps_sel0)
                0x0100a200                        . = PROJECT_SECURE_OR_FLAT?(__OPTION_SETTING_S_Start + 0xc4):__OPTION_SETTING_S_Start
 *(.option_setting_bps_sel1)
                0x0100a200                        . = PROJECT_SECURE_OR_FLAT?(__OPTION_SETTING_S_Start + 0xc8):__OPTION_SETTING_S_Start
 *(.option_setting_bps_sel2)