Archive member included to satisfy reference by file (symbol)

C:/Program Files (x86)/Arm GNU Toolchain arm-none-eabi/13.2 Rel1/bin/../lib/gcc/arm-none-eabi/13.2.1/thumb/v8-m.main+fp/hard\libgcc.a(_aeabi_uldivmod.o)
                              ./ra/arm/mbedtls/library/bignum.o (__aeabi_uldivmod)
C:/Program Files (x86)/Arm GNU Toolchain arm-none-eabi/13.2 Rel1/bin/../lib/gcc/arm-none-eabi/13.2.1/thumb/v8-m.main+fp/hard\libgcc.a(_udivmoddi4.o)
                              C:/Program Files (x86)/Arm GNU Toolchain arm-none-eabi/13.2 Rel1/bin/../lib/gcc/arm-none-eabi/13.2.1/thumb/v8-m.main+fp/hard\libgcc.a(_aeabi_uldivmod.o) (__udivmoddi4)
C:/Program Files (x86)/Arm GNU Toolchain arm-none-eabi/13.2 Rel1/bin/../lib/gcc/arm-none-eabi/13.2.1/thumb/v8-m.main+fp/hard\libgcc.a(_dvmd_tls.o)
                              C:/Program Files (x86)/Arm GNU Toolchain arm-none-eabi/13.2 Rel1/bin/../lib/gcc/arm-none-eabi/13.2.1/thumb/v8-m.main+fp/hard\libgcc.a(_aeabi_uldivmod.o) (__aeabi_ldiv0)
C:/Program Files (x86)/Arm GNU Toolchain arm-none-eabi/13.2 Rel1/bin/../lib/gcc/arm-none-eabi/13.2.1/thumb/v8-m.main+fp/hard\libg_nano.a(libc_a-calloc.o)
                              ./ra/arm/mbedtls/library/platform.o (calloc)
C:/Program Files (x86)/Arm GNU Toolchain arm-none-eabi/13.2 Rel1/bin/../lib/gcc/arm-none-eabi/13.2.1/thumb/v8-m.main+fp/hard\libg_nano.a(libc_a-callocr.o)
                              C:/Program Files (x86)/Arm GNU Toolchain arm-none-eabi/13.2 Rel1/bin/../lib/gcc/arm-none-eabi/13.2.1/thumb/v8-m.main+fp/hard\libg_nano.a(libc_a-calloc.o) (_calloc_r)
C:/Program Files (x86)/Arm GNU Toolchain arm-none-eabi/13.2 Rel1/bin/../lib/gcc/arm-none-eabi/13.2.1/thumb/v8-m.main+fp/hard\libg_nano.a(libc_a-exit.o)
                              C:/Program Files (x86)/Arm GNU Toolchain arm-none-eabi/13.2 Rel1/bin/../lib/gcc/arm-none-eabi/13.2.1/thumb/v8-m.main+fp/hard/rdimon-crt0.o (exit)
C:/Program Files (x86)/Arm GNU Toolchain arm-none-eabi/13.2 Rel1/bin/../lib/gcc/arm-none-eabi/13.2.1/thumb/v8-m.main+fp/hard\libg_nano.a(libc_a-malloc.o)
                              ./ra/mcu-tools/MCUboot/boot/bootutil/src/loader.o (malloc)
C:/Program Files (x86)/Arm GNU Toolchain arm-none-eabi/13.2 Rel1/bin/../lib/gcc/arm-none-eabi/13.2.1/thumb/v8-m.main+fp/hard\libg_nano.a(libc_a-mallocr.o)
                              C:/Program Files (x86)/Arm GNU Toolchain arm-none-eabi/13.2 Rel1/bin/../lib/gcc/arm-none-eabi/13.2.1/thumb/v8-m.main+fp/hard\libg_nano.a(libc_a-callocr.o) (_malloc_r)
C:/Program Files (x86)/Arm GNU Toolchain arm-none-eabi/13.2 Rel1/bin/../lib/gcc/arm-none-eabi/13.2.1/thumb/v8-m.main+fp/hard\libg_nano.a(libc_a-mlock.o)
                              C:/Program Files (x86)/Arm GNU Toolchain arm-none-eabi/13.2 Rel1/bin/../lib/gcc/arm-none-eabi/13.2.1/thumb/v8-m.main+fp/hard\libg_nano.a(libc_a-mallocr.o) (__malloc_lock)
C:/Program Files (x86)/Arm GNU Toolchain arm-none-eabi/13.2 Rel1/bin/../lib/gcc/arm-none-eabi/13.2.1/thumb/v8-m.main+fp/hard\libg_nano.a(libc_a-findfp.o)
                              C:/Program Files (x86)/Arm GNU Toolchain arm-none-eabi/13.2 Rel1/bin/../lib/gcc/arm-none-eabi/13.2.1/thumb/v8-m.main+fp/hard\libg_nano.a(libc_a-exit.o) (__stdio_exit_handler)
C:/Program Files (x86)/Arm GNU Toolchain arm-none-eabi/13.2 Rel1/bin/../lib/gcc/arm-none-eabi/13.2.1/thumb/v8-m.main+fp/hard\libg_nano.a(libc_a-fwalk.o)
                              C:/Program Files (x86)/Arm GNU Toolchain arm-none-eabi/13.2 Rel1/bin/../lib/gcc/arm-none-eabi/13.2.1/thumb/v8-m.main+fp/hard\libg_nano.a(libc_a-findfp.o) (_fwalk_sglue)
C:/Program Files (x86)/Arm GNU Toolchain arm-none-eabi/13.2 Rel1/bin/../lib/gcc/arm-none-eabi/13.2.1/thumb/v8-m.main+fp/hard\libg_nano.a(libc_a-snprintf.o)
                              ./ra/arm/mbedtls/library/error.o (snprintf)
C:/Program Files (x86)/Arm GNU Toolchain arm-none-eabi/13.2 Rel1/bin/../lib/gcc/arm-none-eabi/13.2.1/thumb/v8-m.main+fp/hard\libg_nano.a(libc_a-stdio.o)
                              C:/Program Files (x86)/Arm GNU Toolchain arm-none-eabi/13.2 Rel1/bin/../lib/gcc/arm-none-eabi/13.2.1/thumb/v8-m.main+fp/hard\libg_nano.a(libc_a-findfp.o) (__sread)
C:/Program Files (x86)/Arm GNU Toolchain arm-none-eabi/13.2 Rel1/bin/../lib/gcc/arm-none-eabi/13.2.1/thumb/v8-m.main+fp/hard\libg_nano.a(libc_a-memcmp.o)
                              ./ra/mcu-tools/MCUboot/boot/bootutil/src/bootutil_misc.o (memcmp)
C:/Program Files (x86)/Arm GNU Toolchain arm-none-eabi/13.2 Rel1/bin/../lib/gcc/arm-none-eabi/13.2.1/thumb/v8-m.main+fp/hard\libg_nano.a(libc_a-memmove.o)
                              ./ra/arm/mbedtls/library/bignum.o (memmove)
C:/Program Files (x86)/Arm GNU Toolchain arm-none-eabi/13.2 Rel1/bin/../lib/gcc/arm-none-eabi/13.2.1/thumb/v8-m.main+fp/hard\libg_nano.a(libc_a-memset.o)
                              C:/Program Files (x86)/Arm GNU Toolchain arm-none-eabi/13.2 Rel1/bin/../lib/gcc/arm-none-eabi/13.2.1/thumb/v8-m.main+fp/hard/rdimon-crt0.o (memset)
[...]
Memory Configuration

Name             Origin             Length             Attributes
ITCM             0x00000000         0x00000000         xr
DTCM             0x00000000         0x00000000         xrw
FLASH            0x00000000         0x00010000         xr
RAM              0x20000000         0x00040000         xrw
DATA_FLASH       0x08000000         0x00002000         xr
QSPI_FLASH       0x60000000         0x04000000         xr
OSPI_DEVICE_0    0x68000000         0x08000000         xr
OSPI_DEVICE_1    0x70000000         0x10000000         xr
OSPI_DEVICE_0_RAM 0x68000000         0x08000000         xrw
OSPI_DEVICE_1_RAM 0x70000000         0x10000000         xrw
SDRAM            0x80010000         0x00000000         xrw
OPTION_SETTING   0x0100a100         0x00000100         r
OPTION_SETTING_OFS 0x0100a100         0x00000018         r
OPTION_SETTING_SAS 0x0100a134         0x000000cc         r
OPTION_SETTING_S 0x0100a200         0x00000100         r
ID_CODE          0x00000000         0x00000000         xr
*default*        0x00000000         0xffffffff

Linker script and memory map

LOAD C:/Program Files (x86)/Arm GNU Toolchain arm-none-eabi/13.2 Rel1/bin/../lib/gcc/arm-none-eabi/13.2.1/thumb/v8-m.main+fp/hard/crti.o
LOAD C:/Program Files (x86)/Arm GNU Toolchain arm-none-eabi/13.2 Rel1/bin/../lib/gcc/arm-none-eabi/13.2.1/thumb/v8-m.main+fp/hard/crtbegin.o
LOAD C:/Program Files (x86)/Arm GNU Toolchain arm-none-eabi/13.2 Rel1/bin/../lib/gcc/arm-none-eabi/13.2.1/thumb/v8-m.main+fp/hard/rdimon-crt0.o
START GROUP
LOAD ./src/hal_entry.o
LOAD ./ra_gen/common_data.o
LOAD ./ra_gen/hal_data.o
LOAD ./ra_gen/main.o
LOAD ./ra_gen/pin_data.o
LOAD ./ra_gen/vector_data.o
LOAD ./ra/mcu-tools/MCUboot/sim/mcuboot-sys/csupport/keys.o
LOAD ./ra/mcu-tools/MCUboot/boot/bootutil/src/boot_record.o
LOAD ./ra/mcu-tools/MCUboot/boot/bootutil/src/bootutil_misc.o
LOAD ./ra/mcu-tools/MCUboot/boot/bootutil/src/bootutil_public.o
LOAD ./ra/mcu-tools/MCUboot/boot/bootutil/src/caps.o
LOAD ./ra/mcu-tools/MCUboot/boot/bootutil/src/encrypted.o
LOAD ./ra/mcu-tools/MCUboot/boot/bootutil/src/fault_injection_hardening.o
LOAD ./ra/mcu-tools/MCUboot/boot/bootutil/src/fault_injection_hardening_delay_rng_mbedtls.o
LOAD ./ra/mcu-tools/MCUboot/boot/bootutil/src/image_ecdsa.o
LOAD ./ra/mcu-tools/MCUboot/boot/bootutil/src/image_ed25519.o
LOAD ./ra/mcu-tools/MCUboot/boot/bootutil/src/image_rsa.o
LOAD ./ra/mcu-tools/MCUboot/boot/bootutil/src/image_validate.o
LOAD ./ra/mcu-tools/MCUboot/boot/bootutil/src/loader.o
LOAD ./ra/mcu-tools/MCUboot/boot/bootutil/src/swap_misc.o
LOAD ./ra/mcu-tools/MCUboot/boot/bootutil/src/swap_move.o
LOAD ./ra/mcu-tools/MCUboot/boot/bootutil/src/swap_scratch.o
LOAD ./ra/mcu-tools/MCUboot/boot/bootutil/src/tlv.o
LOAD ./ra/fsp/src/rm_psa_crypto/aes_alt.o
LOAD ./ra/fsp/src/rm_psa_crypto/aes_alt_process.o
LOAD ./ra/fsp/src/rm_psa_crypto/aes_vendor.o
LOAD ./ra/fsp/src/rm_psa_crypto/asymmetric_vendor.o
LOAD ./ra/fsp/src/rm_psa_crypto/ccm_alt.o
LOAD ./ra/fsp/src/rm_psa_crypto/ccm_alt_process.o
LOAD ./ra/fsp/src/rm_psa_crypto/cipher_alt.o
LOAD ./ra/fsp/src/rm_psa_crypto/cmac_alt.o
LOAD ./ra/fsp/src/rm_psa_crypto/ctr_drbg_alt.o
LOAD ./ra/fsp/src/rm_psa_crypto/ecdh_alt.o
LOAD ./ra/fsp/src/rm_psa_crypto/ecdsa_alt.o
LOAD ./ra/fsp/src/rm_psa_crypto/ecdsa_alt_process.o
LOAD ./ra/fsp/src/rm_psa_crypto/ecp_alt.o
LOAD ./ra/fsp/src/rm_psa_crypto/ecp_alt_process.o
LOAD ./ra/fsp/src/rm_psa_crypto/ecp_curves_alt.o
LOAD ./ra/fsp/src/rm_psa_crypto/gcm_alt.o
LOAD ./ra/fsp/src/rm_psa_crypto/gcm_alt_process.o
LOAD ./ra/fsp/src/rm_psa_crypto/platform_alt.o
LOAD ./ra/fsp/src/rm_psa_crypto/rm_psa_crypto.o
LOAD ./ra/fsp/src/rm_psa_crypto/rsa_alt.o
LOAD ./ra/fsp/src/rm_psa_crypto/rsa_alt_process.o
LOAD ./ra/fsp/src/rm_psa_crypto/sha256_alt.o
LOAD ./ra/fsp/src/rm_psa_crypto/sha256_alt_process.o
LOAD ./ra/fsp/src/rm_psa_crypto/sha512_alt.o
LOAD ./ra/fsp/src/rm_psa_crypto/sha512_alt_process.o
LOAD ./ra/fsp/src/rm_psa_crypto/trng_entropy.o
LOAD ./ra/fsp/src/rm_psa_crypto/vendor.o
LOAD ./ra/fsp/src/rm_mcuboot_port/custom_crypto_stacks/protected_mode/sce9_image_ec256.o
LOAD ./ra/fsp/src/rm_mcuboot_port/custom_crypto_stacks/protected_mode/sce9_image_rsa.o
LOAD ./ra/fsp/src/rm_mcuboot_port/custom_crypto_stacks/protected_mode/sce9_keys.o
LOAD ./ra/fsp/src/rm_mcuboot_port/flash_map.o
LOAD ./ra/fsp/src/rm_mcuboot_port/rm_mcuboot_port.o
LOAD ./ra/fsp/src/r_sce/crypto_procedures/src/sce9/plainkey/primitive/hw_sce_p_func000.o
LOAD ./ra/fsp/src/r_sce/crypto_procedures/src/sce9/plainkey/primitive/hw_sce_p_func001.o
LOAD ./ra/fsp/src/r_sce/crypto_procedures/src/sce9/plainkey/primitive/hw_sce_p_func002.o
LOAD ./ra/fsp/src/r_sce/crypto_procedures/src/sce9/plainkey/primitive/hw_sce_p_func027.o
LOAD ./ra/fsp/src/r_sce/crypto_procedures/src/sce9/plainkey/primitive/hw_sce_p_func028.o
LOAD ./ra/fsp/src/r_sce/crypto_procedures/src/sce9/plainkey/primitive/hw_sce_p_func031.o
LOAD ./ra/fsp/src/r_sce/crypto_procedures/src/sce9/plainkey/primitive/hw_sce_p_func043.o
LOAD ./ra/fsp/src/r_sce/crypto_procedures/src/sce9/plainkey/primitive/hw_sce_p_func044.o
LOAD ./ra/fsp/src/r_sce/crypto_procedures/src/sce9/plainkey/primitive/hw_sce_p_func048.o
LOAD ./ra/fsp/src/r_sce/crypto_procedures/src/sce9/plainkey/primitive/hw_sce_p_func049.o
LOAD ./ra/fsp/src/r_sce/crypto_procedures/src/sce9/plainkey/primitive/hw_sce_p_func050.o
LOAD ./ra/fsp/src/r_sce/crypto_procedures/src/sce9/plainkey/primitive/hw_sce_p_func051.o
LOAD ./ra/fsp/src/r_sce/crypto_procedures/src/sce9/plainkey/primitive/hw_sce_p_func052.o
LOAD ./ra/fsp/src/r_sce/crypto_procedures/src/sce9/plainkey/primitive/hw_sce_p_func053.o
LOAD ./ra/fsp/src/r_sce/crypto_procedures/src/sce9/plainkey/primitive/hw_sce_p_func054.o
LOAD ./ra/fsp/src/r_sce/crypto_procedures/src/sce9/plainkey/primitive/hw_sce_p_func057.o
LOAD ./ra/fsp/src/r_sce/crypto_procedures/src/sce9/plainkey/primitive/hw_sce_p_func058.o
LOAD ./ra/fsp/src/r_sce/crypto_procedures/src/sce9/plainkey/primitive/hw_sce_p_func059.o
LOAD ./ra/fsp/src/r_sce/crypto_procedures/src/sce9/plainkey/primitive/hw_sce_p_func060.o
LOAD ./ra/fsp/src/r_sce/crypto_procedures/src/sce9/plainkey/primitive/hw_sce_p_func061.o
LOAD ./ra/fsp/src/r_sce/crypto_procedures/src/sce9/plainkey/primitive/hw_sce_p_func062.o
LOAD ./ra/fsp/src/r_sce/crypto_procedures/src/sce9/plainkey/primitive/hw_sce_p_func063.o
LOAD ./ra/fsp/src/r_sce/crypto_procedures/src/sce9/plainkey/primitive/hw_sce_p_func064.o
LOAD ./ra/fsp/src/r_sce/crypto_procedures/src/sce9/plainkey/primitive/hw_sce_p_func065.o
LOAD ./ra/fsp/src/r_sce/crypto_procedures/src/sce9/plainkey/primitive/hw_sce_p_func066.o
LOAD ./ra/fsp/src/r_sce/crypto_procedures/src/sce9/plainkey/primitive/hw_sce_p_func067.o
LOAD ./ra/fsp/src/r_sce/crypto_procedures/src/sce9/plainkey/primitive/hw_sce_p_func068.o
LOAD ./ra/fsp/src/r_sce/crypto_procedures/src/sce9/plainkey/primitive/hw_sce_p_func070.o
LOAD ./ra/fsp/src/r_sce/crypto_procedures/src/sce9/plainkey/primitive/hw_sce_p_func071.o
LOAD ./ra/fsp/src/r_sce/crypto_procedures/src/sce9/plainkey/primitive/hw_sce_p_func074.o
LOAD ./ra/fsp/src/r_sce/crypto_procedures/src/sce9/plainkey/primitive/hw_sce_p_func075.o
LOAD ./ra/fsp/src/r_sce/crypto_procedures/src/sce9/plainkey/primitive/hw_sce_p_func076.o
LOAD ./ra/fsp/src/r_sce/crypto_procedures/src/sce9/plainkey/primitive/hw_sce_p_func077.o
LOAD ./ra/fsp/src/r_sce/crypto_procedures/src/sce9/plainkey/primitive/hw_sce_p_func080.o
LOAD ./ra/fsp/src/r_sce/crypto_procedures/src/sce9/plainkey/primitive/hw_sce_p_func081.o
LOAD ./ra/fsp/src/r_sce/crypto_procedures/src/sce9/plainkey/primitive/hw_sce_p_func082.o
LOAD ./ra/fsp/src/r_sce/crypto_procedures/src/sce9/plainkey/primitive/hw_sce_p_func100.o
LOAD ./ra/fsp/src/r_sce/crypto_procedures/src/sce9/plainkey/primitive/hw_sce_p_func101.o
LOAD ./ra/fsp/src/r_sce/crypto_procedures/src/sce9/plainkey/primitive/hw_sce_p_func102.o
LOAD ./ra/fsp/src/r_sce/crypto_procedures/src/sce9/plainkey/primitive/hw_sce_p_func103.o
LOAD ./ra/fsp/src/r_sce/crypto_procedures/src/sce9/plainkey/primitive/hw_sce_p_func200.o
LOAD ./ra/fsp/src/r_sce/crypto_procedures/src/sce9/plainkey/primitive/hw_sce_p_func202.o
LOAD ./ra/fsp/src/r_sce/crypto_procedures/src/sce9/plainkey/primitive/hw_sce_p_func205.o
LOAD ./ra/fsp/src/r_sce/crypto_procedures/src/sce9/plainkey/primitive/hw_sce_p_func206.o
LOAD ./ra/fsp/src/r_sce/crypto_procedures/src/sce9/plainkey/primitive/hw_sce_p_func207.o
LOAD ./ra/fsp/src/r_sce/crypto_procedures/src/sce9/plainkey/primitive/hw_sce_p_func300.o
LOAD ./ra/fsp/src/r_sce/crypto_procedures/src/sce9/plainkey/primitive/hw_sce_p_func301.o
LOAD ./ra/fsp/src/r_sce/crypto_procedures/src/sce9/plainkey/primitive/hw_sce_p_func302.o
LOAD ./ra/fsp/src/r_sce/crypto_procedures/src/sce9/plainkey/primitive/hw_sce_p_func304.o
LOAD ./ra/fsp/src/r_sce/crypto_procedures/src/sce9/plainkey/primitive/hw_sce_p_func307.o
LOAD ./ra/fsp/src/r_sce/crypto_procedures/src/sce9/plainkey/primitive/hw_sce_p_func308.o
LOAD ./ra/fsp/src/r_sce/crypto_procedures/src/sce9/plainkey/primitive/hw_sce_p_func309.o
LOAD ./ra/fsp/src/r_sce/crypto_procedures/src/sce9/plainkey/primitive/hw_sce_p_func310.o
LOAD ./ra/fsp/src/r_sce/crypto_procedures/src/sce9/plainkey/primitive/hw_sce_p_func311.o
LOAD ./ra/fsp/src/r_sce/crypto_procedures/src/sce9/plainkey/primitive/hw_sce_p_func312.o
LOAD ./ra/fsp/src/r_sce/crypto_procedures/src/sce9/plainkey/primitive/hw_sce_p_func313.o
LOAD ./ra/fsp/src/r_sce/crypto_procedures/src/sce9/plainkey/primitive/hw_sce_p_func314.o
LOAD ./ra/fsp/src/r_sce/crypto_procedures/src/sce9/plainkey/primitive/hw_sce_p_func315.o
LOAD ./ra/fsp/src/r_sce/crypto_procedures/src/sce9/plainkey/primitive/hw_sce_p_func316.o
LOAD ./ra/fsp/src/r_sce/crypto_procedures/src/sce9/plainkey/primitive/hw_sce_p_func317.o
LOAD ./ra/fsp/src/r_sce/crypto_procedures/src/sce9/plainkey/primitive/hw_sce_p_func318.o
LOAD ./ra/fsp/src/r_sce/crypto_procedures/src/sce9/plainkey/primitive/hw_sce_p_func319.o
LOAD ./ra/fsp/src/r_sce/crypto_procedures/src/sce9/plainkey/primitive/hw_sce_p_func320.o
LOAD ./ra/fsp/src/r_sce/crypto_procedures/src/sce9/plainkey/primitive/hw_sce_p_func321.o
LOAD ./ra/fsp/src/r_sce/crypto_procedures/src/sce9/plainkey/primitive/hw_sce_p_func322.o
LOAD ./ra/fsp/src/r_sce/crypto_procedures/src/sce9/plainkey/primitive/hw_sce_p_func323.o
LOAD ./ra/fsp/src/r_sce/crypto_procedures/src/sce9/plainkey/primitive/hw_sce_p_func324.o
LOAD ./ra/fsp/src/r_sce/crypto_procedures/src/sce9/plainkey/primitive/hw_sce_p_func325.o
LOAD ./ra/fsp/src/r_sce/crypto_procedures/src/sce9/plainkey/primitive/hw_sce_p_p00.o
LOAD ./ra/fsp/src/r_sce/crypto_procedures/src/sce9/plainkey/primitive/hw_sce_p_p01.o
LOAD ./ra/fsp/src/r_sce/crypto_procedures/src/sce9/plainkey/primitive/hw_sce_p_p02.o
LOAD ./ra/fsp/src/r_sce/crypto_procedures/src/sce9/plainkey/primitive/hw_sce_p_p07.o
LOAD ./ra/fsp/src/r_sce/crypto_procedures/src/sce9/plainkey/primitive/hw_sce_p_p08.o
LOAD ./ra/fsp/src/r_sce/crypto_procedures/src/sce9/plainkey/primitive/hw_sce_p_p15.o
LOAD ./ra/fsp/src/r_sce/crypto_procedures/src/sce9/plainkey/primitive/hw_sce_p_p16.o
LOAD ./ra/fsp/src/r_sce/crypto_procedures/src/sce9/plainkey/primitive/hw_sce_p_p17.o
LOAD ./ra/fsp/src/r_sce/crypto_procedures/src/sce9/plainkey/primitive/hw_sce_p_p20.o
LOAD ./ra/fsp/src/r_sce/crypto_procedures/src/sce9/plainkey/primitive/hw_sce_p_p21.o
LOAD ./ra/fsp/src/r_sce/crypto_procedures/src/sce9/plainkey/primitive/hw_sce_p_p26.o
LOAD ./ra/fsp/src/r_sce/crypto_procedures/src/sce9/plainkey/primitive/hw_sce_p_p29a.o
LOAD ./ra/fsp/src/r_sce/crypto_procedures/src/sce9/plainkey/primitive/hw_sce_p_p29f.o
LOAD ./ra/fsp/src/r_sce/crypto_procedures/src/sce9/plainkey/primitive/hw_sce_p_p29i.o
LOAD ./ra/fsp/src/r_sce/crypto_procedures/src/sce9/plainkey/primitive/hw_sce_p_p29t.o
LOAD ./ra/fsp/src/r_sce/crypto_procedures/src/sce9/plainkey/primitive/hw_sce_p_p29u.o
LOAD ./ra/fsp/src/r_sce/crypto_procedures/src/sce9/plainkey/primitive/hw_sce_p_p2b.o
LOAD ./ra/fsp/src/r_sce/crypto_procedures/src/sce9/plainkey/primitive/hw_sce_p_p32a.o
LOAD ./ra/fsp/src/r_sce/crypto_procedures/src/sce9/plainkey/primitive/hw_sce_p_p32f.o
LOAD ./ra/fsp/src/r_sce/crypto_procedures/src/sce9/plainkey/primitive/hw_sce_p_p32i.o
LOAD ./ra/fsp/src/r_sce/crypto_procedures/src/sce9/plainkey/primitive/hw_sce_p_p32t.o
LOAD ./ra/fsp/src/r_sce/crypto_procedures/src/sce9/plainkey/primitive/hw_sce_p_p32u.o
LOAD ./ra/fsp/src/r_sce/crypto_procedures/src/sce9/plainkey/primitive/hw_sce_p_p34a.o
LOAD ./ra/fsp/src/r_sce/crypto_procedures/src/sce9/plainkey/primitive/hw_sce_p_p34f.o
LOAD ./ra/fsp/src/r_sce/crypto_procedures/src/sce9/plainkey/primitive/hw_sce_p_p34i.o
LOAD ./ra/fsp/src/r_sce/crypto_procedures/src/sce9/plainkey/primitive/hw_sce_p_p34t.o
LOAD ./ra/fsp/src/r_sce/crypto_procedures/src/sce9/plainkey/primitive/hw_sce_p_p34u.o
LOAD ./ra/fsp/src/r_sce/crypto_procedures/src/sce9/plainkey/primitive/hw_sce_p_p36a.o
LOAD ./ra/fsp/src/r_sce/crypto_procedures/src/sce9/plainkey/primitive/hw_sce_p_p36f.o
LOAD ./ra/fsp/src/r_sce/crypto_procedures/src/sce9/plainkey/primitive/hw_sce_p_p36i.o
LOAD ./ra/fsp/src/r_sce/crypto_procedures/src/sce9/plainkey/primitive/hw_sce_p_p36t.o
LOAD ./ra/fsp/src/r_sce/crypto_procedures/src/sce9/plainkey/primitive/hw_sce_p_p36u.o
LOAD ./ra/fsp/src/r_sce/crypto_procedures/src/sce9/plainkey/primitive/hw_sce_p_p40.o
LOAD ./ra/fsp/src/r_sce/crypto_procedures/src/sce9/plainkey/primitive/hw_sce_p_p41f.o
LOAD ./ra/fsp/src/r_sce/crypto_procedures/src/sce9/plainkey/primitive/hw_sce_p_p41i.o
LOAD ./ra/fsp/src/r_sce/crypto_procedures/src/sce9/plainkey/primitive/hw_sce_p_p41u.o
LOAD ./ra/fsp/src/r_sce/crypto_procedures/src/sce9/plainkey/primitive/hw_sce_p_p44f.o
LOAD ./ra/fsp/src/r_sce/crypto_procedures/src/sce9/plainkey/primitive/hw_sce_p_p44i.o
LOAD ./ra/fsp/src/r_sce/crypto_procedures/src/sce9/plainkey/primitive/hw_sce_p_p44u.o
LOAD ./ra/fsp/src/r_sce/crypto_procedures/src/sce9/plainkey/primitive/hw_sce_p_p47f.o
LOAD ./ra/fsp/src/r_sce/crypto_procedures/src/sce9/plainkey/primitive/hw_sce_p_p47i.o
LOAD ./ra/fsp/src/r_sce/crypto_procedures/src/sce9/plainkey/primitive/hw_sce_p_p47u.o
LOAD ./ra/fsp/src/r_sce/crypto_procedures/src/sce9/plainkey/primitive/hw_sce_p_p50f.o
LOAD ./ra/fsp/src/r_sce/crypto_procedures/src/sce9/plainkey/primitive/hw_sce_p_p50i.o
LOAD ./ra/fsp/src/r_sce/crypto_procedures/src/sce9/plainkey/primitive/hw_sce_p_p50u.o
LOAD ./ra/fsp/src/r_sce/crypto_procedures/src/sce9/plainkey/primitive/hw_sce_p_p56.o
LOAD ./ra/fsp/src/r_sce/crypto_procedures/src/sce9/plainkey/primitive/hw_sce_p_p57.o
LOAD ./ra/fsp/src/r_sce/crypto_procedures/src/sce9/plainkey/primitive/hw_sce_p_p6e.o
LOAD ./ra/fsp/src/r_sce/crypto_procedures/src/sce9/plainkey/primitive/hw_sce_p_p72.o
LOAD ./ra/fsp/src/r_sce/crypto_procedures/src/sce9/plainkey/primitive/hw_sce_p_p76f.o
LOAD ./ra/fsp/src/r_sce/crypto_procedures/src/sce9/plainkey/primitive/hw_sce_p_p76i.o
LOAD ./ra/fsp/src/r_sce/crypto_procedures/src/sce9/plainkey/primitive/hw_sce_p_p76u.o
LOAD ./ra/fsp/src/r_sce/crypto_procedures/src/sce9/plainkey/primitive/hw_sce_p_p79.o
LOAD ./ra/fsp/src/r_sce/crypto_procedures/src/sce9/plainkey/primitive/hw_sce_p_p7b.o
LOAD ./ra/fsp/src/r_sce/crypto_procedures/src/sce9/plainkey/primitive/hw_sce_p_p83a.o
LOAD ./ra/fsp/src/r_sce/crypto_procedures/src/sce9/plainkey/primitive/hw_sce_p_p83f.o
LOAD ./ra/fsp/src/r_sce/crypto_procedures/src/sce9/plainkey/primitive/hw_sce_p_p83i.o
LOAD ./ra/fsp/src/r_sce/crypto_procedures/src/sce9/plainkey/primitive/hw_sce_p_p83t.o
LOAD ./ra/fsp/src/r_sce/crypto_procedures/src/sce9/plainkey/primitive/hw_sce_p_p83u.o
LOAD ./ra/fsp/src/r_sce/crypto_procedures/src/sce9/plainkey/primitive/hw_sce_p_p85a.o
LOAD ./ra/fsp/src/r_sce/crypto_procedures/src/sce9/plainkey/primitive/hw_sce_p_p85f.o
LOAD ./ra/fsp/src/r_sce/crypto_procedures/src/sce9/plainkey/primitive/hw_sce_p_p85i.o
LOAD ./ra/fsp/src/r_sce/crypto_procedures/src/sce9/plainkey/primitive/hw_sce_p_p85t.o
LOAD ./ra/fsp/src/r_sce/crypto_procedures/src/sce9/plainkey/primitive/hw_sce_p_p85u.o
LOAD ./ra/fsp/src/r_sce/crypto_procedures/src/sce9/plainkey/primitive/hw_sce_p_p89f.o
LOAD ./ra/fsp/src/r_sce/crypto_procedures/src/sce9/plainkey/primitive/hw_sce_p_p89i.o
LOAD ./ra/fsp/src/r_sce/crypto_procedures/src/sce9/plainkey/primitive/hw_sce_p_p89u.o
LOAD ./ra/fsp/src/r_sce/crypto_procedures/src/sce9/plainkey/primitive/hw_sce_p_p92.o
LOAD ./ra/fsp/src/r_sce/crypto_procedures/src/sce9/plainkey/primitive/hw_sce_p_p95f.o
LOAD ./ra/fsp/src/r_sce/crypto_procedures/src/sce9/plainkey/primitive/hw_sce_p_p95i.o
LOAD ./ra/fsp/src/r_sce/crypto_procedures/src/sce9/plainkey/primitive/hw_sce_p_p95u.o
LOAD ./ra/fsp/src/r_sce/crypto_procedures/src/sce9/plainkey/primitive/hw_sce_p_p98f.o
LOAD ./ra/fsp/src/r_sce/crypto_procedures/src/sce9/plainkey/primitive/hw_sce_p_p98i.o
LOAD ./ra/fsp/src/r_sce/crypto_procedures/src/sce9/plainkey/primitive/hw_sce_p_p98u.o
LOAD ./ra/fsp/src/r_sce/crypto_procedures/src/sce9/plainkey/primitive/hw_sce_p_p9a.o
LOAD ./ra/fsp/src/r_sce/crypto_procedures/src/sce9/plainkey/primitive/hw_sce_p_p9b.o
LOAD ./ra/fsp/src/r_sce/crypto_procedures/src/sce9/plainkey/primitive/hw_sce_p_pa1f.o
LOAD ./ra/fsp/src/r_sce/crypto_procedures/src/sce9/plainkey/primitive/hw_sce_p_pa1i.o
LOAD ./ra/fsp/src/r_sce/crypto_procedures/src/sce9/plainkey/primitive/hw_sce_p_pa1u.o
LOAD ./ra/fsp/src/r_sce/crypto_procedures/src/sce9/plainkey/primitive/hw_sce_p_pa4f.o
LOAD ./ra/fsp/src/r_sce/crypto_procedures/src/sce9/plainkey/primitive/hw_sce_p_pa4i.o
LOAD ./ra/fsp/src/r_sce/crypto_procedures/src/sce9/plainkey/primitive/hw_sce_p_pa4u.o
LOAD ./ra/fsp/src/r_sce/crypto_procedures/src/sce9/plainkey/primitive/hw_sce_p_pa7f.o
LOAD ./ra/fsp/src/r_sce/crypto_procedures/src/sce9/plainkey/primitive/hw_sce_p_pa7i.o
LOAD ./ra/fsp/src/r_sce/crypto_procedures/src/sce9/plainkey/primitive/hw_sce_p_pa7u.o
LOAD ./ra/fsp/src/r_sce/crypto_procedures/src/sce9/plainkey/primitive/hw_sce_p_pb0f.o
LOAD ./ra/fsp/src/r_sce/crypto_procedures/src/sce9/plainkey/primitive/hw_sce_p_pb0i.o
LOAD ./ra/fsp/src/r_sce/crypto_procedures/src/sce9/plainkey/primitive/hw_sce_p_pb0u.o
LOAD ./ra/fsp/src/r_sce/crypto_procedures/src/sce9/plainkey/primitive/hw_sce_p_pb3f.o
LOAD ./ra/fsp/src/r_sce/crypto_procedures/src/sce9/plainkey/primitive/hw_sce_p_pb3i.o
LOAD ./ra/fsp/src/r_sce/crypto_procedures/src/sce9/plainkey/primitive/hw_sce_p_pb3u.o
LOAD ./ra/fsp/src/r_sce/crypto_procedures/src/sce9/plainkey/primitive/hw_sce_p_pb6f.o
LOAD ./ra/fsp/src/r_sce/crypto_procedures/src/sce9/plainkey/primitive/hw_sce_p_pb6i.o
LOAD ./ra/fsp/src/r_sce/crypto_procedures/src/sce9/plainkey/primitive/hw_sce_p_pb6u.o
LOAD ./ra/fsp/src/r_sce/crypto_procedures/src/sce9/plainkey/primitive/hw_sce_p_pb9f.o
LOAD ./ra/fsp/src/r_sce/crypto_procedures/src/sce9/plainkey/primitive/hw_sce_p_pb9i.o
LOAD ./ra/fsp/src/r_sce/crypto_procedures/src/sce9/plainkey/primitive/hw_sce_p_pb9u.o
LOAD ./ra/fsp/src/r_sce/crypto_procedures/src/sce9/plainkey/primitive/hw_sce_p_pc2f.o
LOAD ./ra/fsp/src/r_sce/crypto_procedures/src/sce9/plainkey/primitive/hw_sce_p_pc2i.o
LOAD ./ra/fsp/src/r_sce/crypto_procedures/src/sce9/plainkey/primitive/hw_sce_p_pc2u.o
LOAD ./ra/fsp/src/r_sce/crypto_procedures/src/sce9/plainkey/primitive/hw_sce_p_pf0.o
LOAD ./ra/fsp/src/r_sce/crypto_procedures/src/sce9/plainkey/primitive/hw_sce_p_pf1.o
LOAD ./ra/fsp/src/r_sce/crypto_procedures/src/sce9/plainkey/primitive/hw_sce_p_pf4.o
LOAD ./ra/fsp/src/r_sce/crypto_procedures/src/sce9/plainkey/primitive/hw_sce_p_pf5.o
LOAD ./ra/fsp/src/r_sce/crypto_procedures/src/sce9/plainkey/primitive/hw_sce_p_pf6.o
LOAD ./ra/fsp/src/r_sce/crypto_procedures/src/sce9/plainkey/primitive/hw_sce_p_pf9.o
LOAD ./ra/fsp/src/r_sce/crypto_procedures/src/sce9/plainkey/primitive/hw_sce_p_subprc01.o
LOAD ./ra/fsp/src/r_sce/crypto_procedures/src/sce9/plainkey/primitive/s_flash2.o
LOAD ./ra/fsp/src/r_sce/crypto_procedures/src/sce9/plainkey/adaptors/r_sce_adapt.o
LOAD ./ra/fsp/src/r_ioport/r_ioport.o
LOAD ./ra/fsp/src/r_flash_hp/r_flash_hp.o
LOAD ./ra/fsp/src/bsp/mcu/all/bsp_clocks.o
LOAD ./ra/fsp/src/bsp/mcu/all/bsp_common.o
LOAD ./ra/fsp/src/bsp/mcu/all/bsp_delay.o
LOAD ./ra/fsp/src/bsp/mcu/all/bsp_group_irq.o
LOAD ./ra/fsp/src/bsp/mcu/all/bsp_guard.o
LOAD ./ra/fsp/src/bsp/mcu/all/bsp_io.o
LOAD ./ra/fsp/src/bsp/mcu/all/bsp_irq.o
LOAD ./ra/fsp/src/bsp/mcu/all/bsp_macl.o
LOAD ./ra/fsp/src/bsp/mcu/all/bsp_register_protection.o
LOAD ./ra/fsp/src/bsp/mcu/all/bsp_rom_registers.o
LOAD ./ra/fsp/src/bsp/mcu/all/bsp_sbrk.o
LOAD ./ra/fsp/src/bsp/mcu/all/bsp_sdram.o
LOAD ./ra/fsp/src/bsp/mcu/all/bsp_security.o
LOAD ./ra/fsp/src/bsp/cmsis/Device/RENESAS/Source/startup.o
LOAD ./ra/fsp/src/bsp/cmsis/Device/RENESAS/Source/system.o
LOAD ./ra/board/ra6m4_ek/board_init.o
LOAD ./ra/board/ra6m4_ek/board_leds.o
LOAD ./ra/arm/mbedtls/library/aes.o
LOAD ./ra/arm/mbedtls/library/aesce.o
LOAD ./ra/arm/mbedtls/library/aesni.o
LOAD ./ra/arm/mbedtls/library/aria.o
LOAD ./ra/arm/mbedtls/library/asn1parse.o
LOAD ./ra/arm/mbedtls/library/asn1write.o
LOAD ./ra/arm/mbedtls/library/base64.o
LOAD ./ra/arm/mbedtls/library/bignum.o
LOAD ./ra/arm/mbedtls/library/bignum_core.o
LOAD ./ra/arm/mbedtls/library/bignum_mod.o
LOAD ./ra/arm/mbedtls/library/bignum_mod_raw.o
LOAD ./ra/arm/mbedtls/library/block_cipher.o
LOAD ./ra/arm/mbedtls/library/camellia.o
LOAD ./ra/arm/mbedtls/library/ccm.o
LOAD ./ra/arm/mbedtls/library/chacha20.o
LOAD ./ra/arm/mbedtls/library/chachapoly.o
LOAD ./ra/arm/mbedtls/library/cipher.o
LOAD ./ra/arm/mbedtls/library/cipher_wrap.o
LOAD ./ra/arm/mbedtls/library/cmac.o
LOAD ./ra/arm/mbedtls/library/constant_time.o
LOAD ./ra/arm/mbedtls/library/ctr_drbg.o
LOAD ./ra/arm/mbedtls/library/debug.o
LOAD ./ra/arm/mbedtls/library/des.o
LOAD ./ra/arm/mbedtls/library/dhm.o
LOAD ./ra/arm/mbedtls/library/ecdh.o
LOAD ./ra/arm/mbedtls/library/ecdsa.o
LOAD ./ra/arm/mbedtls/library/ecjpake.o
LOAD ./ra/arm/mbedtls/library/ecp.o
LOAD ./ra/arm/mbedtls/library/ecp_curves.o
LOAD ./ra/arm/mbedtls/library/ecp_curves_new.o
LOAD ./ra/arm/mbedtls/library/entropy.o
LOAD ./ra/arm/mbedtls/library/entropy_poll.o
LOAD ./ra/arm/mbedtls/library/error.o
LOAD ./ra/arm/mbedtls/library/gcm.o
LOAD ./ra/arm/mbedtls/library/hkdf.o
LOAD ./ra/arm/mbedtls/library/hmac_drbg.o
LOAD ./ra/arm/mbedtls/library/lmots.o
LOAD ./ra/arm/mbedtls/library/lms.o
LOAD ./ra/arm/mbedtls/library/md.o
LOAD ./ra/arm/mbedtls/library/md5.o
LOAD ./ra/arm/mbedtls/library/memory_buffer_alloc.o
LOAD ./ra/arm/mbedtls/library/mps_reader.o
LOAD ./ra/arm/mbedtls/library/mps_trace.o
LOAD ./ra/arm/mbedtls/library/net_sockets.o
LOAD ./ra/arm/mbedtls/library/nist_kw.o
LOAD ./ra/arm/mbedtls/library/oid.o
LOAD ./ra/arm/mbedtls/library/padlock.o
LOAD ./ra/arm/mbedtls/library/pem.o
LOAD ./ra/arm/mbedtls/library/pk.o
LOAD ./ra/arm/mbedtls/library/pk_ecc.o
LOAD ./ra/arm/mbedtls/library/pk_wrap.o
LOAD ./ra/arm/mbedtls/library/pkcs12.o
LOAD ./ra/arm/mbedtls/library/pkcs5.o
LOAD ./ra/arm/mbedtls/library/pkcs7.o
LOAD ./ra/arm/mbedtls/library/pkparse.o
LOAD ./ra/arm/mbedtls/library/pkwrite.o
LOAD ./ra/arm/mbedtls/library/platform.o
LOAD ./ra/arm/mbedtls/library/platform_util.o
LOAD ./ra/arm/mbedtls/library/poly1305.o
LOAD ./ra/arm/mbedtls/library/psa_crypto.o
LOAD ./ra/arm/mbedtls/library/psa_crypto_aead.o
LOAD ./ra/arm/mbedtls/library/psa_crypto_cipher.o
LOAD ./ra/arm/mbedtls/library/psa_crypto_client.o
LOAD ./ra/arm/mbedtls/library/psa_crypto_driver_wrappers_no_static.o
LOAD ./ra/arm/mbedtls/library/psa_crypto_ecp.o
LOAD ./ra/arm/mbedtls/library/psa_crypto_ffdh.o
LOAD ./ra/arm/mbedtls/library/psa_crypto_hash.o
LOAD ./ra/arm/mbedtls/library/psa_crypto_mac.o
LOAD ./ra/arm/mbedtls/library/psa_crypto_pake.o
LOAD ./ra/arm/mbedtls/library/psa_crypto_rsa.o
LOAD ./ra/arm/mbedtls/library/psa_crypto_se.o
LOAD ./ra/arm/mbedtls/library/psa_crypto_slot_management.o
LOAD ./ra/arm/mbedtls/library/psa_crypto_storage.o
LOAD ./ra/arm/mbedtls/library/psa_its_file.o
LOAD ./ra/arm/mbedtls/library/psa_util.o
LOAD ./ra/arm/mbedtls/library/ripemd160.o
LOAD ./ra/arm/mbedtls/library/rsa.o
LOAD ./ra/arm/mbedtls/library/rsa_alt_helpers.o
LOAD ./ra/arm/mbedtls/library/sha1.o
LOAD ./ra/arm/mbedtls/library/sha256.o
LOAD ./ra/arm/mbedtls/library/sha3.o
LOAD ./ra/arm/mbedtls/library/sha512.o
LOAD ./ra/arm/mbedtls/library/threading.o
LOAD ./ra/arm/mbedtls/library/timing.o
LOAD ./ra/arm/mbedtls/library/version.o
LOAD ./ra/arm/mbedtls/library/version_features.o
END GROUP
START GROUP
LOAD C:/Program Files (x86)/Arm GNU Toolchain arm-none-eabi/13.2 Rel1/bin/../lib/gcc/arm-none-eabi/13.2.1/thumb/v8-m.main+fp/hard\libgcc.a
LOAD C:/Program Files (x86)/Arm GNU Toolchain arm-none-eabi/13.2 Rel1/bin/../lib/gcc/arm-none-eabi/13.2.1/thumb/v8-m.main+fp/hard\libg_nano.a
LOAD C:/Program Files (x86)/Arm GNU Toolchain arm-none-eabi/13.2 Rel1/bin/../lib/gcc/arm-none-eabi/13.2.1/thumb/v8-m.main+fp/hard\libc_nano.a
END GROUP
START GROUP
LOAD C:/Program Files (x86)/Arm GNU Toolchain arm-none-eabi/13.2 Rel1/bin/../lib/gcc/arm-none-eabi/13.2.1/thumb/v8-m.main+fp/hard\libgcc.a
LOAD C:/Program Files (x86)/Arm GNU Toolchain arm-none-eabi/13.2 Rel1/bin/../lib/gcc/arm-none-eabi/13.2.1/thumb/v8-m.main+fp/hard\libc_nano.a
LOAD C:/Program Files (x86)/Arm GNU Toolchain arm-none-eabi/13.2 Rel1/bin/../lib/gcc/arm-none-eabi/13.2.1/thumb/v8-m.main+fp/hard\librdimon_nano.a
END GROUP
START GROUP
LOAD C:/Program Files (x86)/Arm GNU Toolchain arm-none-eabi/13.2 Rel1/bin/../lib/gcc/arm-none-eabi/13.2.1/thumb/v8-m.main+fp/hard\libgcc.a
LOAD C:/Program Files (x86)/Arm GNU Toolchain arm-none-eabi/13.2 Rel1/bin/../lib/gcc/arm-none-eabi/13.2.1/thumb/v8-m.main+fp/hard\libc_nano.a
LOAD C:/Program Files (x86)/Arm GNU Toolchain arm-none-eabi/13.2 Rel1/bin/../lib/gcc/arm-none-eabi/13.2.1/thumb/v8-m.main+fp/hard\librdimon_nano.a
END GROUP
LOAD C:/Program Files (x86)/Arm GNU Toolchain arm-none-eabi/13.2 Rel1/bin/../lib/gcc/arm-none-eabi/13.2.1/thumb/v8-m.main+fp/hard/crtend.o
LOAD C:/Program Files (x86)/Arm GNU Toolchain arm-none-eabi/13.2 Rel1/bin/../lib/gcc/arm-none-eabi/13.2.1/thumb/v8-m.main+fp/hard/crtn.o
                0x20000000                        RAM_START = 0x20000000
                0x00040000                        RAM_LENGTH = 0x40000
                0x00000000                        FLASH_START = 0x0
                0x00100000                        FLASH_LENGTH = 0x100000
                0x08000000                        DATA_FLASH_START = 0x8000000
                0x00002000                        DATA_FLASH_LENGTH = 0x2000
                0x0100a100                        OPTION_SETTING_START = 0x100a100
                0x00000100                        OPTION_SETTING_LENGTH = 0x100
                0x0100a200                        OPTION_SETTING_S_START = 0x100a200
                0x00000100                        OPTION_SETTING_S_LENGTH = 0x100
                0x00000000                        ID_CODE_START = 0x0
                0x00000000                        ID_CODE_LENGTH = 0x0
                0x80010000                        SDRAM_START = 0x80010000
                0x00000000                        SDRAM_LENGTH = 0x0
                0x60000000                        QSPI_FLASH_START = 0x60000000
                0x04000000                        QSPI_FLASH_LENGTH = 0x4000000
                0x68000000                        OSPI_DEVICE_0_START = 0x68000000
                0x08000000                        OSPI_DEVICE_0_LENGTH = 0x8000000
                0x70000000                        OSPI_DEVICE_1_START = 0x70000000
                0x10000000                        OSPI_DEVICE_1_LENGTH = 0x10000000
                0x00010000                        FLASH_BOOTLOADER_LENGTH = 0x10000
                0x00000200                        FLASH_BOOTLOADER_HEADER_LENGTH = 0x200
                0x00000200                        FLASH_BOOTLOADER_HEADER_LENGTH_2 = 0x200
                0x00008000                        FLASH_BOOTLOADER_SCRATCH_LENGTH = 0x8000
                0x00070000                        FLASH_APPLICATION_S_LENGTH = 0x70000
                0x00000000                        FLASH_APPLICATION_NSC_LENGTH = 0x0
                0x00000000                        FLASH_APPLICATION_NS_LENGTH = 0x0
                0x00000000                        RAM_APPLICATION_NSC_LENGTH = 0x0
                0x00000000                        RAM_APPLICATION_NS_LENGTH = 0x0
                0x00000001                        FLASH_APPLICATION_IMAGE_NUMBER = 0x1
                0x04000000                        QSPI_FLASH_PRV_LENGTH = DEFINED (QSPI_FLASH_SIZE)?ABSOLUTE (QSPI_FLASH_SIZE):ABSOLUTE (QSPI_FLASH_LENGTH)
                0x08000000                        OSPI_DEVICE_0_PRV_LENGTH = DEFINED (OSPI_DEVICE_0_SIZE)?ABSOLUTE (OSPI_DEVICE_0_SIZE):ABSOLUTE (OSPI_DEVICE_0_LENGTH)
                0x10000000                        OSPI_DEVICE_1_PRV_LENGTH = DEFINED (OSPI_DEVICE_1_SIZE)?ABSOLUTE (OSPI_DEVICE_1_SIZE):ABSOLUTE (OSPI_DEVICE_1_LENGTH)
                0x00000000                        __RESERVE_NS_RAM = ((! (DEFINED (PROJECT_NONSECURE)) && DEFINED (RAM_NS_BUFFER_LENGTH)) && (OPTION_SETTING_S_LENGTH != 0x0))
                0x00000000                        ITCM_START = DEFINED (ITCM_START)?ITCM_START:0x0
                0x00000000                        ITCM_LENGTH = DEFINED (ITCM_LENGTH)?ITCM_LENGTH:0x0
                0x00000000                        DTCM_START = DEFINED (DTCM_START)?DTCM_START:0x0
                0x00000000                        DTCM_LENGTH = DEFINED (DTCM_LENGTH)?DTCM_LENGTH:0x0
                0x00000000                        RAM_NS_BUFFER_BLOCK_LENGTH = DEFINED (RAM_NS_BUFFER_LENGTH)?ALIGN (RAM_NS_BUFFER_LENGTH, 0x2000):0x0
                0x00000000                        RAM_NS_BUFFER_LENGTH = DEFINED (RAM_NS_BUFFER_LENGTH)?RAM_NS_BUFFER_LENGTH:0x0
                0x20040000                        RAM_NS_BUFFER_START = ((RAM_START + RAM_LENGTH) - RAM_NS_BUFFER_LENGTH)
                0x20040000                        RAM_NS_BUFFER_BLOCK_START = ((RAM_START + RAM_LENGTH) - RAM_NS_BUFFER_BLOCK_LENGTH)
                0x0100a180                        OPTION_SETTING_START_NS = DEFINED (PROJECT_NONSECURE)?OPTION_SETTING_START:(OPTION_SETTING_START + 0x80)
                0x00000001                        __bl_FSP_BOOTABLE_IMAGE = 0x1
                0x00000001                        __bln_FSP_BOOTABLE_IMAGE = 0x1
                0x00000001                        PROJECT_SECURE_OR_FLAT = (((! (DEFINED (PROJECT_NONSECURE)) || DEFINED (PROJECT_SECURE)) && OPTION_SETTING_LENGTH) && ! (DEFINED (FSP_BOOTABLE_IMAGE)))
                0x00000000                        USE_OPTION_SETTING_NS = (DEFINED (PROJECT_NONSECURE) && ! (DEFINED (FSP_BOOTABLE_IMAGE)))
                0x00010200                        __bl_FLASH_IMAGE_START = ! (DEFINED (FLASH_BOOTLOADER_LENGTH))?0x0:(FLASH_APPLICATION_IMAGE_NUMBER == 0x1)?((FLASH_START + FLASH_BOOTLOADER_LENGTH) + FLASH_BOOTLOADER_HEADER_LENGTH):(DEFINED (BOOTLOADER_SECONDARY_USE_QSPI) || DEFINED (BOOTLOADER_SECONDARY_USE_OSPI_B))?(((FLASH_START + FLASH_BOOTLOADER_LENGTH) + FLASH_BOOTLOADER_SCRATCH_LENGTH) + FLASH_BOOTLOADER_HEADER_LENGTH):((((FLASH_START + FLASH_BOOTLOADER_LENGTH) + FLASH_BOOTLOADER_SCRATCH_LENGTH) + FLASH_APPLICATION_S_LENGTH) + FLASH_BOOTLOADER_HEADER_LENGTH)
                0x0006fe00                        __bl_FLASH_IMAGE_LENGTH = ! (DEFINED (FLASH_BOOTLOADER_LENGTH))?0x0:(FLASH_APPLICATION_S_LENGTH - FLASH_BOOTLOADER_HEADER_LENGTH)
                0x00080000                        __bl_FLASH_IMAGE_END = (__bl_FLASH_IMAGE_START + __bl_FLASH_IMAGE_LENGTH)
                0x00080200                        __bl_XIP_SECONDARY_FLASH_IMAGE_START = ! (DEFINED (FLASH_BOOTLOADER_LENGTH))?0x0:(((FLASH_START + FLASH_BOOTLOADER_LENGTH) + FLASH_APPLICATION_S_LENGTH) + FLASH_BOOTLOADER_HEADER_LENGTH)
                0x000f0000                        __bl_XIP_SECONDARY_FLASH_IMAGE_END = (__bl_XIP_SECONDARY_FLASH_IMAGE_START + __bl_FLASH_IMAGE_LENGTH)
                0x00080000                        __bl_FLASH_NS_START = ! (DEFINED (FLASH_BOOTLOADER_LENGTH))?0x0:(FLASH_APPLICATION_NS_LENGTH == 0x0)?__bl_FLASH_IMAGE_END:((__bl_FLASH_IMAGE_START - FLASH_BOOTLOADER_HEADER_LENGTH) + FLASH_APPLICATION_S_LENGTH)
                0x00080000                        __bl_FLASH_NSC_START = ! (DEFINED (FLASH_BOOTLOADER_LENGTH))?0x0:(FLASH_APPLICATION_NS_LENGTH == 0x0)?__bl_FLASH_IMAGE_END:(__bl_FLASH_IMAGE_END - FLASH_APPLICATION_NSC_LENGTH)
                0x20040000                        __bl_RAM_NS_START = ! (DEFINED (FLASH_BOOTLOADER_LENGTH))?0x0:(FLASH_APPLICATION_NS_LENGTH == 0x0)?(RAM_START + RAM_LENGTH):((RAM_START + RAM_LENGTH) - RAM_APPLICATION_NS_LENGTH)
                0x20040000                        __bl_RAM_NSC_START = ! (DEFINED (FLASH_BOOTLOADER_LENGTH))?0x0:(FLASH_APPLICATION_NS_LENGTH == 0x0)?(RAM_START + RAM_LENGTH):(__bl_RAM_NS_START - RAM_APPLICATION_NSC_LENGTH)
                0x00080000                        __bl_FLASH_NS_IMAGE_START = ! (DEFINED (FLASH_BOOTLOADER_LENGTH))?0x0:(FLASH_APPLICATION_NS_LENGTH == 0x0)?__bl_FLASH_IMAGE_END:(__bl_FLASH_NS_START + FLASH_BOOTLOADER_HEADER_LENGTH_2)
                0x00080000                        __bln_FLASH_IMAGE_START = (__bl_FLASH_NS_IMAGE_START | ! (DEFINED (NS_OFFSET_START))?0x0:NS_OFFSET_START)
                0x00080000                        __bln_FLASH_IMAGE_LENGTH = ! (DEFINED (FLASH_BOOTLOADER_LENGTH))?0x0:(FLASH_APPLICATION_NS_LENGTH == 0x0)?__bl_FLASH_IMAGE_END:(FLASH_APPLICATION_NS_LENGTH - FLASH_BOOTLOADER_HEADER_LENGTH_2)
                0x00000000                        XIP_SECONDARY_SLOT_IMAGE = DEFINED (XIP_SECONDARY_SLOT_IMAGE)?XIP_SECONDARY_SLOT_IMAGE:0x0
                0x00000000                        FLASH_ORIGIN = ! (DEFINED (FLASH_IMAGE_START))?FLASH_START:(XIP_SECONDARY_SLOT_IMAGE == 0x1)?XIP_SECONDARY_FLASH_IMAGE_START:FLASH_IMAGE_START
                0x00010000                        LIMITED_FLASH_LENGTH = DEFINED (FLASH_IMAGE_LENGTH)?FLASH_IMAGE_LENGTH:DEFINED (FLASH_BOOTLOADER_LENGTH)?FLASH_BOOTLOADER_LENGTH:FLASH_LENGTH
                0x00000034                        OPTION_SETTING_SAS_SIZE = 0x34
                0x000000cc                        OPTION_SETTING_SAS_LENGTH = ! (DEFINED (OPTION_SETTING_LENGTH))?0x0:(OPTION_SETTING_LENGTH == 0x0)?0x0:(OPTION_SETTING_LENGTH - OPTION_SETTING_SAS_SIZE)
START GROUP
LOAD C:/Program Files (x86)/Arm GNU Toolchain arm-none-eabi/13.2 Rel1/bin/../lib/gcc/arm-none-eabi/13.2.1/thumb/v8-m.main+fp/hard\libgcc.a
LOAD C:/Program Files (x86)/Arm GNU Toolchain arm-none-eabi/13.2 Rel1/bin/../lib/gcc/arm-none-eabi/13.2.1/thumb/v8-m.main+fp/hard\libc.a
LOAD C:/Program Files (x86)/Arm GNU Toolchain arm-none-eabi/13.2 Rel1/bin/../lib/gcc/arm-none-eabi/13.2.1/thumb/v8-m.main+fp/hard\libm.a
END GROUP

.text           0x00000000     0xf4fc
                0x00000000                        __tz_FLASH_S = ABSOLUTE (FLASH_START)
                0x00000000                        __ROM_Start = .
 *(.fixed_vectors*)
 .fixed_vectors
                0x00000000       0x40 ./ra/fsp/src/bsp/cmsis/Device/RENESAS/Source/startup.o
                0x00000000                __Vectors
 *(.application_vectors*)
                0x00000040                        __Vectors_End = .
 *(.flash_gap*)
                0x00000040                        . = (OPTION_SETTING_LENGTH > 0x0)?.:(__ROM_Start + 0x400)
 *(.rom_registers*)
 *(.mcuboot_sce9_key*)
 *(.text*)
 .text.deregister_tm_clones
                0x00000040       0x1c C:/Program Files (x86)/Arm GNU Toolchain arm-none-eabi/13.2 Rel1/bin/../lib/gcc/arm-none-eabi/13.2.1/thumb/v8-m.main+fp/hard/crtbegin.o
 .text.register_tm_clones
                0x0000005c       0x28 C:/Program Files (x86)/Arm GNU Toolchain arm-none-eabi/13.2 Rel1/bin/../lib/gcc/arm-none-eabi/13.2.1/thumb/v8-m.main+fp/hard/crtbegin.o
 .text.__do_global_dtors_aux
                0x00000084       0x28 C:/Program Files (x86)/Arm GNU Toolchain arm-none-eabi/13.2 Rel1/bin/../lib/gcc/arm-none-eabi/13.2.1/thumb/v8-m.main+fp/hard/crtbegin.o
 .text.frame_dummy
                0x000000ac       0x24 C:/Program Files (x86)/Arm GNU Toolchain arm-none-eabi/13.2 Rel1/bin/../lib/gcc/arm-none-eabi/13.2.1/thumb/v8-m.main+fp/hard/crtbegin.o
 .text.mcuboot_quick_setup
                0x000000d0       0x50 ./src/hal_entry.o
                0x000000d0                mcuboot_quick_setup
 .text.hal_entry
                0x00000120        0x4 ./src/hal_entry.o
                0x00000120                hal_entry
 .text.R_BSP_WarmStart
                0x00000124       0x18 ./src/hal_entry.o
                0x00000124                R_BSP_WarmStart
 .text.startup.main
                0x0000013c        0xc ./ra_gen/main.o
                0x0000013c                main
 .text.boot_status_off.part.0
                0x00000148       0x1c ./ra/mcu-tools/MCUboot/boot/bootutil/src/bootutil_misc.o
 .text.boot_fih_memequal
                0x00000164        0x4 ./ra/mcu-tools/MCUboot/boot/bootutil/src/bootutil_misc.o
                0x00000164                boot_fih_memequal
 .text.boot_trailer_sz
                0x00000168        0xc ./ra/mcu-tools/MCUboot/boot/bootutil/src/bootutil_misc.o
                0x00000168                boot_trailer_sz
 .text.boot_status_entries
                0x00000174       0x14 ./ra/mcu-tools/MCUboot/boot/bootutil/src/bootutil_misc.o
                0x00000174                boot_status_entries
 .text.boot_status_off
                0x00000188       0x28 ./ra/mcu-tools/MCUboot/boot/bootutil/src/bootutil_misc.o
                0x00000188                boot_status_off
 .text.boot_find_status
                0x000001b0       0x60 ./ra/mcu-tools/MCUboot/boot/bootutil/src/bootutil_misc.o
                0x000001b0                boot_find_status
 .text.boot_read_swap_size
                0x00000210       0x1c ./ra/mcu-tools/MCUboot/boot/bootutil/src/bootutil_misc.o
                0x00000210                boot_read_swap_size
 .text.boot_write_swap_size
                0x0000022c       0x20 ./ra/mcu-tools/MCUboot/boot/bootutil/src/bootutil_misc.o
                0x0000022c                boot_write_swap_size
 .text.bootutil_max_image_size
                0x0000024c       0x28 ./ra/mcu-tools/MCUboot/boot/bootutil/src/bootutil_misc.o
                0x0000024c                bootutil_max_image_size
 .text.boot_swap_info_off
                0x00000274       0x10 ./ra/mcu-tools/MCUboot/boot/bootutil/src/bootutil_public.o
                0x00000274                boot_swap_info_off
 .text.boot_magic_compatible_check
                0x00000284       0x20 ./ra/mcu-tools/MCUboot/boot/bootutil/src/bootutil_public.o
                0x00000284                boot_magic_compatible_check
 .text.bootutil_buffer_is_erased
                0x000002a4       0x30 ./ra/mcu-tools/MCUboot/boot/bootutil/src/bootutil_public.o
                0x000002a4                bootutil_buffer_is_erased
 .text.boot_write_magic
                0x000002d4       0x44 ./ra/mcu-tools/MCUboot/boot/bootutil/src/bootutil_public.o
                0x000002d4                boot_write_magic
 .text.boot_write_trailer
                0x00000318       0x64 ./ra/mcu-tools/MCUboot/boot/bootutil/src/bootutil_public.o
                0x00000318                boot_write_trailer
 .text.boot_write_image_ok
                0x0000037c       0x20 ./ra/mcu-tools/MCUboot/boot/bootutil/src/bootutil_public.o
                0x0000037c                boot_write_image_ok
 .text.boot_read_image_ok
                0x0000039c       0x40 ./ra/mcu-tools/MCUboot/boot/bootutil/src/bootutil_public.o
                0x0000039c                boot_read_image_ok
 .text.boot_read_swap_state
                0x000003dc       0xf8 ./ra/mcu-tools/MCUboot/boot/bootutil/src/bootutil_public.o
                0x000003dc                boot_read_swap_state
 .text.boot_read_swap_state_by_id
                0x000004d4       0x30 ./ra/mcu-tools/MCUboot/boot/bootutil/src/bootutil_public.o
                0x000004d4                boot_read_swap_state_by_id
 .text.boot_write_swap_info
                0x00000504       0x60 ./ra/mcu-tools/MCUboot/boot/bootutil/src/bootutil_public.o
                0x00000504                boot_write_swap_info
 .text.boot_swap_type_multi
                0x00000564       0xe8 ./ra/mcu-tools/MCUboot/boot/bootutil/src/bootutil_public.o
                0x00000564                boot_swap_type_multi
 .text.boot_write_copy_done
                0x0000064c       0x20 ./ra/mcu-tools/MCUboot/boot/bootutil/src/bootutil_public.o
                0x0000064c                boot_write_copy_done
 .text.bootutil_verify_sig
                0x0000066c       0xf8 ./ra/mcu-tools/MCUboot/boot/bootutil/src/image_ecdsa.o
                0x0000066c                bootutil_verify_sig
 .text.bootutil_img_validate
                0x00000764      0x244 ./ra/mcu-tools/MCUboot/boot/bootutil/src/image_validate.o
                0x00000764                bootutil_img_validate
 .text.boot_read_image_size.constprop.0
                0x000009a8       0xa0 ./ra/mcu-tools/MCUboot/boot/bootutil/src/loader.o
 .text.boot_swap_image
                0x00000a48       0xd8 ./ra/mcu-tools/MCUboot/boot/bootutil/src/loader.o
 .text.boot_validate_slot.isra.0
                0x00000b20      0x104 ./ra/mcu-tools/MCUboot/boot/bootutil/src/loader.o
 .text.boot_read_sectors
                0x00000c24       0x6c ./ra/mcu-tools/MCUboot/boot/bootutil/src/loader.o
 .text.boot_write_status
                0x00000c90       0x78 ./ra/mcu-tools/MCUboot/boot/bootutil/src/loader.o
                0x00000c90                boot_write_status
 .text.boot_erase_region
                0x00000d08        0x4 ./ra/mcu-tools/MCUboot/boot/bootutil/src/loader.o
                0x00000d08                boot_erase_region
 .text.boot_copy_region
                0x00000d0c       0x5c ./ra/mcu-tools/MCUboot/boot/bootutil/src/loader.o
                0x00000d0c                boot_copy_region
 .text.context_boot_go
                0x00000d68      0x384 ./ra/mcu-tools/MCUboot/boot/bootutil/src/loader.o
                0x00000d68                context_boot_go
 .text.boot_go  0x000010ec       0x1c ./ra/mcu-tools/MCUboot/boot/bootutil/src/loader.o
                0x000010ec                boot_go
 .text.swap_erase_trailer_sectors
                0x00001108       0x88 ./ra/mcu-tools/MCUboot/boot/bootutil/src/swap_misc.o
                0x00001108                swap_erase_trailer_sectors
 .text.swap_status_init
                0x00001190       0x94 ./ra/mcu-tools/MCUboot/boot/bootutil/src/swap_misc.o
                0x00001190                swap_status_init
 .text.swap_read_status
                0x00001224       0xac ./ra/mcu-tools/MCUboot/boot/bootutil/src/swap_misc.o
                0x00001224                swap_read_status
 .text.swap_set_copy_done
                0x000012d0       0x2c ./ra/mcu-tools/MCUboot/boot/bootutil/src/swap_misc.o
                0x000012d0                swap_set_copy_done
 .text.swap_set_image_ok
                0x000012fc       0x44 ./ra/mcu-tools/MCUboot/boot/bootutil/src/swap_misc.o
                0x000012fc                swap_set_image_ok
 .text.boot_read_image_header
                0x00001340       0x3c ./ra/mcu-tools/MCUboot/boot/bootutil/src/swap_scratch.o
                0x00001340                boot_read_image_header
 .text.swap_read_status_bytes
                0x0000137c       0xbc ./ra/mcu-tools/MCUboot/boot/bootutil/src/swap_scratch.o
                0x0000137c                swap_read_status_bytes
 .text.boot_status_internal_off
                0x00001438       0x18 ./ra/mcu-tools/MCUboot/boot/bootutil/src/swap_scratch.o
                0x00001438                boot_status_internal_off
 .text.boot_slots_compatible
                0x00001450       0xb8 ./ra/mcu-tools/MCUboot/boot/bootutil/src/swap_scratch.o
                0x00001450                boot_slots_compatible
 .text.swap_status_source
                0x00001508       0x8c ./ra/mcu-tools/MCUboot/boot/bootutil/src/swap_scratch.o
                0x00001508                swap_status_source
 .text.swap_run
                0x00001594      0x4a8 ./ra/mcu-tools/MCUboot/boot/bootutil/src/swap_scratch.o
                0x00001594                swap_run
 .text.bootutil_tlv_iter_begin
                0x00001a3c       0x94 ./ra/mcu-tools/MCUboot/boot/bootutil/src/tlv.o
                0x00001a3c                bootutil_tlv_iter_begin
 .text.bootutil_tlv_iter_next
                0x00001ad0       0xc0 ./ra/mcu-tools/MCUboot/boot/bootutil/src/tlv.o
                0x00001ad0                bootutil_tlv_iter_next
 .text.bootutil_tlv_iter_is_prot
                0x00001b90       0x1c ./ra/mcu-tools/MCUboot/boot/bootutil/src/tlv.o
                0x00001b90                bootutil_tlv_iter_is_prot
 .text.mbedtls_ecdsa_verify
                0x00001bac      0x118 ./ra/fsp/src/rm_psa_crypto/ecdsa_alt.o
                0x00001bac                mbedtls_ecdsa_verify
 .text.HW_SCE_ECC_256VerifySign
                0x00001cc4       0xa0 ./ra/fsp/src/rm_psa_crypto/ecdsa_alt_process.o
                0x00001cc4                HW_SCE_ECC_256VerifySign
 .text.ecp_modp
                0x00001d64       0x9c ./ra/fsp/src/rm_psa_crypto/ecp_alt.o
 .text.ecp_sw_rhs.part.0
                0x00001e00       0xcc ./ra/fsp/src/rm_psa_crypto/ecp_alt.o
 .text.mbedtls_ecp_group_init
                0x00001ecc       0x54 ./ra/fsp/src/rm_psa_crypto/ecp_alt.o
                0x00001ecc                mbedtls_ecp_group_init
 .text.mbedtls_ecp_keypair_init
                0x00001f20       0x2c ./ra/fsp/src/rm_psa_crypto/ecp_alt.o
                0x00001f20                mbedtls_ecp_keypair_init
 .text.mbedtls_ecp_group_free
                0x00001f4c       0x8c ./ra/fsp/src/rm_psa_crypto/ecp_alt.o
                0x00001f4c                mbedtls_ecp_group_free
 .text.mbedtls_ecp_keypair_free
                0x00001fd8       0x30 ./ra/fsp/src/rm_psa_crypto/ecp_alt.o
                0x00001fd8                mbedtls_ecp_keypair_free
 .text.mbedtls_ecp_point_read_binary
                0x00002008      0x188 ./ra/fsp/src/rm_psa_crypto/ecp_alt.o
                0x00002008                mbedtls_ecp_point_read_binary
 .text.mbedtls_ecp_check_pubkey
                0x00002190       0xe8 ./ra/fsp/src/rm_psa_crypto/ecp_alt.o
                0x00002190                mbedtls_ecp_check_pubkey
 .text.mbedtls_ecp_group_load
                0x00002278       0x88 ./ra/fsp/src/rm_psa_crypto/ecp_curves_alt.o
                0x00002278                mbedtls_ecp_group_load
 .text.mbedtls_platform_setup
                0x00002300       0x14 ./ra/fsp/src/rm_psa_crypto/platform_alt.o
                0x00002300                mbedtls_platform_setup
 .text.mbedtls_sha256_init
                0x00002314        0x8 ./ra/fsp/src/rm_psa_crypto/sha256_alt.o
                0x00002314                mbedtls_sha256_init
 .text.mbedtls_sha256_starts
                0x0000231c       0xbc ./ra/fsp/src/rm_psa_crypto/sha256_alt.o
                0x0000231c                mbedtls_sha256_starts
 .text.mbedtls_sha256_update
                0x000023d8       0xa0 ./ra/fsp/src/rm_psa_crypto/sha256_alt.o
                0x000023d8                mbedtls_sha256_update
 .text.mbedtls_sha256_finish
                0x00002478       0xac ./ra/fsp/src/rm_psa_crypto/sha256_alt.o
                0x00002478                mbedtls_sha256_finish
 .text.mbedtls_internal_sha256_process_ext
                0x00002524       0x78 ./ra/fsp/src/rm_psa_crypto/sha256_alt_process.o
                0x00002524                mbedtls_internal_sha256_process_ext
 .text.flash_on_chip_cleanup.part.0
                0x0000259c       0x1c ./ra/fsp/src/rm_mcuboot_port/flash_map.o
 .text.flash_area_open
                0x000025b8       0x84 ./ra/fsp/src/rm_mcuboot_port/flash_map.o
                0x000025b8                flash_area_open
 .text.flash_area_close
                0x0000263c        0x4 ./ra/fsp/src/rm_mcuboot_port/flash_map.o
                0x0000263c                flash_area_close
 .text.flash_area_read
                0x00002640       0x90 ./ra/fsp/src/rm_mcuboot_port/flash_map.o
                0x00002640                flash_area_read
 .text.flash_on_chip_flush
                0x000026d0       0x50 ./ra/fsp/src/rm_mcuboot_port/flash_map.o
                0x000026d0                flash_on_chip_flush
 .text.flash_area_write
                0x00002720       0xb0 ./ra/fsp/src/rm_mcuboot_port/flash_map.o
                0x00002720                flash_area_write
 .text.flash_area_erase
                0x000027d0       0x6c ./ra/fsp/src/rm_mcuboot_port/flash_map.o
                0x000027d0                flash_area_erase
 .text.flash_area_align
                0x0000283c       0x10 ./ra/fsp/src/rm_mcuboot_port/flash_map.o
                0x0000283c                flash_area_align
 .text.flash_area_get_sectors
                0x0000284c       0x4c ./ra/fsp/src/rm_mcuboot_port/flash_map.o
                0x0000284c                flash_area_get_sectors
 .text.flash_area_id_from_multi_image_slot
                0x00002898       0x14 ./ra/fsp/src/rm_mcuboot_port/flash_map.o
                0x00002898                flash_area_id_from_multi_image_slot
 .text.flash_area_erased_val
                0x000028ac        0x4 ./ra/fsp/src/rm_mcuboot_port/flash_map.o
                0x000028ac                flash_area_erased_val
 .text.rm_mcuboot_cleanup
                0x000028b0       0x38 ./ra/fsp/src/rm_mcuboot_port/flash_map.o
                0x000028b0                rm_mcuboot_cleanup
 .text.start_app
                0x000028e8       0x10 ./ra/fsp/src/rm_mcuboot_port/rm_mcuboot_port.o
 .text.RM_MCUBOOT_PORT_BootApp
                0x000028f8       0x2c ./ra/fsp/src/rm_mcuboot_port/rm_mcuboot_port.o
                0x000028f8                RM_MCUBOOT_PORT_BootApp
 .text.HW_SCE_p_func043
                0x00002924      0x284 ./ra/fsp/src/r_sce/crypto_procedures/src/sce9/plainkey/primitive/hw_sce_p_func043.o
                0x00002924                HW_SCE_p_func043
 .text.HW_SCE_p_func044
                0x00002ba8      0x160 ./ra/fsp/src/r_sce/crypto_procedures/src/sce9/plainkey/primitive/hw_sce_p_func044.o
                0x00002ba8                HW_SCE_p_func044
 .text.HW_SCE_p_func048
                0x00002d08       0x2c ./ra/fsp/src/r_sce/crypto_procedures/src/sce9/plainkey/primitive/hw_sce_p_func048.o
                0x00002d08                HW_SCE_p_func048
 .text.HW_SCE_p_func049
                0x00002d34       0x2c ./ra/fsp/src/r_sce/crypto_procedures/src/sce9/plainkey/primitive/hw_sce_p_func049.o
                0x00002d34                HW_SCE_p_func049
 .text.HW_SCE_p_func050
                0x00002d60       0x28 ./ra/fsp/src/r_sce/crypto_procedures/src/sce9/plainkey/primitive/hw_sce_p_func050.o
                0x00002d60                HW_SCE_p_func050
 .text.HW_SCE_p_func051
                0x00002d88       0x20 ./ra/fsp/src/r_sce/crypto_procedures/src/sce9/plainkey/primitive/hw_sce_p_func051.o
                0x00002d88                HW_SCE_p_func051
 .text.HW_SCE_p_func052
                0x00002da8       0x38 ./ra/fsp/src/r_sce/crypto_procedures/src/sce9/plainkey/primitive/hw_sce_p_func052.o
                0x00002da8                HW_SCE_p_func052
 .text.HW_SCE_p_func053
                0x00002de0       0x3c ./ra/fsp/src/r_sce/crypto_procedures/src/sce9/plainkey/primitive/hw_sce_p_func053.o
                0x00002de0                HW_SCE_p_func053
 .text.HW_SCE_p_func054
                0x00002e1c       0x28 ./ra/fsp/src/r_sce/crypto_procedures/src/sce9/plainkey/primitive/hw_sce_p_func054.o
                0x00002e1c                HW_SCE_p_func054
 .text.HW_SCE_p_func057_r1
                0x00002e44      0xb94 ./ra/fsp/src/r_sce/crypto_procedures/src/sce9/plainkey/primitive/hw_sce_p_func057.o
                0x00002e44                HW_SCE_p_func057_r1
 .text.HW_SCE_p_func058
                0x000039d8      0x240 ./ra/fsp/src/r_sce/crypto_procedures/src/sce9/plainkey/primitive/hw_sce_p_func058.o
                0x000039d8                HW_SCE_p_func058
 .text.HW_SCE_p_func060
                0x00003c18       0x2c ./ra/fsp/src/r_sce/crypto_procedures/src/sce9/plainkey/primitive/hw_sce_p_func060.o
                0x00003c18                HW_SCE_p_func060
 .text.HW_SCE_p_func061
                0x00003c44       0x84 ./ra/fsp/src/r_sce/crypto_procedures/src/sce9/plainkey/primitive/hw_sce_p_func061.o
                0x00003c44                HW_SCE_p_func061
 .text.HW_SCE_p_func062
                0x00003cc8       0x80 ./ra/fsp/src/r_sce/crypto_procedures/src/sce9/plainkey/primitive/hw_sce_p_func062.o
                0x00003cc8                HW_SCE_p_func062
 .text.HW_SCE_p_func063
                0x00003d48       0x88 ./ra/fsp/src/r_sce/crypto_procedures/src/sce9/plainkey/primitive/hw_sce_p_func063.o
                0x00003d48                HW_SCE_p_func063
 .text.HW_SCE_p_func064
                0x00003dd0       0x84 ./ra/fsp/src/r_sce/crypto_procedures/src/sce9/plainkey/primitive/hw_sce_p_func064.o
                0x00003dd0                HW_SCE_p_func064
 .text.HW_SCE_p_func065_r1
                0x00003e54      0xa64 ./ra/fsp/src/r_sce/crypto_procedures/src/sce9/plainkey/primitive/hw_sce_p_func065.o
                0x00003e54                HW_SCE_p_func065_r1
 .text.HW_SCE_p_func066
                0x000048b8       0x84 ./ra/fsp/src/r_sce/crypto_procedures/src/sce9/plainkey/primitive/hw_sce_p_func066.o
                0x000048b8                HW_SCE_p_func066
 .text.HW_SCE_p_func067
                0x0000493c       0x84 ./ra/fsp/src/r_sce/crypto_procedures/src/sce9/plainkey/primitive/hw_sce_p_func067.o
                0x0000493c                HW_SCE_p_func067
 .text.HW_SCE_p_func070_r2
                0x000049c0      0x4c4 ./ra/fsp/src/r_sce/crypto_procedures/src/sce9/plainkey/primitive/hw_sce_p_func070.o
                0x000049c0                HW_SCE_p_func070_r2
 .text.HW_SCE_p_func071_r2
                0x00004e84      0x5cc ./ra/fsp/src/r_sce/crypto_procedures/src/sce9/plainkey/primitive/hw_sce_p_func071.o
                0x00004e84                HW_SCE_p_func071_r2
 .text.HW_SCE_p_func075_r1
                0x00005450       0x98 ./ra/fsp/src/r_sce/crypto_procedures/src/sce9/plainkey/primitive/hw_sce_p_func075.o
                0x00005450                HW_SCE_p_func075_r1
 .text.HW_SCE_p_func081
                0x000054e8      0x178 ./ra/fsp/src/r_sce/crypto_procedures/src/sce9/plainkey/primitive/hw_sce_p_func081.o
                0x000054e8                HW_SCE_p_func081
 .text.HW_SCE_p_func100
                0x00005660       0x5c ./ra/fsp/src/r_sce/crypto_procedures/src/sce9/plainkey/primitive/hw_sce_p_func100.o
                0x00005660                HW_SCE_p_func100
 .text.HW_SCE_p_func101
                0x000056bc       0x5c ./ra/fsp/src/r_sce/crypto_procedures/src/sce9/plainkey/primitive/hw_sce_p_func101.o
                0x000056bc                HW_SCE_p_func101
 .text.HW_SCE_p_func102
                0x00005718       0x54 ./ra/fsp/src/r_sce/crypto_procedures/src/sce9/plainkey/primitive/hw_sce_p_func102.o
                0x00005718                HW_SCE_p_func102
 .text.HW_SCE_p_func103
                0x0000576c       0xc8 ./ra/fsp/src/r_sce/crypto_procedures/src/sce9/plainkey/primitive/hw_sce_p_func103.o
                0x0000576c                HW_SCE_p_func103
 .text.HW_SCE_p_func202
                0x00005834       0x28 ./ra/fsp/src/r_sce/crypto_procedures/src/sce9/plainkey/primitive/hw_sce_p_func202.o
                0x00005834                HW_SCE_p_func202
 .text.HW_SCE_p_func302
                0x0000585c      0xddc ./ra/fsp/src/r_sce/crypto_procedures/src/sce9/plainkey/primitive/hw_sce_p_func302.o
                0x0000585c                HW_SCE_p_func302
 .text.HW_SCE_SoftwareResetSub
                0x00006638       0x1c ./ra/fsp/src/r_sce/crypto_procedures/src/sce9/plainkey/primitive/hw_sce_p_p00.o
                0x00006638                HW_SCE_SoftwareResetSub
 .text.HW_SCE_SelfCheck1Sub
                0x00006654      0x1f0 ./ra/fsp/src/r_sce/crypto_procedures/src/sce9/plainkey/primitive/hw_sce_p_p01.o
                0x00006654                HW_SCE_SelfCheck1Sub
 .text.HW_SCE_SelfCheck2Sub
                0x00006844      0x708 ./ra/fsp/src/r_sce/crypto_procedures/src/sce9/plainkey/primitive/hw_sce_p_p02.o
                0x00006844                HW_SCE_SelfCheck2Sub
 .text.HW_SCE_FwIntegrityCheck
                0x00006f4c       0xa8 ./ra/fsp/src/r_sce/crypto_procedures/src/sce9/plainkey/primitive/hw_sce_p_p26.o
                0x00006f4c                HW_SCE_FwIntegrityCheck
 .text.HW_SCE_LoadHukSub
                0x00006ff4      0x6c8 ./ra/fsp/src/r_sce/crypto_procedures/src/sce9/plainkey/primitive/hw_sce_p_p40.o
                0x00006ff4                HW_SCE_LoadHukSub
 .text.HW_SCE_GenerateOemKeyIndexSub
                0x000076bc      0x440 ./ra/fsp/src/r_sce/crypto_procedures/src/sce9/plainkey/primitive/hw_sce_p_p6e.o
                0x000076bc                HW_SCE_GenerateOemKeyIndexSub
 .text.HW_SCE_Sha224256GenerateMessageDigestSub
                0x00007afc      0x1d8 ./ra/fsp/src/r_sce/crypto_procedures/src/sce9/plainkey/primitive/hw_sce_p_p72.o
                0x00007afc                HW_SCE_Sha224256GenerateMessageDigestSub
 .text.HW_SCE_SelfCheck3Sub
                0x00007cd4      0x8ac ./ra/fsp/src/r_sce/crypto_procedures/src/sce9/plainkey/primitive/hw_sce_p_p92.o
                0x00007cd4                HW_SCE_SelfCheck3Sub
 .text.HW_SCE_EcdsaSignatureVerificationSub
                0x00008580     0x21d8 ./ra/fsp/src/r_sce/crypto_procedures/src/sce9/plainkey/primitive/hw_sce_p_pf1.o
                0x00008580                HW_SCE_EcdsaSignatureVerificationSub
 .text.HW_SCE_SelfCheck1SubSub
                0x0000a758      0x2f0 ./ra/fsp/src/r_sce/crypto_procedures/src/sce9/plainkey/primitive/hw_sce_p_subprc01.o
                0x0000a758                HW_SCE_SelfCheck1SubSub
 .text.HW_SCE_McuSpecificInit
                0x0000aa48       0x5c ./ra/fsp/src/r_sce/crypto_procedures/src/sce9/plainkey/adaptors/r_sce_adapt.o
                0x0000aa48                HW_SCE_McuSpecificInit
 .text.HW_SCE_GenerateOemKeyIndexPrivate
                0x0000aaa4       0x3c ./ra/fsp/src/r_sce/crypto_procedures/src/sce9/plainkey/adaptors/r_sce_adapt.o
                0x0000aaa4                HW_SCE_GenerateOemKeyIndexPrivate
 .text.HW_SCE_ShaGenerateMessageDigestSub
                0x0000aae0       0x10 ./ra/fsp/src/r_sce/crypto_procedures/src/sce9/plainkey/adaptors/r_sce_adapt.o
                0x0000aae0                HW_SCE_ShaGenerateMessageDigestSub
 .text.change_endian_long
                0x0000aaf0        0x4 ./ra/fsp/src/r_sce/crypto_procedures/src/sce9/plainkey/adaptors/r_sce_adapt.o
                0x0000aaf0                change_endian_long
 .text.HW_SCE_EcdsaSignatureVerificationSubAdaptor
                0x0000aaf4        0x4 ./ra/fsp/src/r_sce/crypto_procedures/src/sce9/plainkey/adaptors/r_sce_adapt.o
                0x0000aaf4                HW_SCE_EcdsaSignatureVerificationSubAdaptor
 .text.R_IOPORT_Close
                0x0000aaf8        0xc ./ra/fsp/src/r_ioport/r_ioport.o
                0x0000aaf8                R_IOPORT_Close
 .text.R_IOPORT_PinRead
                0x0000ab04       0x24 ./ra/fsp/src/r_ioport/r_ioport.o
                0x0000ab04                R_IOPORT_PinRead
 .text.R_IOPORT_PortRead
                0x0000ab28       0x14 ./ra/fsp/src/r_ioport/r_ioport.o
                0x0000ab28                R_IOPORT_PortRead
 .text.R_IOPORT_PortWrite
                0x0000ab3c       0x1c ./ra/fsp/src/r_ioport/r_ioport.o
                0x0000ab3c                R_IOPORT_PortWrite
 .text.R_IOPORT_PinWrite
                0x0000ab58       0x20 ./ra/fsp/src/r_ioport/r_ioport.o
                0x0000ab58                R_IOPORT_PinWrite
 .text.R_IOPORT_PortDirectionSet
                0x0000ab78       0x2c ./ra/fsp/src/r_ioport/r_ioport.o
                0x0000ab78                R_IOPORT_PortDirectionSet
 .text.R_IOPORT_PortEventInputRead
                0x0000aba4       0x18 ./ra/fsp/src/r_ioport/r_ioport.o
                0x0000aba4                R_IOPORT_PortEventInputRead
 .text.R_IOPORT_PinEventInputRead
                0x0000abbc       0x34 ./ra/fsp/src/r_ioport/r_ioport.o
                0x0000abbc                R_IOPORT_PinEventInputRead
 .text.R_IOPORT_PortEventOutputWrite
                0x0000abf0       0x1c ./ra/fsp/src/r_ioport/r_ioport.o
                0x0000abf0                R_IOPORT_PortEventOutputWrite
 .text.R_IOPORT_PinEventOutputWrite
                0x0000ac0c       0x34 ./ra/fsp/src/r_ioport/r_ioport.o
                0x0000ac0c                R_IOPORT_PinEventOutputWrite
 .text.bsp_vbatt_init
                0x0000ac40       0x9c ./ra/fsp/src/r_ioport/r_ioport.o
 .text.r_ioport_pins_config
                0x0000acdc       0xac ./ra/fsp/src/r_ioport/r_ioport.o
 .text.R_IOPORT_Open
                0x0000ad88       0x14 ./ra/fsp/src/r_ioport/r_ioport.o
                0x0000ad88                R_IOPORT_Open
 .text.R_IOPORT_PinsCfg
                0x0000ad9c        0xc ./ra/fsp/src/r_ioport/r_ioport.o
                0x0000ad9c                R_IOPORT_PinsCfg
 .text.R_IOPORT_PinCfg
                0x0000ada8       0xa8 ./ra/fsp/src/r_ioport/r_ioport.o
                0x0000ada8                R_IOPORT_PinCfg
 .text.R_FLASH_HP_Close
                0x0000ae50       0x6c ./ra/fsp/src/r_flash_hp/r_flash_hp.o
                0x0000ae50                R_FLASH_HP_Close
 .text.flash_hp_init
                0x0000aebc      0x108 ./ra/fsp/src/r_flash_hp/r_flash_hp.o
 .text.R_FLASH_HP_Open
                0x0000afc4       0xe8 ./ra/fsp/src/r_flash_hp/r_flash_hp.o
                0x0000afc4                R_FLASH_HP_Open
 .text.R_FLASH_HP_Write
                0x0000b0ac       0x28 ./ra/fsp/src/r_flash_hp/r_flash_hp.o
                0x0000b0ac                R_FLASH_HP_Write
 .text.R_FLASH_HP_Erase
                0x0000b0d4       0x28 ./ra/fsp/src/r_flash_hp/r_flash_hp.o
                0x0000b0d4                R_FLASH_HP_Erase
 .text.SystemCoreClockUpdate
                0x0000b0fc       0x28 ./ra/fsp/src/bsp/mcu/all/bsp_clocks.o
                0x0000b0fc                SystemCoreClockUpdate
 .text.R_BSP_SubClockStabilizeWaitAfterReset
                0x0000b124        0x4 ./ra/fsp/src/bsp/mcu/all/bsp_clocks.o
                0x0000b124                R_BSP_SubClockStabilizeWaitAfterReset
 .text.bsp_clock_init
                0x0000b128      0x14c ./ra/fsp/src/bsp/mcu/all/bsp_clocks.o
                0x0000b128                bsp_clock_init
 .text.R_BSP_Init_RTC
                0x0000b274       0x68 ./ra/fsp/src/bsp/mcu/all/bsp_clocks.o
                0x0000b274                R_BSP_Init_RTC
 .text.__assert_func
                0x0000b2dc        0x4 ./ra/fsp/src/bsp/mcu/all/bsp_common.o
                0x0000b2dc                __assert_func
 .text.bsp_prv_software_delay_loop
                0x0000b2e0        0xc ./ra/fsp/src/bsp/mcu/all/bsp_delay.o
                0x0000b2e0                bsp_prv_software_delay_loop
 .text.R_BSP_SoftwareDelay
                0x0000b2ec       0x58 ./ra/fsp/src/bsp/mcu/all/bsp_delay.o
                0x0000b2ec                R_BSP_SoftwareDelay
 .text.NMI_Handler
                0x0000b344       0x3c ./ra/fsp/src/bsp/mcu/all/bsp_group_irq.o
                0x0000b344                NMI_Handler
 .text.bsp_irq_cfg
                0x0000b380       0xa4 ./ra/fsp/src/bsp/mcu/all/bsp_irq.o
                0x0000b380                bsp_irq_cfg
 .text.R_BSP_RegisterProtectEnable
                0x0000b424       0x60 ./ra/fsp/src/bsp/mcu/all/bsp_register_protection.o
                0x0000b424                R_BSP_RegisterProtectEnable
 .text.R_BSP_RegisterProtectDisable
                0x0000b484       0x54 ./ra/fsp/src/bsp/mcu/all/bsp_register_protection.o
                0x0000b484                R_BSP_RegisterProtectDisable
 .text._sbrk    0x0000b4d8       0x40 ./ra/fsp/src/bsp/mcu/all/bsp_sbrk.o
                0x0000b4d8                _sbrk
 .text.Default_Handler
                0x0000b518        0x4 ./ra/fsp/src/bsp/cmsis/Device/RENESAS/Source/startup.o
                0x0000b518                DebugMon_Handler
                0x0000b518                HardFault_Handler
                0x0000b518                SysTick_Handler
                0x0000b518                PendSV_Handler
                0x0000b518                UsageFault_Handler
                0x0000b518                SecureFault_Handler
                0x0000b518                Default_Handler
                0x0000b518                MemManage_Handler
                0x0000b518                SVC_Handler
                0x0000b518                BusFault_Handler
 .text.Reset_Handler
                0x0000b51c        0xc ./ra/fsp/src/bsp/cmsis/Device/RENESAS/Source/startup.o
                0x0000b51c                Reset_Handler
 .text.SystemInit
                0x0000b528       0xe0 ./ra/fsp/src/bsp/cmsis/Device/RENESAS/Source/system.o
                0x0000b528                SystemInit
 .text.bsp_init
                0x0000b608        0x4 ./ra/board/ra6m4_ek/board_init.o
                0x0000b608                bsp_init
 .text.mbedtls_asn1_get_len
                0x0000b60c       0x68 ./ra/arm/mbedtls/library/asn1parse.o
                0x0000b60c                mbedtls_asn1_get_len
 .text.mbedtls_asn1_get_tag
                0x0000b674       0x7c ./ra/arm/mbedtls/library/asn1parse.o
                0x0000b674                mbedtls_asn1_get_tag
 .text.mbedtls_asn1_get_mpi
                0x0000b6f0       0x48 ./ra/arm/mbedtls/library/asn1parse.o
                0x0000b6f0                mbedtls_asn1_get_mpi
 .text.mbedtls_asn1_get_bitstring_null
                0x0000b738       0x4c ./ra/arm/mbedtls/library/asn1parse.o
                0x0000b738                mbedtls_asn1_get_bitstring_null
 .text.mbedtls_asn1_get_alg
                0x0000b784       0xc0 ./ra/arm/mbedtls/library/asn1parse.o
                0x0000b784                mbedtls_asn1_get_alg
 .text.mbedtls_mpi_init
                0x0000b844        0xc ./ra/arm/mbedtls/library/bignum.o
                0x0000b844                mbedtls_mpi_init
 .text.mbedtls_mpi_free
                0x0000b850       0x20 ./ra/arm/mbedtls/library/bignum.o
                0x0000b850                mbedtls_mpi_free
 .text.mbedtls_mpi_grow
                0x0000b870       0x4c ./ra/arm/mbedtls/library/bignum.o
                0x0000b870                mbedtls_mpi_grow
 .text.mbedtls_mpi_resize_clear
                0x0000b8bc       0x58 ./ra/arm/mbedtls/library/bignum.o
 .text.mbedtls_mpi_shrink
                0x0000b914       0x78 ./ra/arm/mbedtls/library/bignum.o
                0x0000b914                mbedtls_mpi_shrink
 .text.mbedtls_mpi_copy
                0x0000b98c       0x7c ./ra/arm/mbedtls/library/bignum.o
                0x0000b98c                mbedtls_mpi_copy
 .text.mbedtls_mpi_lset
                0x0000ba08       0x64 ./ra/arm/mbedtls/library/bignum.o
                0x0000ba08                mbedtls_mpi_lset
 .text.mbedtls_mpi_get_bit
                0x0000ba6c       0x20 ./ra/arm/mbedtls/library/bignum.o
                0x0000ba6c                mbedtls_mpi_get_bit
 .text.mbedtls_mpi_bitlen
                0x0000ba8c        0x8 ./ra/arm/mbedtls/library/bignum.o
                0x0000ba8c                mbedtls_mpi_bitlen
 .text.mbedtls_mpi_size
                0x0000ba94       0x10 ./ra/arm/mbedtls/library/bignum.o
                0x0000ba94                mbedtls_mpi_size
 .text.mbedtls_mpi_read_binary
                0x0000baa4       0x2c ./ra/arm/mbedtls/library/bignum.o
                0x0000baa4                mbedtls_mpi_read_binary
 .text.mbedtls_mpi_write_binary
                0x0000bad0        0xc ./ra/arm/mbedtls/library/bignum.o
                0x0000bad0                mbedtls_mpi_write_binary
 .text.mbedtls_mpi_shift_l
                0x0000badc       0x3c ./ra/arm/mbedtls/library/bignum.o
                0x0000badc                mbedtls_mpi_shift_l
 .text.mbedtls_mpi_shift_r
                0x0000bb18       0x18 ./ra/arm/mbedtls/library/bignum.o
                0x0000bb18                mbedtls_mpi_shift_r
 .text.mbedtls_mpi_cmp_abs
                0x0000bb30       0x78 ./ra/arm/mbedtls/library/bignum.o
                0x0000bb30                mbedtls_mpi_cmp_abs
 .text.mbedtls_mpi_cmp_mpi
                0x0000bba8       0xa4 ./ra/arm/mbedtls/library/bignum.o
                0x0000bba8                mbedtls_mpi_cmp_mpi
 .text.mbedtls_mpi_cmp_int
                0x0000bc4c       0x34 ./ra/arm/mbedtls/library/bignum.o
                0x0000bc4c                mbedtls_mpi_cmp_int
 .text.mbedtls_mpi_add_abs
                0x0000bc80       0x88 ./ra/arm/mbedtls/library/bignum.o
                0x0000bc80                mbedtls_mpi_add_abs
 .text.mbedtls_mpi_sub_abs
                0x0000bd08       0xa0 ./ra/arm/mbedtls/library/bignum.o
                0x0000bd08                mbedtls_mpi_sub_abs
 .text.add_sub_mpi
                0x0000bda8       0x6c ./ra/arm/mbedtls/library/bignum.o
 .text.mbedtls_mpi_add_mpi
                0x0000be14        0x8 ./ra/arm/mbedtls/library/bignum.o
                0x0000be14                mbedtls_mpi_add_mpi
 .text.mbedtls_mpi_sub_mpi
                0x0000be1c        0x8 ./ra/arm/mbedtls/library/bignum.o
                0x0000be1c                mbedtls_mpi_sub_mpi
 .text.mbedtls_mpi_add_int
                0x0000be24       0x38 ./ra/arm/mbedtls/library/bignum.o
                0x0000be24                mbedtls_mpi_add_int
 .text.mbedtls_mpi_sub_int
                0x0000be5c       0x3c ./ra/arm/mbedtls/library/bignum.o
                0x0000be5c                mbedtls_mpi_sub_int
 .text.mbedtls_mpi_mul_mpi
                0x0000be98      0x110 ./ra/arm/mbedtls/library/bignum.o
                0x0000be98                mbedtls_mpi_mul_mpi
 .text.mbedtls_mpi_mul_int
                0x0000bfa8       0x8c ./ra/arm/mbedtls/library/bignum.o
                0x0000bfa8                mbedtls_mpi_mul_int
 .text.mbedtls_mpi_div_mpi
                0x0000c034      0x420 ./ra/arm/mbedtls/library/bignum.o
                0x0000c034                mbedtls_mpi_div_mpi
 .text.mbedtls_mpi_mod_mpi
                0x0000c454       0x98 ./ra/arm/mbedtls/library/bignum.o
                0x0000c454                mbedtls_mpi_mod_mpi
 .text.mbedtls_mpi_exp_mod
                0x0000c4ec      0x238 ./ra/arm/mbedtls/library/bignum.o
                0x0000c4ec                mbedtls_mpi_exp_mod
 .text.mbedtls_mpi_core_bitlen
                0x0000c724       0x28 ./ra/arm/mbedtls/library/bignum_core.o
                0x0000c724                mbedtls_mpi_core_bitlen
 .text.mbedtls_mpi_core_read_be
                0x0000c74c       0x5c ./ra/arm/mbedtls/library/bignum_core.o
                0x0000c74c                mbedtls_mpi_core_read_be
 .text.mbedtls_mpi_core_write_be
                0x0000c7a8       0x80 ./ra/arm/mbedtls/library/bignum_core.o
                0x0000c7a8                mbedtls_mpi_core_write_be
 .text.mbedtls_mpi_core_shift_r
                0x0000c828       0x98 ./ra/arm/mbedtls/library/bignum_core.o
                0x0000c828                mbedtls_mpi_core_shift_r
 .text.mbedtls_mpi_core_shift_l
                0x0000c8c0       0x7c ./ra/arm/mbedtls/library/bignum_core.o
                0x0000c8c0                mbedtls_mpi_core_shift_l
 .text.mbedtls_mpi_core_add
                0x0000c93c       0x3c ./ra/arm/mbedtls/library/bignum_core.o
                0x0000c93c                mbedtls_mpi_core_add
 .text.mbedtls_mpi_core_sub
                0x0000c978       0x44 ./ra/arm/mbedtls/library/bignum_core.o
                0x0000c978                mbedtls_mpi_core_sub
 .text.mbedtls_mpi_core_mla
                0x0000c9bc      0x194 ./ra/arm/mbedtls/library/bignum_core.o
                0x0000c9bc                mbedtls_mpi_core_mla
 .text.mbedtls_mpi_core_mul
                0x0000cb50       0x50 ./ra/arm/mbedtls/library/bignum_core.o
                0x0000cb50                mbedtls_mpi_core_mul
 .text.mbedtls_mpi_core_montmul_init
                0x0000cba0       0x30 ./ra/arm/mbedtls/library/bignum_core.o
                0x0000cba0                mbedtls_mpi_core_montmul_init
 .text.mbedtls_mpi_core_montmul
                0x0000cbd0       0xe8 ./ra/arm/mbedtls/library/bignum_core.o
                0x0000cbd0                mbedtls_mpi_core_montmul
 .text.mbedtls_mpi_core_get_mont_r2_unsafe
                0x0000ccb8       0x38 ./ra/arm/mbedtls/library/bignum_core.o
                0x0000ccb8                mbedtls_mpi_core_get_mont_r2_unsafe
 .text.mbedtls_mpi_core_exp_mod_working_limbs
                0x0000ccf0       0x14 ./ra/arm/mbedtls/library/bignum_core.o
                0x0000ccf0                mbedtls_mpi_core_exp_mod_working_limbs
 .text.mbedtls_mpi_core_exp_mod
                0x0000cd04      0x210 ./ra/arm/mbedtls/library/bignum_core.o
                0x0000cd04                mbedtls_mpi_core_exp_mod
 .text.mbedtls_mpi_core_sub_int
                0x0000cf14       0x28 ./ra/arm/mbedtls/library/bignum_core.o
                0x0000cf14                mbedtls_mpi_core_sub_int
 .text.mbedtls_mpi_core_check_zero_ct
                0x0000cf3c       0x2c ./ra/arm/mbedtls/library/bignum_core.o
                0x0000cf3c                mbedtls_mpi_core_check_zero_ct
 .text.mbedtls_mpi_core_to_mont_rep
                0x0000cf68       0x1c ./ra/arm/mbedtls/library/bignum_core.o
                0x0000cf68                mbedtls_mpi_core_to_mont_rep
 .text.mbedtls_mpi_core_from_mont_rep
                0x0000cf84       0x24 ./ra/arm/mbedtls/library/bignum_core.o
                0x0000cf84                mbedtls_mpi_core_from_mont_rep
 .text.mbedtls_ct_memcpy_if
                0x0000cfa8       0x7c ./ra/arm/mbedtls/library/constant_time.o
                0x0000cfa8                mbedtls_ct_memcpy_if
 .text.mbedtls_ecdsa_read_signature_restartable
                0x0000d024       0x98 ./ra/arm/mbedtls/library/ecdsa.o
                0x0000d024                mbedtls_ecdsa_read_signature_restartable
 .text.mbedtls_ecdsa_read_signature
                0x0000d0bc       0x14 ./ra/arm/mbedtls/library/ecdsa.o
                0x0000d0bc                mbedtls_ecdsa_read_signature
 .text.mbedtls_ecdsa_init
                0x0000d0d0        0x4 ./ra/arm/mbedtls/library/ecdsa.o
                0x0000d0d0                mbedtls_ecdsa_init
 .text.mbedtls_ecdsa_free
                0x0000d0d4        0x8 ./ra/arm/mbedtls/library/ecdsa.o
                0x0000d0d4                mbedtls_ecdsa_free
 .text.mbedtls_calloc
                0x0000d0dc        0xc ./ra/arm/mbedtls/library/platform.o
                0x0000d0dc                mbedtls_calloc
 .text.mbedtls_free
                0x0000d0e8        0xc ./ra/arm/mbedtls/library/platform.o
                0x0000d0e8                mbedtls_free
 .text.mbedtls_platform_zeroize
                0x0000d0f4       0x18 ./ra/arm/mbedtls/library/platform_util.o
                0x0000d0f4                mbedtls_platform_zeroize
 .text.mbedtls_zeroize_and_free
                0x0000d10c       0x20 ./ra/arm/mbedtls/library/platform_util.o
                0x0000d10c                mbedtls_zeroize_and_free
 .text          0x0000d12c       0x30 C:/Program Files (x86)/Arm GNU Toolchain arm-none-eabi/13.2 Rel1/bin/../lib/gcc/arm-none-eabi/13.2.1/thumb/v8-m.main+fp/hard\libgcc.a(_aeabi_uldivmod.o)
                0x0000d12c                __aeabi_uldivmod
 .text.__udivmoddi4
                0x0000d15c      0x300 C:/Program Files (x86)/Arm GNU Toolchain arm-none-eabi/13.2 Rel1/bin/../lib/gcc/arm-none-eabi/13.2.1/thumb/v8-m.main+fp/hard\libgcc.a(_udivmoddi4.o)
                0x0000d15c                __udivmoddi4
 .text          0x0000d45c        0x4 C:/Program Files (x86)/Arm GNU Toolchain arm-none-eabi/13.2 Rel1/bin/../lib/gcc/arm-none-eabi/13.2.1/thumb/v8-m.main+fp/hard\libgcc.a(_dvmd_tls.o)
                0x0000d45c                __aeabi_idiv0
                0x0000d45c                __aeabi_ldiv0
 .text.calloc   0x0000d460       0x10 C:/Program Files (x86)/Arm GNU Toolchain arm-none-eabi/13.2 Rel1/bin/../lib/gcc/arm-none-eabi/13.2.1/thumb/v8-m.main+fp/hard\libg_nano.a(libc_a-calloc.o)
                0x0000d460                calloc
 .text._calloc_r
                0x0000d470       0x28 C:/Program Files (x86)/Arm GNU Toolchain arm-none-eabi/13.2 Rel1/bin/../lib/gcc/arm-none-eabi/13.2.1/thumb/v8-m.main+fp/hard\libg_nano.a(libc_a-callocr.o)
                0x0000d470                _calloc_r
 .text.free     0x0000d498       0x10 C:/Program Files (x86)/Arm GNU Toolchain arm-none-eabi/13.2 Rel1/bin/../lib/gcc/arm-none-eabi/13.2.1/thumb/v8-m.main+fp/hard\libg_nano.a(libc_a-malloc.o)
                0x0000d498                free
 .text.sbrk_aligned
                0x0000d4a8       0x44 C:/Program Files (x86)/Arm GNU Toolchain arm-none-eabi/13.2 Rel1/bin/../lib/gcc/arm-none-eabi/13.2.1/thumb/v8-m.main+fp/hard\libg_nano.a(libc_a-mallocr.o)
 .text._malloc_r
                0x0000d4ec      0x100 C:/Program Files (x86)/Arm GNU Toolchain arm-none-eabi/13.2 Rel1/bin/../lib/gcc/arm-none-eabi/13.2.1/thumb/v8-m.main+fp/hard\libg_nano.a(libc_a-mallocr.o)
                0x0000d4ec                _malloc_r
 .text.__malloc_lock
                0x0000d5ec        0xc C:/Program Files (x86)/Arm GNU Toolchain arm-none-eabi/13.2 Rel1/bin/../lib/gcc/arm-none-eabi/13.2.1/thumb/v8-m.main+fp/hard\libg_nano.a(libc_a-mlock.o)
                0x0000d5ec                __malloc_lock
 .text.__malloc_unlock
                0x0000d5f8        0xc C:/Program Files (x86)/Arm GNU Toolchain arm-none-eabi/13.2 Rel1/bin/../lib/gcc/arm-none-eabi/13.2.1/thumb/v8-m.main+fp/hard\libg_nano.a(libc_a-mlock.o)
                0x0000d5f8                __malloc_unlock
 .text.memcmp   0x0000d604       0x20 C:/Program Files (x86)/Arm GNU Toolchain arm-none-eabi/13.2 Rel1/bin/../lib/gcc/arm-none-eabi/13.2.1/thumb/v8-m.main+fp/hard\libg_nano.a(libc_a-memcmp.o)
                0x0000d604                memcmp
 .text.memset   0x0000d624       0x10 C:/Program Files (x86)/Arm GNU Toolchain arm-none-eabi/13.2 Rel1/bin/../lib/gcc/arm-none-eabi/13.2.1/thumb/v8-m.main+fp/hard\libg_nano.a(libc_a-memset.o)
                0x0000d624                memset
 .text._sbrk_r  0x0000d634       0x20 C:/Program Files (x86)/Arm GNU Toolchain arm-none-eabi/13.2 Rel1/bin/../lib/gcc/arm-none-eabi/13.2.1/thumb/v8-m.main+fp/hard\libg_nano.a(libc_a-sbrkr.o)
                0x0000d634                _sbrk_r
 .text.__errno  0x0000d654        0xc C:/Program Files (x86)/Arm GNU Toolchain arm-none-eabi/13.2 Rel1/bin/../lib/gcc/arm-none-eabi/13.2.1/thumb/v8-m.main+fp/hard\libg_nano.a(libc_a-errno.o)
                0x0000d654                __errno
 .text.__retarget_lock_acquire_recursive
                0x0000d660        0x2 C:/Program Files (x86)/Arm GNU Toolchain arm-none-eabi/13.2 Rel1/bin/../lib/gcc/arm-none-eabi/13.2.1/thumb/v8-m.main+fp/hard\libg_nano.a(libc_a-lock.o)
                0x0000d660                __retarget_lock_acquire_recursive
 .text.__retarget_lock_release_recursive
                0x0000d662        0x2 C:/Program Files (x86)/Arm GNU Toolchain arm-none-eabi/13.2 Rel1/bin/../lib/gcc/arm-none-eabi/13.2.1/thumb/v8-m.main+fp/hard\libg_nano.a(libc_a-lock.o)
                0x0000d662                __retarget_lock_release_recursive
 .text.memcpy   0x0000d664       0x1a C:/Program Files (x86)/Arm GNU Toolchain arm-none-eabi/13.2 Rel1/bin/../lib/gcc/arm-none-eabi/13.2.1/thumb/v8-m.main+fp/hard\libg_nano.a(libc_a-memcpy-stub.o)
                0x0000d664                memcpy
 *fill*         0x0000d67e        0x2 ff
 .text._free_r  0x0000d680       0x94 C:/Program Files (x86)/Arm GNU Toolchain arm-none-eabi/13.2 Rel1/bin/../lib/gcc/arm-none-eabi/13.2.1/thumb/v8-m.main+fp/hard\libg_nano.a(libc_a-freer.o)
                0x0000d680                _free_r
 *(.version)
 .version       0x0000d714       0x50 ./ra/fsp/src/bsp/mcu/all/bsp_common.o
 *(.init)
 .init          0x0000d764        0x4 C:/Program Files (x86)/Arm GNU Toolchain arm-none-eabi/13.2 Rel1/bin/../lib/gcc/arm-none-eabi/13.2.1/thumb/v8-m.main+fp/hard/crti.o
                0x0000d764                _init
 .init          0x0000d768        0x8 C:/Program Files (x86)/Arm GNU Toolchain arm-none-eabi/13.2 Rel1/bin/../lib/gcc/arm-none-eabi/13.2.1/thumb/v8-m.main+fp/hard/crtn.o
 *(.fini)
 .fini          0x0000d770        0x4 C:/Program Files (x86)/Arm GNU Toolchain arm-none-eabi/13.2 Rel1/bin/../lib/gcc/arm-none-eabi/13.2.1/thumb/v8-m.main+fp/hard/crti.o
                0x0000d770                _fini
 .fini          0x0000d774        0x8 C:/Program Files (x86)/Arm GNU Toolchain arm-none-eabi/13.2 Rel1/bin/../lib/gcc/arm-none-eabi/13.2.1/thumb/v8-m.main+fp/hard/crtn.o
 *fill*         0x0000d77c        0x4 ff
 .fini.__stub   0x0000d780       0x10 linker stubs
 *crtbegin.o(.ctors)
 *crtbegin?.o(.ctors)
 *(EXCLUDE_FILE(*crtend.o *crtend?.o) .ctors)
 *(SORT_BY_NAME(.ctors.*))
 *(.ctors)
 *crtbegin.o(.dtors)
 *crtbegin?.o(.dtors)
 *(EXCLUDE_FILE(*crtend.o *crtend?.o) .dtors)
 *(SORT_BY_NAME(.dtors.*))
 *(.dtors)
 *(.rodata*)
 .rodata.mcuboot_quick_setup.str1.4
                0x0000d790      0x233 ./src/hal_entry.o
                                 0x4b (size before relaxing)
 *fill*         0x0000d9c3        0x1 ff
 .rodata.__func__.0
                0x0000d9c4       0x14 ./src/hal_entry.o
 .rodata.g_ioport
                0x0000d9d8        0xc ./ra_gen/common_data.o
                0x0000d9d8                g_ioport
 .rodata.gp_mcuboot_flash_cfg
                0x0000d9e4        0x4 ./ra_gen/hal_data.o
                0x0000d9e4                gp_mcuboot_flash_cfg
 .rodata.gp_mcuboot_flash_ctrl
                0x0000d9e8        0x4 ./ra_gen/hal_data.o
                0x0000d9e8                gp_mcuboot_flash_ctrl
 .rodata.g_flash0_cfg
                0x0000d9ec       0x14 ./ra_gen/hal_data.o
                0x0000d9ec                g_flash0_cfg
 .rodata.g_bsp_pin_cfg
                0x0000da00        0xc ./ra_gen/pin_data.o
                0x0000da00                g_bsp_pin_cfg
 .rodata.g_bsp_pin_cfg_data
                0x0000da0c       0x20 ./ra_gen/pin_data.o
                0x0000da0c                g_bsp_pin_cfg_data
 .rodata.bootutil_key_cnt
                0x0000da2c        0x4 ./ra/mcu-tools/MCUboot/sim/mcuboot-sys/csupport/keys.o
                0x0000da2c                bootutil_key_cnt
 .rodata.bootutil_keys
                0x0000da30        0x8 ./ra/mcu-tools/MCUboot/sim/mcuboot-sys/csupport/keys.o
                0x0000da30                bootutil_keys
 .rodata.root_pub_der_len
                0x0000da38        0x4 ./ra/mcu-tools/MCUboot/sim/mcuboot-sys/csupport/keys.o
                0x0000da38                root_pub_der_len
 .rodata.root_pub_der
                0x0000da3c       0x5b ./ra/mcu-tools/MCUboot/sim/mcuboot-sys/csupport/keys.o
                0x0000da3c                root_pub_der
 .rodata.boot_status_off.part.0.str1.4
                0x0000da97       0x66 ./ra/mcu-tools/MCUboot/boot/bootutil/src/bootutil_misc.o
 *fill*         0x0000da97        0x1 ff
 .rodata.__func__.0
                0x0000da98       0x10 ./ra/mcu-tools/MCUboot/boot/bootutil/src/bootutil_misc.o
 .rodata.boot_write_swap_info.str1.4
                0x0000daa8       0x62 ./ra/mcu-tools/MCUboot/boot/bootutil/src/bootutil_public.o
 .rodata.__func__.1
                0x0000daa8       0x15 ./ra/mcu-tools/MCUboot/boot/bootutil/src/bootutil_public.o
 *fill*         0x0000dabd        0x3 ff
 .rodata.boot_swap_tables
                0x0000dac0       0x12 ./ra/mcu-tools/MCUboot/boot/bootutil/src/bootutil_public.o
 *fill*         0x0000dad2        0x2 ff
 .rodata.boot_img_magic
                0x0000dad4       0x10 ./ra/mcu-tools/MCUboot/boot/bootutil/src/bootutil_public.o
                0x0000dad4                boot_img_magic
 .rodata.ec_secp256r1_oid
                0x0000dae4        0x9 ./ra/mcu-tools/MCUboot/boot/bootutil/src/image_ecdsa.o
 *fill*         0x0000daed        0x3 ff
 .rodata.ec_pubkey_oid
                0x0000daf0        0x8 ./ra/mcu-tools/MCUboot/boot/bootutil/src/image_ecdsa.o
 .rodata.allowed_unprot_tlvs
                0x0000daf8       0x1c ./ra/mcu-tools/MCUboot/boot/bootutil/src/image_validate.o
 .rodata.boot_swap_image.str1.4
                0x0000db14       0x48 ./ra/mcu-tools/MCUboot/boot/bootutil/src/loader.o
 .rodata.context_boot_go.str1.4
                0x0000db14        0x2 ./ra/mcu-tools/MCUboot/boot/bootutil/src/loader.o
 .rodata.__func__.3
                0x0000db14       0x14 ./ra/mcu-tools/MCUboot/boot/bootutil/src/loader.o
 .rodata.__func__.4
                0x0000db28       0x10 ./ra/mcu-tools/MCUboot/boot/bootutil/src/loader.o
 .rodata.__func__.5
                0x0000db38       0x1b ./ra/mcu-tools/MCUboot/boot/bootutil/src/loader.o
 *fill*         0x0000db53        0x1 ff
 .rodata.__func__.6
                0x0000db54       0x1e ./ra/mcu-tools/MCUboot/boot/bootutil/src/loader.o
 *fill*         0x0000db72        0x2 ff
 .rodata.__func__.7
                0x0000db74       0x10 ./ra/mcu-tools/MCUboot/boot/bootutil/src/loader.o
 .rodata.swap_erase_trailer_sectors.str1.4
                0x0000db84       0x3e ./ra/mcu-tools/MCUboot/boot/bootutil/src/swap_misc.o
 .rodata.swap_read_status.str1.4
                0x0000db84        0x2 ./ra/mcu-tools/MCUboot/boot/bootutil/src/swap_misc.o
 .rodata.__func__.0
                0x0000db84       0x11 ./ra/mcu-tools/MCUboot/boot/bootutil/src/swap_misc.o
 *fill*         0x0000db95        0x3 ff
 .rodata.__func__.1
                0x0000db98       0x11 ./ra/mcu-tools/MCUboot/boot/bootutil/src/swap_misc.o
 *fill*         0x0000dba9        0x3 ff
 .rodata.__func__.2
                0x0000dbac       0x1b ./ra/mcu-tools/MCUboot/boot/bootutil/src/swap_misc.o
 .rodata.swap_status_source.str1.4
                0x0000dbc7       0x41 ./ra/mcu-tools/MCUboot/boot/bootutil/src/swap_scratch.o
 *fill*         0x0000dbc7        0x1 ff
 .rodata.__func__.0
                0x0000dbc8       0x12 ./ra/mcu-tools/MCUboot/boot/bootutil/src/swap_scratch.o
 *fill*         0x0000dbda        0x2 ff
 .rodata.__func__.1
                0x0000dbdc       0x13 ./ra/mcu-tools/MCUboot/boot/bootutil/src/swap_scratch.o
 *fill*         0x0000dbef        0x1 ff
 .rodata.boot_status_tables
                0x0000dbf0       0x10 ./ra/mcu-tools/MCUboot/boot/bootutil/src/swap_scratch.o
 .rodata.secp256r1_n
                0x0000dc00       0x20 ./ra/fsp/src/rm_psa_crypto/ecp_curves_alt.o
 .rodata.secp256r1_gy
                0x0000dc20       0x20 ./ra/fsp/src/rm_psa_crypto/ecp_curves_alt.o
 .rodata.secp256r1_gx
                0x0000dc40       0x20 ./ra/fsp/src/rm_psa_crypto/ecp_curves_alt.o
 .rodata.secp256r1_b
                0x0000dc60       0x20 ./ra/fsp/src/rm_psa_crypto/ecp_curves_alt.o
 .rodata.secp256r1_p
                0x0000dc80       0x20 ./ra/fsp/src/rm_psa_crypto/ecp_curves_alt.o
 .rodata.mpi_one
                0x0000dca0        0x4 ./ra/fsp/src/rm_psa_crypto/ecp_curves_alt.o
 .rodata.flash_on_chip_cleanup.part.0.str1.4
                0x0000dca4       0x36 ./ra/fsp/src/rm_mcuboot_port/flash_map.o
 .rodata.flash_area_open.str1.4
                0x0000dca4        0xe ./ra/fsp/src/rm_mcuboot_port/flash_map.o
 .rodata.flash_area_erase.str1.4
                0x0000dca4       0x13 ./ra/fsp/src/rm_mcuboot_port/flash_map.o
 .rodata.__func__.0
                0x0000dca4       0x16 ./ra/fsp/src/rm_mcuboot_port/flash_map.o
 *fill*         0x0000dcba        0x2 ff
 .rodata.__func__.1
                0x0000dcbc       0x11 ./ra/fsp/src/rm_mcuboot_port/flash_map.o
 *fill*         0x0000dccd        0x3 ff
 .rodata.__func__.2
                0x0000dcd0       0x10 ./ra/fsp/src/rm_mcuboot_port/flash_map.o
 .rodata.__func__.3
                0x0000dce0       0x10 ./ra/fsp/src/rm_mcuboot_port/flash_map.o
 .rodata.flash_map
                0x0000dcf0       0x24 ./ra/fsp/src/rm_mcuboot_port/flash_map.o
 .rodata.gp_flush_buffer_lookup
                0x0000dd14        0x8 ./ra/fsp/src/rm_mcuboot_port/flash_map.o
 .rodata.S_FLASH2
                0x0000dd1c     0x1610 ./ra/fsp/src/r_sce/crypto_procedures/src/sce9/plainkey/primitive/s_flash2.o
                0x0000dd1c                S_FLASH2
 .rodata.DomainParam_Koblitz_secp256k1
                0x0000f32c        0x4 ./ra/fsp/src/r_sce/crypto_procedures/src/sce9/plainkey/adaptors/r_sce_adapt.o
                0x0000f32c                DomainParam_Koblitz_secp256k1
 .rodata.DomainParam_Brainpool_256r1
                0x0000f330        0x4 ./ra/fsp/src/r_sce/crypto_procedures/src/sce9/plainkey/adaptors/r_sce_adapt.o
                0x0000f330                DomainParam_Brainpool_256r1
 .rodata.DomainParam_NIST_P256
                0x0000f334        0x4 ./ra/fsp/src/r_sce/crypto_procedures/src/sce9/plainkey/adaptors/r_sce_adapt.o
                0x0000f334                DomainParam_NIST_P256
 .rodata.sce_oem_key_size
                0x0000f338       0x90 ./ra/fsp/src/r_sce/crypto_procedures/src/sce9/plainkey/adaptors/r_sce_adapt.o
                0x0000f338                sce_oem_key_size
 .rodata.g_vbatt_pins_input
                0x0000f3c8        0x6 ./ra/fsp/src/r_ioport/r_ioport.o
 *fill*         0x0000f3ce        0x2 ff
 .rodata.g_ioport_on_ioport
                0x0000f3d0       0x34 ./ra/fsp/src/r_ioport/r_ioport.o
                0x0000f3d0                g_ioport_on_ioport
 .rodata.g_interrupt_event_link_select
                0x0000f404       0xc0 ./ra/fsp/src/bsp/mcu/all/bsp_irq.o
                0x0000f404                g_interrupt_event_link_select
 .rodata.g_prcr_masks
                0x0000f4c4        0x8 ./ra/fsp/src/bsp/mcu/all/bsp_register_protection.o
 .rodata.memset_func
                0x0000f4cc        0x4 ./ra/arm/mbedtls/library/platform_util.o
                0x0000f4cc                memset_func
                0x0000f4d0                        __usb_dev_descriptor_start_fs = .
 *(.usb_device_desc_fs*)
                0x0000f4d0                        __usb_cfg_descriptor_start_fs = .
 *(.usb_config_desc_fs*)
                0x0000f4d0                        __usb_interface_descriptor_start_fs = .
 *(.usb_interface_desc_fs*)
                0x0000f4d0                        __usb_descriptor_end_fs = .
                0x0000f4d0                        __usb_dev_descriptor_start_hs = .
 *(.usb_device_desc_hs*)
                0x0000f4d0                        __usb_cfg_descriptor_start_hs = .
 *(.usb_config_desc_hs*)
                0x0000f4d0                        __usb_interface_descriptor_start_hs = .
 *(.usb_interface_desc_hs*)
                0x0000f4d0                        __usb_descriptor_end_hs = .
 *(.eh_frame*)
 .eh_frame      0x0000f4d0        0x0 C:/Program Files (x86)/Arm GNU Toolchain arm-none-eabi/13.2 Rel1/bin/../lib/gcc/arm-none-eabi/13.2.1/thumb/v8-m.main+fp/hard/crtbegin.o
 .eh_frame      0x0000f4d0       0x28 C:/Program Files (x86)/Arm GNU Toolchain arm-none-eabi/13.2 Rel1/bin/../lib/gcc/arm-none-eabi/13.2.1/thumb/v8-m.main+fp/hard\libg_nano.a(libc_a-strlen.o)
 .eh_frame      0x0000f4f8        0x4 C:/Program Files (x86)/Arm GNU Toolchain arm-none-eabi/13.2 Rel1/bin/../lib/gcc/arm-none-eabi/13.2.1/thumb/v8-m.main+fp/hard/crtend.o
                0x0000f4fc                        __ROM_End = .
                0x00000040                        __Vectors_Size = (__Vectors_End - __Vectors)

.glue_7         0x0000f4fc        0x0
 .glue_7        0x0000f4fc        0x0 linker stubs

.glue_7t        0x0000f4fc        0x0
 .glue_7t       0x0000f4fc        0x0 linker stubs

.vfp11_veneer   0x0000f4fc        0x0
 .vfp11_veneer  0x0000f4fc        0x0 linker stubs

.v4_bx          0x0000f4fc        0x0
 .v4_bx         0x0000f4fc        0x0 linker stubs

.iplt           0x0000f4fc        0x0
 .iplt          0x0000f4fc        0x0 C:/Program Files (x86)/Arm GNU Toolchain arm-none-eabi/13.2 Rel1/bin/../lib/gcc/arm-none-eabi/13.2.1/thumb/v8-m.main+fp/hard/crtbegin.o
                0x0000f4fc                        . = .
                0x0000f4fc                        __itcm_data_pre_location = .

.itcm_data      0x00000000        0x0 load address 0x0000f500
                0x00000000                        __tz_ITCM_S = ABSOLUTE (ITCM_START)
                0x00000000                        __itcm_data_start = .
 *(.itcm_data*)
                0x00000000                        . = ALIGN (0x8)
                0x00000000                        __itcm_data_end = .
                0x00000000                        __tz_ITCM_N = DEFINED (ITCM_NS_START)?ABSOLUTE (ITCM_NS_START):ALIGN (__itcm_data_end, 0x2000)
                0x0000f500                        __itcm_data_init_start = LOADADDR (.itcm_data)
                0x0000f500                        __itcm_data_init_end = (LOADADDR (.itcm_data) + SIZEOF (.itcm_data))
                0x00000001                        ASSERT (((ORIGIN (ITCM) % 0x8) == 0x0), ITCM memory region origin must be aligned to 8 bytes.)
                0x00000001                        ASSERT (((LENGTH (ITCM) % 0x8) == 0x0), ITCM memory region length must be a multiple of 8 bytes.)
                0x00000001                        ASSERT (((LOADADDR (.itcm_data) % 0x10) == 0x0), .itcm_data section must be aligned to 16 bytes.)
                0x00000001                        ASSERT (((SIZEOF (.itcm_data) % 0x8) == 0x0), .itcm_data section size must be a multiple of 8 bytes.)
                0x0000f4fc                        . = (SIZEOF (.itcm_data) > 0x0)?__itcm_data_init_end:__itcm_data_pre_location
                0x0000f4fc                        __exidx_start = .

/DISCARD/
 *(.ARM.extab* .gnu.linkonce.armextab.*)
 *(.ARM.exidx* .gnu.linkonce.armexidx.*)
                0x0000f4fc                        __exidx_end = .
                0x0000f4fc                        __etext = .
                0x20000000                        __tz_RAM_S = ORIGIN (RAM)

.fsp_dtc_vector_table
                0x20000000        0x0
                0x20000000                        . = ORIGIN (RAM)
 *(.fsp_dtc_vector_table)

.data           0x20000000      0x79c load address 0x0000f4fc
                0x20000000                        __data_start__ = .
                0x20000000                        . = ALIGN (0x4)
                0x20000000                        __Code_In_RAM_Start = .
 *(.code_in_ram*)
 .code_in_ram   0x20000000      0x718 ./ra/fsp/src/r_flash_hp/r_flash_hp.o
                0x20000718                        __Code_In_RAM_End = .
 *(vtable)
 *(.data.*)
 .data.FIH_NO_BOOTABLE_IMAGE
                0x20000718        0x4 ./ra/mcu-tools/MCUboot/boot/bootutil/src/fault_injection_hardening.o
                0x20000718                FIH_NO_BOOTABLE_IMAGE
 .data.FIH_FAILURE
                0x2000071c        0x4 ./ra/mcu-tools/MCUboot/boot/bootutil/src/fault_injection_hardening.o