Archive member included to satisfy reference by file (symbol)

C:/Program Files (x86)/Arm GNU Toolchain arm-none-eabi/13.2 Rel1/bin/../lib/gcc/arm-none-eabi/13.2.1/thumb/v8-m.main+fp/hard\libgcc.a(_aeabi_uldivmod.o)
                              ./ra/arm/mbedtls/library/bignum.o (__aeabi_uldivmod)
C:/Program Files (x86)/Arm GNU Toolchain arm-none-eabi/13.2 Rel1/bin/../lib/gcc/arm-none-eabi/13.2.1/thumb/v8-m.main+fp/hard\libgcc.a(_udivmoddi4.o)
                              C:/Program Files (x86)/Arm GNU Toolchain arm-none-eabi/13.2 Rel1/bin/../lib/gcc/arm-none-eabi/13.2.1/thumb/v8-m.main+fp/hard\libgcc.a(_aeabi_uldivmod.o) (__udivmoddi4)
C:/Program Files (x86)/Arm GNU Toolchain arm-none-eabi/13.2 Rel1/bin/../lib/gcc/arm-none-eabi/13.2.1/thumb/v8-m.main+fp/hard\libgcc.a(_dvmd_tls.o)
                              C:/Program Files (x86)/Arm GNU Toolchain arm-none-eabi/13.2 Rel1/bin/../lib/gcc/arm-none-eabi/13.2.1/thumb/v8-m.main+fp/hard\libgcc.a(_aeabi_uldivmod.o) (__aeabi_ldiv0)
C:/Program Files (x86)/Arm GNU Toolchain arm-none-eabi/13.2 Rel1/bin/../lib/gcc/arm-none-eabi/13.2.1/thumb/v8-m.main+fp/hard\libg_nano.a(libc_a-calloc.o)
                              ./ra/arm/mbedtls/library/platform.o (calloc)
C:/Program Files (x86)/Arm GNU Toolchain arm-none-eabi/13.2 Rel1/bin/../lib/gcc/arm-none-eabi/13.2.1/thumb/v8-m.main+fp/hard\libg_nano.a(libc_a-callocr.o)
                              C:/Program Files (x86)/Arm GNU Toolchain arm-none-eabi/13.2 Rel1/bin/../lib/gcc/arm-none-eabi/13.2.1/thumb/v8-m.main+fp/hard\libg_nano.a(libc_a-calloc.o) (_calloc_r)
C:/Program Files (x86)/Arm GNU Toolchain arm-none-eabi/13.2 Rel1/bin/../lib/gcc/arm-none-eabi/13.2.1/thumb/v8-m.main+fp/hard\libg_nano.a(libc_a-exit.o)
                              C:/Program Files (x86)/Arm GNU Toolchain arm-none-eabi/13.2 Rel1/bin/../lib/gcc/arm-none-eabi/13.2.1/thumb/v8-m.main+fp/hard/rdimon-crt0.o (exit)
C:/Program Files (x86)/Arm GNU Toolchain arm-none-eabi/13.2 Rel1/bin/../lib/gcc/arm-none-eabi/13.2.1/thumb/v8-m.main+fp/hard\libg_nano.a(libc_a-malloc.o)
                              ./ra/mcu-tools/MCUboot/boot/bootutil/src/loader.o (malloc)
C:/Program Files (x86)/Arm GNU Toolchain arm-none-eabi/13.2 Rel1/bin/../lib/gcc/arm-none-eabi/13.2.1/thumb/v8-m.main+fp/hard\libg_nano.a(libc_a-mallocr.o)
                              C:/Program Files (x86)/Arm GNU Toolchain arm-none-eabi/13.2 Rel1/bin/../lib/gcc/arm-none-eabi/13.2.1/thumb/v8-m.main+fp/hard\libg_nano.a(libc_a-callocr.o) (_malloc_r)
C:/Program Files (x86)/Arm GNU Toolchain arm-none-eabi/13.2 Rel1/bin/../lib/gcc/arm-none-eabi/13.2.1/thumb/v8-m.main+fp/hard\libg_nano.a(libc_a-mlock.o)
                              C:/Program Files (x86)/Arm GNU Toolchain arm-none-eabi/13.2 Rel1/bin/../lib/gcc/arm-none-eabi/13.2.1/thumb/v8-m.main+fp/hard\libg_nano.a(libc_a-mallocr.o) (__malloc_lock)
C:/Program Files (x86)/Arm GNU Toolchain arm-none-eabi/13.2 Rel1/bin/../lib/gcc/arm-none-eabi/13.2.1/thumb/v8-m.main+fp/hard\libg_nano.a(libc_a-findfp.o)
                              C:/Program Files (x86)/Arm GNU Toolchain arm-none-eabi/13.2 Rel1/bin/../lib/gcc/arm-none-eabi/13.2.1/thumb/v8-m.main+fp/hard\libg_nano.a(libc_a-exit.o) (__stdio_exit_handler)
C:/Program Files (x86)/Arm GNU Toolchain arm-none-eabi/13.2 Rel1/bin/../lib/gcc/arm-none-eabi/13.2.1/thumb/v8-m.main+fp/hard\libg_nano.a(libc_a-fwalk.o)
                              C:/Program Files (x86)/Arm GNU Toolchain arm-none-eabi/13.2 Rel1/bin/../lib/gcc/arm-none-eabi/13.2.1/thumb/v8-m.main+fp/hard\libg_nano.a(libc_a-findfp.o) (_fwalk_sglue)
C:/Program Files (x86)/Arm GNU Toolchain arm-none-eabi/13.2 Rel1/bin/../lib/gcc/arm-none-eabi/13.2.1/thumb/v8-m.main+fp/hard\libg_nano.a(libc_a-snprintf.o)
                              ./ra/arm/mbedtls/library/error.o (snprintf)
C:/Program Files (x86)/Arm GNU Toolchain arm-none-eabi/13.2 Rel1/bin/../lib/gcc/arm-none-eabi/13.2.1/thumb/v8-m.main+fp/hard\libg_nano.a(libc_a-stdio.o)
                              C:/Program Files (x86)/Arm GNU Toolchain arm-none-eabi/13.2 Rel1/bin/../lib/gcc/arm-none-eabi/13.2.1/thumb/v8-m.main+fp/hard\libg_nano.a(libc_a-findfp.o) (__sread)
C:/Program Files (x86)/Arm GNU Toolchain arm-none-eabi/13.2 Rel1/bin/../lib/gcc/arm-none-eabi/13.2.1/thumb/v8-m.main+fp/hard\libg_nano.a(libc_a-memcmp.o)
                              ./ra/mcu-tools/MCUboot/boot/bootutil/src/bootutil_misc.o (memcmp)
C:/Program Files (x86)/Arm GNU Toolchain arm-none-eabi/13.2 Rel1/bin/../lib/gcc/arm-none-eabi/13.2.1/thumb/v8-m.main+fp/hard\libg_nano.a(libc_a-memmove.o)
                              ./ra/arm/mbedtls/library/bignum.o (memmove)
C:/Program Files (x86)/Arm GNU Toolchain arm-none-eabi/13.2 Rel1/bin/../lib/gcc/arm-none-eabi/13.2.1/thumb/v8-m.main+fp/hard\libg_nano.a(libc_a-memset.o)
                              C:/Program Files (x86)/Arm GNU Toolchain arm-none-eabi/13.2 Rel1/bin/../lib/gcc/arm-none-eabi/13.2.1/thumb/v8-m.main+fp/hard/rdimon-crt0.o (memset)
[...]
Memory Configuration

Name             Origin             Length             Attributes
ITCM             0x00000000         0x00000000         xr
DTCM             0x00000000         0x00000000         xrw
FLASH            0x00000000         0x00018000         xr
RAM              0x20000000         0x00040000         xrw
DATA_FLASH       0x08000000         0x00002000         xr
QSPI_FLASH       0x60000000         0x04000000         xr
OSPI_DEVICE_0    0x68000000         0x08000000         xr
OSPI_DEVICE_1    0x70000000         0x10000000         xr
OSPI_DEVICE_0_RAM 0x68000000         0x08000000         xrw
OSPI_DEVICE_1_RAM 0x70000000         0x10000000         xrw
SDRAM            0x80010000         0x00000000         xrw
OPTION_SETTING   0x0100a100         0x00000100         r
OPTION_SETTING_OFS 0x0100a100         0x00000018         r
OPTION_SETTING_SAS 0x0100a134         0x000000cc         r
OPTION_SETTING_S 0x0100a200         0x00000100         r
ID_CODE          0x00000000         0x00000000         xr
*default*        0x00000000         0xffffffff

Linker script and memory map

LOAD C:/Program Files (x86)/Arm GNU Toolchain arm-none-eabi/13.2 Rel1/bin/../lib/gcc/arm-none-eabi/13.2.1/thumb/v8-m.main+fp/hard/crti.o
LOAD C:/Program Files (x86)/Arm GNU Toolchain arm-none-eabi/13.2 Rel1/bin/../lib/gcc/arm-none-eabi/13.2.1/thumb/v8-m.main+fp/hard/crtbegin.o
LOAD C:/Program Files (x86)/Arm GNU Toolchain arm-none-eabi/13.2 Rel1/bin/../lib/gcc/arm-none-eabi/13.2.1/thumb/v8-m.main+fp/hard/rdimon-crt0.o
START GROUP
LOAD ./src/hal_entry.o
LOAD ./ra_gen/common_data.o
LOAD ./ra_gen/hal_data.o
LOAD ./ra_gen/main.o
LOAD ./ra_gen/pin_data.o
LOAD ./ra_gen/vector_data.o
LOAD ./ra/mcu-tools/MCUboot/sim/mcuboot-sys/csupport/keys.o
LOAD ./ra/mcu-tools/MCUboot/boot/bootutil/src/boot_record.o
LOAD ./ra/mcu-tools/MCUboot/boot/bootutil/src/bootutil_misc.o
LOAD ./ra/mcu-tools/MCUboot/boot/bootutil/src/bootutil_public.o
LOAD ./ra/mcu-tools/MCUboot/boot/bootutil/src/caps.o
LOAD ./ra/mcu-tools/MCUboot/boot/bootutil/src/encrypted.o
LOAD ./ra/mcu-tools/MCUboot/boot/bootutil/src/fault_injection_hardening.o
LOAD ./ra/mcu-tools/MCUboot/boot/bootutil/src/fault_injection_hardening_delay_rng_mbedtls.o
LOAD ./ra/mcu-tools/MCUboot/boot/bootutil/src/image_ecdsa.o
LOAD ./ra/mcu-tools/MCUboot/boot/bootutil/src/image_ed25519.o
LOAD ./ra/mcu-tools/MCUboot/boot/bootutil/src/image_rsa.o
LOAD ./ra/mcu-tools/MCUboot/boot/bootutil/src/image_validate.o
LOAD ./ra/mcu-tools/MCUboot/boot/bootutil/src/loader.o
LOAD ./ra/mcu-tools/MCUboot/boot/bootutil/src/swap_misc.o
LOAD ./ra/mcu-tools/MCUboot/boot/bootutil/src/swap_move.o
LOAD ./ra/mcu-tools/MCUboot/boot/bootutil/src/swap_scratch.o
LOAD ./ra/mcu-tools/MCUboot/boot/bootutil/src/tlv.o
LOAD ./ra/fsp/src/rm_psa_crypto/aes_alt.o
LOAD ./ra/fsp/src/rm_psa_crypto/aes_alt_process.o
LOAD ./ra/fsp/src/rm_psa_crypto/aes_vendor.o
LOAD ./ra/fsp/src/rm_psa_crypto/asymmetric_vendor.o
LOAD ./ra/fsp/src/rm_psa_crypto/ccm_alt.o
LOAD ./ra/fsp/src/rm_psa_crypto/ccm_alt_process.o
LOAD ./ra/fsp/src/rm_psa_crypto/cipher_alt.o
LOAD ./ra/fsp/src/rm_psa_crypto/cmac_alt.o
LOAD ./ra/fsp/src/rm_psa_crypto/ctr_drbg_alt.o
LOAD ./ra/fsp/src/rm_psa_crypto/ecdh_alt.o
LOAD ./ra/fsp/src/rm_psa_crypto/ecdsa_alt.o
LOAD ./ra/fsp/src/rm_psa_crypto/ecdsa_alt_process.o
LOAD ./ra/fsp/src/rm_psa_crypto/ecp_alt.o
LOAD ./ra/fsp/src/rm_psa_crypto/ecp_alt_process.o
LOAD ./ra/fsp/src/rm_psa_crypto/ecp_curves_alt.o
LOAD ./ra/fsp/src/rm_psa_crypto/gcm_alt.o
LOAD ./ra/fsp/src/rm_psa_crypto/gcm_alt_process.o
LOAD ./ra/fsp/src/rm_psa_crypto/platform_alt.o
LOAD ./ra/fsp/src/rm_psa_crypto/rm_psa_crypto.o
LOAD ./ra/fsp/src/rm_psa_crypto/rsa_alt.o
LOAD ./ra/fsp/src/rm_psa_crypto/rsa_alt_process.o
LOAD ./ra/fsp/src/rm_psa_crypto/sha256_alt.o
LOAD ./ra/fsp/src/rm_psa_crypto/sha256_alt_process.o
LOAD ./ra/fsp/src/rm_psa_crypto/sha512_alt.o
LOAD ./ra/fsp/src/rm_psa_crypto/sha512_alt_process.o
LOAD ./ra/fsp/src/rm_psa_crypto/trng_entropy.o
LOAD ./ra/fsp/src/rm_psa_crypto/vendor.o
LOAD ./ra/fsp/src/rm_mcuboot_port/custom_crypto_stacks/protected_mode/sce9_image_ec256.o
LOAD ./ra/fsp/src/rm_mcuboot_port/custom_crypto_stacks/protected_mode/sce9_image_rsa.o
LOAD ./ra/fsp/src/rm_mcuboot_port/custom_crypto_stacks/protected_mode/sce9_keys.o
LOAD ./ra/fsp/src/rm_mcuboot_port/flash_map.o
LOAD ./ra/fsp/src/rm_mcuboot_port/rm_mcuboot_port.o
LOAD ./ra/fsp/src/r_sce/crypto_procedures/src/sce9/plainkey/primitive/hw_sce_p_func000.o
LOAD ./ra/fsp/src/r_sce/crypto_procedures/src/sce9/plainkey/primitive/hw_sce_p_func001.o
LOAD ./ra/fsp/src/r_sce/crypto_procedures/src/sce9/plainkey/primitive/hw_sce_p_func002.o
LOAD ./ra/fsp/src/r_sce/crypto_procedures/src/sce9/plainkey/primitive/hw_sce_p_func027.o
LOAD ./ra/fsp/src/r_sce/crypto_procedures/src/sce9/plainkey/primitive/hw_sce_p_func028.o
LOAD ./ra/fsp/src/r_sce/crypto_procedures/src/sce9/plainkey/primitive/hw_sce_p_func031.o
LOAD ./ra/fsp/src/r_sce/crypto_procedures/src/sce9/plainkey/primitive/hw_sce_p_func043.o
LOAD ./ra/fsp/src/r_sce/crypto_procedures/src/sce9/plainkey/primitive/hw_sce_p_func044.o
LOAD ./ra/fsp/src/r_sce/crypto_procedures/src/sce9/plainkey/primitive/hw_sce_p_func048.o
LOAD ./ra/fsp/src/r_sce/crypto_procedures/src/sce9/plainkey/primitive/hw_sce_p_func049.o
LOAD ./ra/fsp/src/r_sce/crypto_procedures/src/sce9/plainkey/primitive/hw_sce_p_func050.o
LOAD ./ra/fsp/src/r_sce/crypto_procedures/src/sce9/plainkey/primitive/hw_sce_p_func051.o
LOAD ./ra/fsp/src/r_sce/crypto_procedures/src/sce9/plainkey/primitive/hw_sce_p_func052.o
LOAD ./ra/fsp/src/r_sce/crypto_procedures/src/sce9/plainkey/primitive/hw_sce_p_func053.o
LOAD ./ra/fsp/src/r_sce/crypto_procedures/src/sce9/plainkey/primitive/hw_sce_p_func054.o
LOAD ./ra/fsp/src/r_sce/crypto_procedures/src/sce9/plainkey/primitive/hw_sce_p_func057.o
LOAD ./ra/fsp/src/r_sce/crypto_procedures/src/sce9/plainkey/primitive/hw_sce_p_func058.o
LOAD ./ra/fsp/src/r_sce/crypto_procedures/src/sce9/plainkey/primitive/hw_sce_p_func059.o
LOAD ./ra/fsp/src/r_sce/crypto_procedures/src/sce9/plainkey/primitive/hw_sce_p_func060.o
LOAD ./ra/fsp/src/r_sce/crypto_procedures/src/sce9/plainkey/primitive/hw_sce_p_func061.o
LOAD ./ra/fsp/src/r_sce/crypto_procedures/src/sce9/plainkey/primitive/hw_sce_p_func062.o
LOAD ./ra/fsp/src/r_sce/crypto_procedures/src/sce9/plainkey/primitive/hw_sce_p_func063.o
LOAD ./ra/fsp/src/r_sce/crypto_procedures/src/sce9/plainkey/primitive/hw_sce_p_func064.o
LOAD ./ra/fsp/src/r_sce/crypto_procedures/src/sce9/plainkey/primitive/hw_sce_p_func065.o
LOAD ./ra/fsp/src/r_sce/crypto_procedures/src/sce9/plainkey/primitive/hw_sce_p_func066.o
LOAD ./ra/fsp/src/r_sce/crypto_procedures/src/sce9/plainkey/primitive/hw_sce_p_func067.o
LOAD ./ra/fsp/src/r_sce/crypto_procedures/src/sce9/plainkey/primitive/hw_sce_p_func068.o
LOAD ./ra/fsp/src/r_sce/crypto_procedures/src/sce9/plainkey/primitive/hw_sce_p_func070.o
LOAD ./ra/fsp/src/r_sce/crypto_procedures/src/sce9/plainkey/primitive/hw_sce_p_func071.o
LOAD ./ra/fsp/src/r_sce/crypto_procedures/src/sce9/plainkey/primitive/hw_sce_p_func074.o
LOAD ./ra/fsp/src/r_sce/crypto_procedures/src/sce9/plainkey/primitive/hw_sce_p_func075.o
LOAD ./ra/fsp/src/r_sce/crypto_procedures/src/sce9/plainkey/primitive/hw_sce_p_func076.o
LOAD ./ra/fsp/src/r_sce/crypto_procedures/src/sce9/plainkey/primitive/hw_sce_p_func077.o
LOAD ./ra/fsp/src/r_sce/crypto_procedures/src/sce9/plainkey/primitive/hw_sce_p_func080.o
LOAD ./ra/fsp/src/r_sce/crypto_procedures/src/sce9/plainkey/primitive/hw_sce_p_func081.o
LOAD ./ra/fsp/src/r_sce/crypto_procedures/src/sce9/plainkey/primitive/hw_sce_p_func082.o
LOAD ./ra/fsp/src/r_sce/crypto_procedures/src/sce9/plainkey/primitive/hw_sce_p_func100.o
LOAD ./ra/fsp/src/r_sce/crypto_procedures/src/sce9/plainkey/primitive/hw_sce_p_func101.o
LOAD ./ra/fsp/src/r_sce/crypto_procedures/src/sce9/plainkey/primitive/hw_sce_p_func102.o
LOAD ./ra/fsp/src/r_sce/crypto_procedures/src/sce9/plainkey/primitive/hw_sce_p_func103.o
LOAD ./ra/fsp/src/r_sce/crypto_procedures/src/sce9/plainkey/primitive/hw_sce_p_func200.o
LOAD ./ra/fsp/src/r_sce/crypto_procedures/src/sce9/plainkey/primitive/hw_sce_p_func202.o
LOAD ./ra/fsp/src/r_sce/crypto_procedures/src/sce9/plainkey/primitive/hw_sce_p_func205.o
LOAD ./ra/fsp/src/r_sce/crypto_procedures/src/sce9/plainkey/primitive/hw_sce_p_func206.o
LOAD ./ra/fsp/src/r_sce/crypto_procedures/src/sce9/plainkey/primitive/hw_sce_p_func207.o
LOAD ./ra/fsp/src/r_sce/crypto_procedures/src/sce9/plainkey/primitive/hw_sce_p_func300.o
LOAD ./ra/fsp/src/r_sce/crypto_procedures/src/sce9/plainkey/primitive/hw_sce_p_func301.o
LOAD ./ra/fsp/src/r_sce/crypto_procedures/src/sce9/plainkey/primitive/hw_sce_p_func302.o
LOAD ./ra/fsp/src/r_sce/crypto_procedures/src/sce9/plainkey/primitive/hw_sce_p_func304.o
LOAD ./ra/fsp/src/r_sce/crypto_procedures/src/sce9/plainkey/primitive/hw_sce_p_func307.o
LOAD ./ra/fsp/src/r_sce/crypto_procedures/src/sce9/plainkey/primitive/hw_sce_p_func308.o
LOAD ./ra/fsp/src/r_sce/crypto_procedures/src/sce9/plainkey/primitive/hw_sce_p_func309.o
LOAD ./ra/fsp/src/r_sce/crypto_procedures/src/sce9/plainkey/primitive/hw_sce_p_func310.o
LOAD ./ra/fsp/src/r_sce/crypto_procedures/src/sce9/plainkey/primitive/hw_sce_p_func311.o
LOAD ./ra/fsp/src/r_sce/crypto_procedures/src/sce9/plainkey/primitive/hw_sce_p_func312.o
LOAD ./ra/fsp/src/r_sce/crypto_procedures/src/sce9/plainkey/primitive/hw_sce_p_func313.o
LOAD ./ra/fsp/src/r_sce/crypto_procedures/src/sce9/plainkey/primitive/hw_sce_p_func314.o
LOAD ./ra/fsp/src/r_sce/crypto_procedures/src/sce9/plainkey/primitive/hw_sce_p_func315.o
LOAD ./ra/fsp/src/r_sce/crypto_procedures/src/sce9/plainkey/primitive/hw_sce_p_func316.o
LOAD ./ra/fsp/src/r_sce/crypto_procedures/src/sce9/plainkey/primitive/hw_sce_p_func317.o
LOAD ./ra/fsp/src/r_sce/crypto_procedures/src/sce9/plainkey/primitive/hw_sce_p_func318.o
LOAD ./ra/fsp/src/r_sce/crypto_procedures/src/sce9/plainkey/primitive/hw_sce_p_func319.o
LOAD ./ra/fsp/src/r_sce/crypto_procedures/src/sce9/plainkey/primitive/hw_sce_p_func320.o
LOAD ./ra/fsp/src/r_sce/crypto_procedures/src/sce9/plainkey/primitive/hw_sce_p_func321.o
LOAD ./ra/fsp/src/r_sce/crypto_procedures/src/sce9/plainkey/primitive/hw_sce_p_func322.o
LOAD ./ra/fsp/src/r_sce/crypto_procedures/src/sce9/plainkey/primitive/hw_sce_p_func323.o
LOAD ./ra/fsp/src/r_sce/crypto_procedures/src/sce9/plainkey/primitive/hw_sce_p_func324.o
LOAD ./ra/fsp/src/r_sce/crypto_procedures/src/sce9/plainkey/primitive/hw_sce_p_func325.o
LOAD ./ra/fsp/src/r_sce/crypto_procedures/src/sce9/plainkey/primitive/hw_sce_p_p00.o
LOAD ./ra/fsp/src/r_sce/crypto_procedures/src/sce9/plainkey/primitive/hw_sce_p_p01.o
LOAD ./ra/fsp/src/r_sce/crypto_procedures/src/sce9/plainkey/primitive/hw_sce_p_p02.o
LOAD ./ra/fsp/src/r_sce/crypto_procedures/src/sce9/plainkey/primitive/hw_sce_p_p07.o
LOAD ./ra/fsp/src/r_sce/crypto_procedures/src/sce9/plainkey/primitive/hw_sce_p_p08.o
LOAD ./ra/fsp/src/r_sce/crypto_procedures/src/sce9/plainkey/primitive/hw_sce_p_p15.o
LOAD ./ra/fsp/src/r_sce/crypto_procedures/src/sce9/plainkey/primitive/hw_sce_p_p16.o
LOAD ./ra/fsp/src/r_sce/crypto_procedures/src/sce9/plainkey/primitive/hw_sce_p_p17.o
LOAD ./ra/fsp/src/r_sce/crypto_procedures/src/sce9/plainkey/primitive/hw_sce_p_p20.o
LOAD ./ra/fsp/src/r_sce/crypto_procedures/src/sce9/plainkey/primitive/hw_sce_p_p21.o
LOAD ./ra/fsp/src/r_sce/crypto_procedures/src/sce9/plainkey/primitive/hw_sce_p_p26.o
LOAD ./ra/fsp/src/r_sce/crypto_procedures/src/sce9/plainkey/primitive/hw_sce_p_p29a.o
LOAD ./ra/fsp/src/r_sce/crypto_procedures/src/sce9/plainkey/primitive/hw_sce_p_p29f.o
LOAD ./ra/fsp/src/r_sce/crypto_procedures/src/sce9/plainkey/primitive/hw_sce_p_p29i.o
LOAD ./ra/fsp/src/r_sce/crypto_procedures/src/sce9/plainkey/primitive/hw_sce_p_p29t.o
LOAD ./ra/fsp/src/r_sce/crypto_procedures/src/sce9/plainkey/primitive/hw_sce_p_p29u.o
LOAD ./ra/fsp/src/r_sce/crypto_procedures/src/sce9/plainkey/primitive/hw_sce_p_p2b.o
LOAD ./ra/fsp/src/r_sce/crypto_procedures/src/sce9/plainkey/primitive/hw_sce_p_p32a.o
LOAD ./ra/fsp/src/r_sce/crypto_procedures/src/sce9/plainkey/primitive/hw_sce_p_p32f.o
LOAD ./ra/fsp/src/r_sce/crypto_procedures/src/sce9/plainkey/primitive/hw_sce_p_p32i.o
LOAD ./ra/fsp/src/r_sce/crypto_procedures/src/sce9/plainkey/primitive/hw_sce_p_p32t.o
LOAD ./ra/fsp/src/r_sce/crypto_procedures/src/sce9/plainkey/primitive/hw_sce_p_p32u.o
LOAD ./ra/fsp/src/r_sce/crypto_procedures/src/sce9/plainkey/primitive/hw_sce_p_p34a.o
LOAD ./ra/fsp/src/r_sce/crypto_procedures/src/sce9/plainkey/primitive/hw_sce_p_p34f.o
LOAD ./ra/fsp/src/r_sce/crypto_procedures/src/sce9/plainkey/primitive/hw_sce_p_p34i.o
LOAD ./ra/fsp/src/r_sce/crypto_procedures/src/sce9/plainkey/primitive/hw_sce_p_p34t.o
LOAD ./ra/fsp/src/r_sce/crypto_procedures/src/sce9/plainkey/primitive/hw_sce_p_p34u.o
LOAD ./ra/fsp/src/r_sce/crypto_procedures/src/sce9/plainkey/primitive/hw_sce_p_p36a.o
LOAD ./ra/fsp/src/r_sce/crypto_procedures/src/sce9/plainkey/primitive/hw_sce_p_p36f.o
LOAD ./ra/fsp/src/r_sce/crypto_procedures/src/sce9/plainkey/primitive/hw_sce_p_p36i.o
LOAD ./ra/fsp/src/r_sce/crypto_procedures/src/sce9/plainkey/primitive/hw_sce_p_p36t.o
LOAD ./ra/fsp/src/r_sce/crypto_procedures/src/sce9/plainkey/primitive/hw_sce_p_p36u.o
LOAD ./ra/fsp/src/r_sce/crypto_procedures/src/sce9/plainkey/primitive/hw_sce_p_p40.o
LOAD ./ra/fsp/src/r_sce/crypto_procedures/src/sce9/plainkey/primitive/hw_sce_p_p41f.o
LOAD ./ra/fsp/src/r_sce/crypto_procedures/src/sce9/plainkey/primitive/hw_sce_p_p41i.o
LOAD ./ra/fsp/src/r_sce/crypto_procedures/src/sce9/plainkey/primitive/hw_sce_p_p41u.o
LOAD ./ra/fsp/src/r_sce/crypto_procedures/src/sce9/plainkey/primitive/hw_sce_p_p44f.o
LOAD ./ra/fsp/src/r_sce/crypto_procedures/src/sce9/plainkey/primitive/hw_sce_p_p44i.o
LOAD ./ra/fsp/src/r_sce/crypto_procedures/src/sce9/plainkey/primitive/hw_sce_p_p44u.o
LOAD ./ra/fsp/src/r_sce/crypto_procedures/src/sce9/plainkey/primitive/hw_sce_p_p47f.o
LOAD ./ra/fsp/src/r_sce/crypto_procedures/src/sce9/plainkey/primitive/hw_sce_p_p47i.o
LOAD ./ra/fsp/src/r_sce/crypto_procedures/src/sce9/plainkey/primitive/hw_sce_p_p47u.o
LOAD ./ra/fsp/src/r_sce/crypto_procedures/src/sce9/plainkey/primitive/hw_sce_p_p50f.o
LOAD ./ra/fsp/src/r_sce/crypto_procedures/src/sce9/plainkey/primitive/hw_sce_p_p50i.o
LOAD ./ra/fsp/src/r_sce/crypto_procedures/src/sce9/plainkey/primitive/hw_sce_p_p50u.o
LOAD ./ra/fsp/src/r_sce/crypto_procedures/src/sce9/plainkey/primitive/hw_sce_p_p56.o
LOAD ./ra/fsp/src/r_sce/crypto_procedures/src/sce9/plainkey/primitive/hw_sce_p_p57.o
LOAD ./ra/fsp/src/r_sce/crypto_procedures/src/sce9/plainkey/primitive/hw_sce_p_p6e.o
LOAD ./ra/fsp/src/r_sce/crypto_procedures/src/sce9/plainkey/primitive/hw_sce_p_p72.o
LOAD ./ra/fsp/src/r_sce/crypto_procedures/src/sce9/plainkey/primitive/hw_sce_p_p76f.o
LOAD ./ra/fsp/src/r_sce/crypto_procedures/src/sce9/plainkey/primitive/hw_sce_p_p76i.o
LOAD ./ra/fsp/src/r_sce/crypto_procedures/src/sce9/plainkey/primitive/hw_sce_p_p76u.o
LOAD ./ra/fsp/src/r_sce/crypto_procedures/src/sce9/plainkey/primitive/hw_sce_p_p79.o
LOAD ./ra/fsp/src/r_sce/crypto_procedures/src/sce9/plainkey/primitive/hw_sce_p_p7b.o
LOAD ./ra/fsp/src/r_sce/crypto_procedures/src/sce9/plainkey/primitive/hw_sce_p_p83a.o
LOAD ./ra/fsp/src/r_sce/crypto_procedures/src/sce9/plainkey/primitive/hw_sce_p_p83f.o
LOAD ./ra/fsp/src/r_sce/crypto_procedures/src/sce9/plainkey/primitive/hw_sce_p_p83i.o
LOAD ./ra/fsp/src/r_sce/crypto_procedures/src/sce9/plainkey/primitive/hw_sce_p_p83t.o
LOAD ./ra/fsp/src/r_sce/crypto_procedures/src/sce9/plainkey/primitive/hw_sce_p_p83u.o
LOAD ./ra/fsp/src/r_sce/crypto_procedures/src/sce9/plainkey/primitive/hw_sce_p_p85a.o
LOAD ./ra/fsp/src/r_sce/crypto_procedures/src/sce9/plainkey/primitive/hw_sce_p_p85f.o
LOAD ./ra/fsp/src/r_sce/crypto_procedures/src/sce9/plainkey/primitive/hw_sce_p_p85i.o
LOAD ./ra/fsp/src/r_sce/crypto_procedures/src/sce9/plainkey/primitive/hw_sce_p_p85t.o
LOAD ./ra/fsp/src/r_sce/crypto_procedures/src/sce9/plainkey/primitive/hw_sce_p_p85u.o
LOAD ./ra/fsp/src/r_sce/crypto_procedures/src/sce9/plainkey/primitive/hw_sce_p_p89f.o
LOAD ./ra/fsp/src/r_sce/crypto_procedures/src/sce9/plainkey/primitive/hw_sce_p_p89i.o
LOAD ./ra/fsp/src/r_sce/crypto_procedures/src/sce9/plainkey/primitive/hw_sce_p_p89u.o
LOAD ./ra/fsp/src/r_sce/crypto_procedures/src/sce9/plainkey/primitive/hw_sce_p_p92.o
LOAD ./ra/fsp/src/r_sce/crypto_procedures/src/sce9/plainkey/primitive/hw_sce_p_p95f.o
LOAD ./ra/fsp/src/r_sce/crypto_procedures/src/sce9/plainkey/primitive/hw_sce_p_p95i.o
LOAD ./ra/fsp/src/r_sce/crypto_procedures/src/sce9/plainkey/primitive/hw_sce_p_p95u.o
LOAD ./ra/fsp/src/r_sce/crypto_procedures/src/sce9/plainkey/primitive/hw_sce_p_p98f.o
LOAD ./ra/fsp/src/r_sce/crypto_procedures/src/sce9/plainkey/primitive/hw_sce_p_p98i.o
LOAD ./ra/fsp/src/r_sce/crypto_procedures/src/sce9/plainkey/primitive/hw_sce_p_p98u.o
LOAD ./ra/fsp/src/r_sce/crypto_procedures/src/sce9/plainkey/primitive/hw_sce_p_p9a.o
LOAD ./ra/fsp/src/r_sce/crypto_procedures/src/sce9/plainkey/primitive/hw_sce_p_p9b.o
LOAD ./ra/fsp/src/r_sce/crypto_procedures/src/sce9/plainkey/primitive/hw_sce_p_pa1f.o
LOAD ./ra/fsp/src/r_sce/crypto_procedures/src/sce9/plainkey/primitive/hw_sce_p_pa1i.o
LOAD ./ra/fsp/src/r_sce/crypto_procedures/src/sce9/plainkey/primitive/hw_sce_p_pa1u.o
LOAD ./ra/fsp/src/r_sce/crypto_procedures/src/sce9/plainkey/primitive/hw_sce_p_pa4f.o
LOAD ./ra/fsp/src/r_sce/crypto_procedures/src/sce9/plainkey/primitive/hw_sce_p_pa4i.o
LOAD ./ra/fsp/src/r_sce/crypto_procedures/src/sce9/plainkey/primitive/hw_sce_p_pa4u.o
LOAD ./ra/fsp/src/r_sce/crypto_procedures/src/sce9/plainkey/primitive/hw_sce_p_pa7f.o
LOAD ./ra/fsp/src/r_sce/crypto_procedures/src/sce9/plainkey/primitive/hw_sce_p_pa7i.o
LOAD ./ra/fsp/src/r_sce/crypto_procedures/src/sce9/plainkey/primitive/hw_sce_p_pa7u.o
LOAD ./ra/fsp/src/r_sce/crypto_procedures/src/sce9/plainkey/primitive/hw_sce_p_pb0f.o
LOAD ./ra/fsp/src/r_sce/crypto_procedures/src/sce9/plainkey/primitive/hw_sce_p_pb0i.o
LOAD ./ra/fsp/src/r_sce/crypto_procedures/src/sce9/plainkey/primitive/hw_sce_p_pb0u.o
LOAD ./ra/fsp/src/r_sce/crypto_procedures/src/sce9/plainkey/primitive/hw_sce_p_pb3f.o
LOAD ./ra/fsp/src/r_sce/crypto_procedures/src/sce9/plainkey/primitive/hw_sce_p_pb3i.o
LOAD ./ra/fsp/src/r_sce/crypto_procedures/src/sce9/plainkey/primitive/hw_sce_p_pb3u.o
LOAD ./ra/fsp/src/r_sce/crypto_procedures/src/sce9/plainkey/primitive/hw_sce_p_pb6f.o
LOAD ./ra/fsp/src/r_sce/crypto_procedures/src/sce9/plainkey/primitive/hw_sce_p_pb6i.o
LOAD ./ra/fsp/src/r_sce/crypto_procedures/src/sce9/plainkey/primitive/hw_sce_p_pb6u.o
LOAD ./ra/fsp/src/r_sce/crypto_procedures/src/sce9/plainkey/primitive/hw_sce_p_pb9f.o
LOAD ./ra/fsp/src/r_sce/crypto_procedures/src/sce9/plainkey/primitive/hw_sce_p_pb9i.o
LOAD ./ra/fsp/src/r_sce/crypto_procedures/src/sce9/plainkey/primitive/hw_sce_p_pb9u.o
LOAD ./ra/fsp/src/r_sce/crypto_procedures/src/sce9/plainkey/primitive/hw_sce_p_pc2f.o
LOAD ./ra/fsp/src/r_sce/crypto_procedures/src/sce9/plainkey/primitive/hw_sce_p_pc2i.o
LOAD ./ra/fsp/src/r_sce/crypto_procedures/src/sce9/plainkey/primitive/hw_sce_p_pc2u.o
LOAD ./ra/fsp/src/r_sce/crypto_procedures/src/sce9/plainkey/primitive/hw_sce_p_pf0.o
LOAD ./ra/fsp/src/r_sce/crypto_procedures/src/sce9/plainkey/primitive/hw_sce_p_pf1.o
LOAD ./ra/fsp/src/r_sce/crypto_procedures/src/sce9/plainkey/primitive/hw_sce_p_pf4.o
LOAD ./ra/fsp/src/r_sce/crypto_procedures/src/sce9/plainkey/primitive/hw_sce_p_pf5.o
LOAD ./ra/fsp/src/r_sce/crypto_procedures/src/sce9/plainkey/primitive/hw_sce_p_pf6.o
LOAD ./ra/fsp/src/r_sce/crypto_procedures/src/sce9/plainkey/primitive/hw_sce_p_pf9.o
LOAD ./ra/fsp/src/r_sce/crypto_procedures/src/sce9/plainkey/primitive/hw_sce_p_subprc01.o
LOAD ./ra/fsp/src/r_sce/crypto_procedures/src/sce9/plainkey/primitive/s_flash2.o
LOAD ./ra/fsp/src/r_sce/crypto_procedures/src/sce9/plainkey/adaptors/r_sce_adapt.o
LOAD ./ra/fsp/src/r_qspi/r_qspi.o
LOAD ./ra/fsp/src/r_ioport/r_ioport.o
LOAD ./ra/fsp/src/r_flash_hp/r_flash_hp.o
LOAD ./ra/fsp/src/bsp/mcu/all/bsp_clocks.o
LOAD ./ra/fsp/src/bsp/mcu/all/bsp_common.o
LOAD ./ra/fsp/src/bsp/mcu/all/bsp_delay.o
LOAD ./ra/fsp/src/bsp/mcu/all/bsp_group_irq.o
LOAD ./ra/fsp/src/bsp/mcu/all/bsp_guard.o
LOAD ./ra/fsp/src/bsp/mcu/all/bsp_io.o
LOAD ./ra/fsp/src/bsp/mcu/all/bsp_irq.o
LOAD ./ra/fsp/src/bsp/mcu/all/bsp_macl.o
LOAD ./ra/fsp/src/bsp/mcu/all/bsp_register_protection.o
LOAD ./ra/fsp/src/bsp/mcu/all/bsp_rom_registers.o
LOAD ./ra/fsp/src/bsp/mcu/all/bsp_sbrk.o
LOAD ./ra/fsp/src/bsp/mcu/all/bsp_sdram.o
LOAD ./ra/fsp/src/bsp/mcu/all/bsp_security.o
LOAD ./ra/fsp/src/bsp/cmsis/Device/RENESAS/Source/startup.o
LOAD ./ra/fsp/src/bsp/cmsis/Device/RENESAS/Source/system.o
LOAD ./ra/board/ra6m4_ek/board_init.o
LOAD ./ra/board/ra6m4_ek/board_leds.o
LOAD ./ra/arm/mbedtls/library/aes.o
LOAD ./ra/arm/mbedtls/library/aesce.o
LOAD ./ra/arm/mbedtls/library/aesni.o
LOAD ./ra/arm/mbedtls/library/aria.o
LOAD ./ra/arm/mbedtls/library/asn1parse.o
LOAD ./ra/arm/mbedtls/library/asn1write.o
LOAD ./ra/arm/mbedtls/library/base64.o
LOAD ./ra/arm/mbedtls/library/bignum.o
LOAD ./ra/arm/mbedtls/library/bignum_core.o
LOAD ./ra/arm/mbedtls/library/bignum_mod.o
LOAD ./ra/arm/mbedtls/library/bignum_mod_raw.o
LOAD ./ra/arm/mbedtls/library/block_cipher.o
LOAD ./ra/arm/mbedtls/library/camellia.o
LOAD ./ra/arm/mbedtls/library/ccm.o
LOAD ./ra/arm/mbedtls/library/chacha20.o
LOAD ./ra/arm/mbedtls/library/chachapoly.o
LOAD ./ra/arm/mbedtls/library/cipher.o
LOAD ./ra/arm/mbedtls/library/cipher_wrap.o
LOAD ./ra/arm/mbedtls/library/cmac.o
LOAD ./ra/arm/mbedtls/library/constant_time.o
LOAD ./ra/arm/mbedtls/library/ctr_drbg.o
LOAD ./ra/arm/mbedtls/library/debug.o
LOAD ./ra/arm/mbedtls/library/des.o
LOAD ./ra/arm/mbedtls/library/dhm.o
LOAD ./ra/arm/mbedtls/library/ecdh.o
LOAD ./ra/arm/mbedtls/library/ecdsa.o
LOAD ./ra/arm/mbedtls/library/ecjpake.o
LOAD ./ra/arm/mbedtls/library/ecp.o
LOAD ./ra/arm/mbedtls/library/ecp_curves.o
LOAD ./ra/arm/mbedtls/library/ecp_curves_new.o
LOAD ./ra/arm/mbedtls/library/entropy.o
LOAD ./ra/arm/mbedtls/library/entropy_poll.o
LOAD ./ra/arm/mbedtls/library/error.o
LOAD ./ra/arm/mbedtls/library/gcm.o
LOAD ./ra/arm/mbedtls/library/hkdf.o
LOAD ./ra/arm/mbedtls/library/hmac_drbg.o
LOAD ./ra/arm/mbedtls/library/lmots.o
LOAD ./ra/arm/mbedtls/library/lms.o
LOAD ./ra/arm/mbedtls/library/md.o
LOAD ./ra/arm/mbedtls/library/md5.o
LOAD ./ra/arm/mbedtls/library/memory_buffer_alloc.o
LOAD ./ra/arm/mbedtls/library/mps_reader.o
LOAD ./ra/arm/mbedtls/library/mps_trace.o
LOAD ./ra/arm/mbedtls/library/net_sockets.o
LOAD ./ra/arm/mbedtls/library/nist_kw.o
LOAD ./ra/arm/mbedtls/library/oid.o
LOAD ./ra/arm/mbedtls/library/padlock.o
LOAD ./ra/arm/mbedtls/library/pem.o
LOAD ./ra/arm/mbedtls/library/pk.o
LOAD ./ra/arm/mbedtls/library/pk_ecc.o
LOAD ./ra/arm/mbedtls/library/pk_wrap.o
LOAD ./ra/arm/mbedtls/library/pkcs12.o
LOAD ./ra/arm/mbedtls/library/pkcs5.o
LOAD ./ra/arm/mbedtls/library/pkcs7.o
LOAD ./ra/arm/mbedtls/library/pkparse.o
LOAD ./ra/arm/mbedtls/library/pkwrite.o
LOAD ./ra/arm/mbedtls/library/platform.o
LOAD ./ra/arm/mbedtls/library/platform_util.o
LOAD ./ra/arm/mbedtls/library/poly1305.o
LOAD ./ra/arm/mbedtls/library/psa_crypto.o
LOAD ./ra/arm/mbedtls/library/psa_crypto_aead.o
LOAD ./ra/arm/mbedtls/library/psa_crypto_cipher.o
LOAD ./ra/arm/mbedtls/library/psa_crypto_client.o
LOAD ./ra/arm/mbedtls/library/psa_crypto_driver_wrappers_no_static.o
LOAD ./ra/arm/mbedtls/library/psa_crypto_ecp.o
LOAD ./ra/arm/mbedtls/library/psa_crypto_ffdh.o
LOAD ./ra/arm/mbedtls/library/psa_crypto_hash.o
LOAD ./ra/arm/mbedtls/library/psa_crypto_mac.o
LOAD ./ra/arm/mbedtls/library/psa_crypto_pake.o
LOAD ./ra/arm/mbedtls/library/psa_crypto_rsa.o
LOAD ./ra/arm/mbedtls/library/psa_crypto_se.o
LOAD ./ra/arm/mbedtls/library/psa_crypto_slot_management.o
LOAD ./ra/arm/mbedtls/library/psa_crypto_storage.o
LOAD ./ra/arm/mbedtls/library/psa_its_file.o
LOAD ./ra/arm/mbedtls/library/psa_util.o
LOAD ./ra/arm/mbedtls/library/ripemd160.o
LOAD ./ra/arm/mbedtls/library/rsa.o
LOAD ./ra/arm/mbedtls/library/rsa_alt_helpers.o
LOAD ./ra/arm/mbedtls/library/sha1.o
LOAD ./ra/arm/mbedtls/library/sha256.o
LOAD ./ra/arm/mbedtls/library/sha3.o
LOAD ./ra/arm/mbedtls/library/sha512.o
LOAD ./ra/arm/mbedtls/library/threading.o
LOAD ./ra/arm/mbedtls/library/timing.o
LOAD ./ra/arm/mbedtls/library/version.o
LOAD ./ra/arm/mbedtls/library/version_features.o
END GROUP
START GROUP
LOAD C:/Program Files (x86)/Arm GNU Toolchain arm-none-eabi/13.2 Rel1/bin/../lib/gcc/arm-none-eabi/13.2.1/thumb/v8-m.main+fp/hard\libgcc.a
LOAD C:/Program Files (x86)/Arm GNU Toolchain arm-none-eabi/13.2 Rel1/bin/../lib/gcc/arm-none-eabi/13.2.1/thumb/v8-m.main+fp/hard\libg_nano.a
LOAD C:/Program Files (x86)/Arm GNU Toolchain arm-none-eabi/13.2 Rel1/bin/../lib/gcc/arm-none-eabi/13.2.1/thumb/v8-m.main+fp/hard\libc_nano.a
END GROUP
START GROUP
LOAD C:/Program Files (x86)/Arm GNU Toolchain arm-none-eabi/13.2 Rel1/bin/../lib/gcc/arm-none-eabi/13.2.1/thumb/v8-m.main+fp/hard\libgcc.a
LOAD C:/Program Files (x86)/Arm GNU Toolchain arm-none-eabi/13.2 Rel1/bin/../lib/gcc/arm-none-eabi/13.2.1/thumb/v8-m.main+fp/hard\libc_nano.a
LOAD C:/Program Files (x86)/Arm GNU Toolchain arm-none-eabi/13.2 Rel1/bin/../lib/gcc/arm-none-eabi/13.2.1/thumb/v8-m.main+fp/hard\librdimon_nano.a
END GROUP
START GROUP
LOAD C:/Program Files (x86)/Arm GNU Toolchain arm-none-eabi/13.2 Rel1/bin/../lib/gcc/arm-none-eabi/13.2.1/thumb/v8-m.main+fp/hard\libgcc.a
LOAD C:/Program Files (x86)/Arm GNU Toolchain arm-none-eabi/13.2 Rel1/bin/../lib/gcc/arm-none-eabi/13.2.1/thumb/v8-m.main+fp/hard\libc_nano.a
LOAD C:/Program Files (x86)/Arm GNU Toolchain arm-none-eabi/13.2 Rel1/bin/../lib/gcc/arm-none-eabi/13.2.1/thumb/v8-m.main+fp/hard\librdimon_nano.a
END GROUP
LOAD C:/Program Files (x86)/Arm GNU Toolchain arm-none-eabi/13.2 Rel1/bin/../lib/gcc/arm-none-eabi/13.2.1/thumb/v8-m.main+fp/hard/crtend.o
LOAD C:/Program Files (x86)/Arm GNU Toolchain arm-none-eabi/13.2 Rel1/bin/../lib/gcc/arm-none-eabi/13.2.1/thumb/v8-m.main+fp/hard/crtn.o
                0x20000000                        RAM_START = 0x20000000
                0x00040000                        RAM_LENGTH = 0x40000
                0x00000000                        FLASH_START = 0x0
                0x00100000                        FLASH_LENGTH = 0x100000
                0x08000000                        DATA_FLASH_START = 0x8000000
                0x00002000                        DATA_FLASH_LENGTH = 0x2000
                0x0100a100                        OPTION_SETTING_START = 0x100a100
                0x00000100                        OPTION_SETTING_LENGTH = 0x100
                0x0100a200                        OPTION_SETTING_S_START = 0x100a200
                0x00000100                        OPTION_SETTING_S_LENGTH = 0x100
                0x00000000                        ID_CODE_START = 0x0
                0x00000000                        ID_CODE_LENGTH = 0x0
                0x80010000                        SDRAM_START = 0x80010000
                0x00000000                        SDRAM_LENGTH = 0x0
                0x60000000                        QSPI_FLASH_START = 0x60000000
                0x04000000                        QSPI_FLASH_LENGTH = 0x4000000
                0x68000000                        OSPI_DEVICE_0_START = 0x68000000
                0x08000000                        OSPI_DEVICE_0_LENGTH = 0x8000000
                0x70000000                        OSPI_DEVICE_1_START = 0x70000000
                0x10000000                        OSPI_DEVICE_1_LENGTH = 0x10000000
                0x00018000                        FLASH_BOOTLOADER_LENGTH = 0x18000
                0x00000200                        FLASH_BOOTLOADER_HEADER_LENGTH = 0x200
                0x00000200                        FLASH_BOOTLOADER_HEADER_LENGTH_2 = 0x200
                0x00008000                        FLASH_BOOTLOADER_SCRATCH_LENGTH = 0x8000
                0x000e0000                        FLASH_APPLICATION_S_LENGTH = 0xe0000
                0x00000000                        FLASH_APPLICATION_NSC_LENGTH = 0x0
                0x00000000                        FLASH_APPLICATION_NS_LENGTH = 0x0
                0x00000000                        RAM_APPLICATION_NSC_LENGTH = 0x0
                0x00000000                        RAM_APPLICATION_NS_LENGTH = 0x0
                0x00000001                        FLASH_APPLICATION_IMAGE_NUMBER = 0x1
                0x00000001                        BOOTLOADER_SECONDARY_USE_QSPI = 0x1
                0x04000000                        QSPI_FLASH_PRV_LENGTH = DEFINED (QSPI_FLASH_SIZE)?ABSOLUTE (QSPI_FLASH_SIZE):ABSOLUTE (QSPI_FLASH_LENGTH)
                0x08000000                        OSPI_DEVICE_0_PRV_LENGTH = DEFINED (OSPI_DEVICE_0_SIZE)?ABSOLUTE (OSPI_DEVICE_0_SIZE):ABSOLUTE (OSPI_DEVICE_0_LENGTH)
                0x10000000                        OSPI_DEVICE_1_PRV_LENGTH = DEFINED (OSPI_DEVICE_1_SIZE)?ABSOLUTE (OSPI_DEVICE_1_SIZE):ABSOLUTE (OSPI_DEVICE_1_LENGTH)
                0x00000000                        __RESERVE_NS_RAM = ((! (DEFINED (PROJECT_NONSECURE)) && DEFINED (RAM_NS_BUFFER_LENGTH)) && (OPTION_SETTING_S_LENGTH != 0x0))
                0x00000000                        ITCM_START = DEFINED (ITCM_START)?ITCM_START:0x0
                0x00000000                        ITCM_LENGTH = DEFINED (ITCM_LENGTH)?ITCM_LENGTH:0x0
                0x00000000                        DTCM_START = DEFINED (DTCM_START)?DTCM_START:0x0
                0x00000000                        DTCM_LENGTH = DEFINED (DTCM_LENGTH)?DTCM_LENGTH:0x0
                0x00000000                        RAM_NS_BUFFER_BLOCK_LENGTH = DEFINED (RAM_NS_BUFFER_LENGTH)?ALIGN (RAM_NS_BUFFER_LENGTH, 0x2000):0x0
                0x00000000                        RAM_NS_BUFFER_LENGTH = DEFINED (RAM_NS_BUFFER_LENGTH)?RAM_NS_BUFFER_LENGTH:0x0
                0x20040000                        RAM_NS_BUFFER_START = ((RAM_START + RAM_LENGTH) - RAM_NS_BUFFER_LENGTH)
                0x20040000                        RAM_NS_BUFFER_BLOCK_START = ((RAM_START + RAM_LENGTH) - RAM_NS_BUFFER_BLOCK_LENGTH)
                0x0100a180                        OPTION_SETTING_START_NS = DEFINED (PROJECT_NONSECURE)?OPTION_SETTING_START:(OPTION_SETTING_START + 0x80)
                0x00000001                        __bl_FSP_BOOTABLE_IMAGE = 0x1
                0x00000001                        __bln_FSP_BOOTABLE_IMAGE = 0x1
                0x00000001                        PROJECT_SECURE_OR_FLAT = (((! (DEFINED (PROJECT_NONSECURE)) || DEFINED (PROJECT_SECURE)) && OPTION_SETTING_LENGTH) && ! (DEFINED (FSP_BOOTABLE_IMAGE)))
                0x00000000                        USE_OPTION_SETTING_NS = (DEFINED (PROJECT_NONSECURE) && ! (DEFINED (FSP_BOOTABLE_IMAGE)))
                0x00018200                        __bl_FLASH_IMAGE_START = ! (DEFINED (FLASH_BOOTLOADER_LENGTH))?0x0:(FLASH_APPLICATION_IMAGE_NUMBER == 0x1)?((FLASH_START + FLASH_BOOTLOADER_LENGTH) + FLASH_BOOTLOADER_HEADER_LENGTH):(DEFINED (BOOTLOADER_SECONDARY_USE_QSPI) || DEFINED (BOOTLOADER_SECONDARY_USE_OSPI_B))?(((FLASH_START + FLASH_BOOTLOADER_LENGTH) + FLASH_BOOTLOADER_SCRATCH_LENGTH) + FLASH_BOOTLOADER_HEADER_LENGTH):((((FLASH_START + FLASH_BOOTLOADER_LENGTH) + FLASH_BOOTLOADER_SCRATCH_LENGTH) + FLASH_APPLICATION_S_LENGTH) + FLASH_BOOTLOADER_HEADER_LENGTH)
                0x000dfe00                        __bl_FLASH_IMAGE_LENGTH = ! (DEFINED (FLASH_BOOTLOADER_LENGTH))?0x0:(FLASH_APPLICATION_S_LENGTH - FLASH_BOOTLOADER_HEADER_LENGTH)
                0x000f8000                        __bl_FLASH_IMAGE_END = (__bl_FLASH_IMAGE_START + __bl_FLASH_IMAGE_LENGTH)
                0x000f8200                        __bl_XIP_SECONDARY_FLASH_IMAGE_START = ! (DEFINED (FLASH_BOOTLOADER_LENGTH))?0x0:(((FLASH_START + FLASH_BOOTLOADER_LENGTH) + FLASH_APPLICATION_S_LENGTH) + FLASH_BOOTLOADER_HEADER_LENGTH)
                0x001d8000                        __bl_XIP_SECONDARY_FLASH_IMAGE_END = (__bl_XIP_SECONDARY_FLASH_IMAGE_START + __bl_FLASH_IMAGE_LENGTH)
                0x000f8000                        __bl_FLASH_NS_START = ! (DEFINED (FLASH_BOOTLOADER_LENGTH))?0x0:(FLASH_APPLICATION_NS_LENGTH == 0x0)?__bl_FLASH_IMAGE_END:((__bl_FLASH_IMAGE_START - FLASH_BOOTLOADER_HEADER_LENGTH) + FLASH_APPLICATION_S_LENGTH)
                0x000f8000                        __bl_FLASH_NSC_START = ! (DEFINED (FLASH_BOOTLOADER_LENGTH))?0x0:(FLASH_APPLICATION_NS_LENGTH == 0x0)?__bl_FLASH_IMAGE_END:(__bl_FLASH_IMAGE_END - FLASH_APPLICATION_NSC_LENGTH)
                0x20040000                        __bl_RAM_NS_START = ! (DEFINED (FLASH_BOOTLOADER_LENGTH))?0x0:(FLASH_APPLICATION_NS_LENGTH == 0x0)?(RAM_START + RAM_LENGTH):((RAM_START + RAM_LENGTH) - RAM_APPLICATION_NS_LENGTH)
                0x20040000                        __bl_RAM_NSC_START = ! (DEFINED (FLASH_BOOTLOADER_LENGTH))?0x0:(FLASH_APPLICATION_NS_LENGTH == 0x0)?(RAM_START + RAM_LENGTH):(__bl_RAM_NS_START - RAM_APPLICATION_NSC_LENGTH)
                0x000f8000                        __bl_FLASH_NS_IMAGE_START = ! (DEFINED (FLASH_BOOTLOADER_LENGTH))?0x0:(FLASH_APPLICATION_NS_LENGTH == 0x0)?__bl_FLASH_IMAGE_END:(__bl_FLASH_NS_START + FLASH_BOOTLOADER_HEADER_LENGTH_2)
                0x000f8000                        __bln_FLASH_IMAGE_START = (__bl_FLASH_NS_IMAGE_START | ! (DEFINED (NS_OFFSET_START))?0x0:NS_OFFSET_START)
                0x000f8000                        __bln_FLASH_IMAGE_LENGTH = ! (DEFINED (FLASH_BOOTLOADER_LENGTH))?0x0:(FLASH_APPLICATION_NS_LENGTH == 0x0)?__bl_FLASH_IMAGE_END:(FLASH_APPLICATION_NS_LENGTH - FLASH_BOOTLOADER_HEADER_LENGTH_2)
                0x00000000                        XIP_SECONDARY_SLOT_IMAGE = DEFINED (XIP_SECONDARY_SLOT_IMAGE)?XIP_SECONDARY_SLOT_IMAGE:0x0
                0x00000000                        FLASH_ORIGIN = ! (DEFINED (FLASH_IMAGE_START))?FLASH_START:(XIP_SECONDARY_SLOT_IMAGE == 0x1)?XIP_SECONDARY_FLASH_IMAGE_START:FLASH_IMAGE_START
                0x00018000                        LIMITED_FLASH_LENGTH = DEFINED (FLASH_IMAGE_LENGTH)?FLASH_IMAGE_LENGTH:DEFINED (FLASH_BOOTLOADER_LENGTH)?FLASH_BOOTLOADER_LENGTH:FLASH_LENGTH
                0x00000034                        OPTION_SETTING_SAS_SIZE = 0x34
                0x000000cc                        OPTION_SETTING_SAS_LENGTH = ! (DEFINED (OPTION_SETTING_LENGTH))?0x0:(OPTION_SETTING_LENGTH == 0x0)?0x0:(OPTION_SETTING_LENGTH - OPTION_SETTING_SAS_SIZE)
START GROUP
LOAD C:/Program Files (x86)/Arm GNU Toolchain arm-none-eabi/13.2 Rel1/bin/../lib/gcc/arm-none-eabi/13.2.1/thumb/v8-m.main+fp/hard\libgcc.a
LOAD C:/Program Files (x86)/Arm GNU Toolchain arm-none-eabi/13.2 Rel1/bin/../lib/gcc/arm-none-eabi/13.2.1/thumb/v8-m.main+fp/hard\libc.a
LOAD C:/Program Files (x86)/Arm GNU Toolchain arm-none-eabi/13.2 Rel1/bin/../lib/gcc/arm-none-eabi/13.2.1/thumb/v8-m.main+fp/hard\libm.a
END GROUP

.text           0x00000000    0x16cc4
                0x00000000                        __tz_FLASH_S = ABSOLUTE (FLASH_START)
                0x00000000                        __ROM_Start = .
 *(.fixed_vectors*)
 .fixed_vectors
                0x00000000       0x40 ./ra/fsp/src/bsp/cmsis/Device/RENESAS/Source/startup.o
                0x00000000                __Vectors
 *(.application_vectors*)
                0x00000040                        __Vectors_End = .
 *(.flash_gap*)
                0x00000040                        . = (OPTION_SETTING_LENGTH > 0x0)?.:(__ROM_Start + 0x400)
 *(.rom_registers*)
 *(.mcuboot_sce9_key*)
 *(.text*)
 .text.deregister_tm_clones
                0x00000040       0x1c C:/Program Files (x86)/Arm GNU Toolchain arm-none-eabi/13.2 Rel1/bin/../lib/gcc/arm-none-eabi/13.2.1/thumb/v8-m.main+fp/hard/crtbegin.o
 .text.register_tm_clones
                0x0000005c       0x28 C:/Program Files (x86)/Arm GNU Toolchain arm-none-eabi/13.2 Rel1/bin/../lib/gcc/arm-none-eabi/13.2.1/thumb/v8-m.main+fp/hard/crtbegin.o
 .text.__do_global_dtors_aux
                0x00000084       0x28 C:/Program Files (x86)/Arm GNU Toolchain arm-none-eabi/13.2 Rel1/bin/../lib/gcc/arm-none-eabi/13.2.1/thumb/v8-m.main+fp/hard/crtbegin.o
 .text.frame_dummy
                0x000000ac       0x24 C:/Program Files (x86)/Arm GNU Toolchain arm-none-eabi/13.2 Rel1/bin/../lib/gcc/arm-none-eabi/13.2.1/thumb/v8-m.main+fp/hard/crtbegin.o
 .text.mcuboot_quick_setup
                0x000000d0       0x50 ./src/hal_entry.o
                0x000000d0                mcuboot_quick_setup
 .text.hal_entry
                0x00000120       0x40 ./src/hal_entry.o
                0x00000120                hal_entry
 .text.R_BSP_WarmStart
                0x00000160       0x18 ./src/hal_entry.o
                0x00000160                R_BSP_WarmStart
 .text.startup.main
                0x00000178        0xc ./ra_gen/main.o
                0x00000178                main
 .text.boot_status_off.part.0
                0x00000184       0x1c ./ra/mcu-tools/MCUboot/boot/bootutil/src/bootutil_misc.o
 .text.boot_fih_memequal
                0x000001a0        0x4 ./ra/mcu-tools/MCUboot/boot/bootutil/src/bootutil_misc.o
                0x000001a0                boot_fih_memequal
 .text.boot_trailer_sz
                0x000001a4        0xc ./ra/mcu-tools/MCUboot/boot/bootutil/src/bootutil_misc.o
                0x000001a4                boot_trailer_sz
 .text.boot_status_entries
                0x000001b0       0x14 ./ra/mcu-tools/MCUboot/boot/bootutil/src/bootutil_misc.o
                0x000001b0                boot_status_entries
 .text.boot_status_off
                0x000001c4       0x28 ./ra/mcu-tools/MCUboot/boot/bootutil/src/bootutil_misc.o
                0x000001c4                boot_status_off
 .text.boot_find_status
                0x000001ec       0x60 ./ra/mcu-tools/MCUboot/boot/bootutil/src/bootutil_misc.o
                0x000001ec                boot_find_status
 .text.boot_read_swap_size
                0x0000024c       0x1c ./ra/mcu-tools/MCUboot/boot/bootutil/src/bootutil_misc.o
                0x0000024c                boot_read_swap_size
 .text.boot_read_enc_key
                0x00000268       0x2c ./ra/mcu-tools/MCUboot/boot/bootutil/src/bootutil_misc.o
                0x00000268                boot_read_enc_key
 .text.boot_write_swap_size
                0x00000294       0x20 ./ra/mcu-tools/MCUboot/boot/bootutil/src/bootutil_misc.o
                0x00000294                boot_write_swap_size
 .text.boot_write_enc_key
                0x000002b4       0x30 ./ra/mcu-tools/MCUboot/boot/bootutil/src/bootutil_misc.o
                0x000002b4                boot_write_enc_key
 .text.bootutil_max_image_size
                0x000002e4       0x28 ./ra/mcu-tools/MCUboot/boot/bootutil/src/bootutil_misc.o
                0x000002e4                bootutil_max_image_size
 .text.boot_swap_info_off
                0x0000030c       0x10 ./ra/mcu-tools/MCUboot/boot/bootutil/src/bootutil_public.o
                0x0000030c                boot_swap_info_off
 .text.boot_magic_compatible_check
                0x0000031c       0x20 ./ra/mcu-tools/MCUboot/boot/bootutil/src/bootutil_public.o
                0x0000031c                boot_magic_compatible_check
 .text.bootutil_buffer_is_erased
                0x0000033c       0x30 ./ra/mcu-tools/MCUboot/boot/bootutil/src/bootutil_public.o
                0x0000033c                bootutil_buffer_is_erased
 .text.boot_write_magic
                0x0000036c       0x44 ./ra/mcu-tools/MCUboot/boot/bootutil/src/bootutil_public.o
                0x0000036c                boot_write_magic
 .text.boot_write_trailer
                0x000003b0       0x64 ./ra/mcu-tools/MCUboot/boot/bootutil/src/bootutil_public.o
                0x000003b0                boot_write_trailer
 .text.boot_write_image_ok
                0x00000414       0x20 ./ra/mcu-tools/MCUboot/boot/bootutil/src/bootutil_public.o
                0x00000414                boot_write_image_ok
 .text.boot_read_image_ok
                0x00000434       0x40 ./ra/mcu-tools/MCUboot/boot/bootutil/src/bootutil_public.o
                0x00000434                boot_read_image_ok
 .text.boot_read_swap_state
                0x00000474       0xf8 ./ra/mcu-tools/MCUboot/boot/bootutil/src/bootutil_public.o
                0x00000474                boot_read_swap_state
 .text.boot_read_swap_state_by_id
                0x0000056c       0x30 ./ra/mcu-tools/MCUboot/boot/bootutil/src/bootutil_public.o
                0x0000056c                boot_read_swap_state_by_id
 .text.boot_write_swap_info
                0x0000059c       0x60 ./ra/mcu-tools/MCUboot/boot/bootutil/src/bootutil_public.o
                0x0000059c                boot_write_swap_info
 .text.boot_swap_type_multi
                0x000005fc       0xe8 ./ra/mcu-tools/MCUboot/boot/bootutil/src/bootutil_public.o
                0x000005fc                boot_swap_type_multi
 .text.boot_write_copy_done
                0x000006e4       0x20 ./ra/mcu-tools/MCUboot/boot/bootutil/src/bootutil_public.o
                0x000006e4                boot_write_copy_done
 .text.fake_rng
                0x00000704       0x14 ./ra/mcu-tools/MCUboot/boot/bootutil/src/encrypted.o
 .text.boot_enc_set_key
                0x00000718       0x30 ./ra/mcu-tools/MCUboot/boot/bootutil/src/encrypted.o
                0x00000718                boot_enc_set_key
 .text.boot_enc_decrypt
                0x00000748      0x3f8 ./ra/mcu-tools/MCUboot/boot/bootutil/src/encrypted.o
                0x00000748                boot_enc_decrypt
 .text.boot_enc_load
                0x00000b40       0x90 ./ra/mcu-tools/MCUboot/boot/bootutil/src/encrypted.o
                0x00000b40                boot_enc_load
 .text.boot_enc_valid
                0x00000bd0       0x28 ./ra/mcu-tools/MCUboot/boot/bootutil/src/encrypted.o
                0x00000bd0                boot_enc_valid
 .text.boot_encrypt
                0x00000bf8       0xa4 ./ra/mcu-tools/MCUboot/boot/bootutil/src/encrypted.o
                0x00000bf8                boot_encrypt
 .text.bootutil_verify_sig
                0x00000c9c       0xf8 ./ra/mcu-tools/MCUboot/boot/bootutil/src/image_ecdsa.o
                0x00000c9c                bootutil_verify_sig
 .text.bootutil_img_validate
                0x00000d94      0x2ac ./ra/mcu-tools/MCUboot/boot/bootutil/src/image_validate.o
                0x00000d94                bootutil_img_validate
 .text.boot_read_image_size
                0x00001040       0xa0 ./ra/mcu-tools/MCUboot/boot/bootutil/src/loader.o
 .text.boot_check_header_erased
                0x000010e0       0x4c ./ra/mcu-tools/MCUboot/boot/bootutil/src/loader.o
 .text.boot_swap_image
                0x0000112c      0x1ec ./ra/mcu-tools/MCUboot/boot/bootutil/src/loader.o
 .text.boot_validate_slot
                0x00001318      0x11c ./ra/mcu-tools/MCUboot/boot/bootutil/src/loader.o
 .text.boot_read_sectors
                0x00001434       0x6c ./ra/mcu-tools/MCUboot/boot/bootutil/src/loader.o
 .text.boot_write_status
                0x000014a0       0x78 ./ra/mcu-tools/MCUboot/boot/bootutil/src/loader.o
                0x000014a0                boot_write_status
 .text.boot_erase_region
                0x00001518        0x4 ./ra/mcu-tools/MCUboot/boot/bootutil/src/loader.o
                0x00001518                boot_erase_region
 .text.boot_copy_region
                0x0000151c      0x114 ./ra/mcu-tools/MCUboot/boot/bootutil/src/loader.o
                0x0000151c                boot_copy_region
 .text.context_boot_go
                0x00001630      0x53c ./ra/mcu-tools/MCUboot/boot/bootutil/src/loader.o
                0x00001630                context_boot_go
 .text.boot_go  0x00001b6c       0x20 ./ra/mcu-tools/MCUboot/boot/bootutil/src/loader.o
                0x00001b6c                boot_go
 .text.swap_erase_trailer_sectors
                0x00001b8c       0x88 ./ra/mcu-tools/MCUboot/boot/bootutil/src/swap_misc.o
                0x00001b8c                swap_erase_trailer_sectors
 .text.swap_status_init
                0x00001c14       0xcc ./ra/mcu-tools/MCUboot/boot/bootutil/src/swap_misc.o
                0x00001c14                swap_status_init
 .text.swap_read_status
                0x00001ce0       0xb0 ./ra/mcu-tools/MCUboot/boot/bootutil/src/swap_misc.o
                0x00001ce0                swap_read_status
 .text.swap_set_copy_done
                0x00001d90       0x2c ./ra/mcu-tools/MCUboot/boot/bootutil/src/swap_misc.o
                0x00001d90                swap_set_copy_done
 .text.swap_set_image_ok
                0x00001dbc       0x44 ./ra/mcu-tools/MCUboot/boot/bootutil/src/swap_misc.o
                0x00001dbc                swap_set_image_ok
 .text.boot_read_image_header
                0x00001e00       0x3c ./ra/mcu-tools/MCUboot/boot/bootutil/src/swap_scratch.o
                0x00001e00                boot_read_image_header
 .text.swap_read_status_bytes
                0x00001e3c       0xbc ./ra/mcu-tools/MCUboot/boot/bootutil/src/swap_scratch.o
                0x00001e3c                swap_read_status_bytes
 .text.boot_status_internal_off
                0x00001ef8       0x18 ./ra/mcu-tools/MCUboot/boot/bootutil/src/swap_scratch.o
                0x00001ef8                boot_status_internal_off
 .text.boot_slots_compatible
                0x00001f10       0xb8 ./ra/mcu-tools/MCUboot/boot/bootutil/src/swap_scratch.o
                0x00001f10                boot_slots_compatible
 .text.swap_status_source
                0x00001fc8       0x8c ./ra/mcu-tools/MCUboot/boot/bootutil/src/swap_scratch.o
                0x00001fc8                swap_status_source
 .text.swap_run
                0x00002054      0x4e8 ./ra/mcu-tools/MCUboot/boot/bootutil/src/swap_scratch.o
                0x00002054                swap_run
 .text.bootutil_tlv_iter_begin
                0x0000253c       0x94 ./ra/mcu-tools/MCUboot/boot/bootutil/src/tlv.o
                0x0000253c                bootutil_tlv_iter_begin
 .text.bootutil_tlv_iter_next
                0x000025d0       0xc0 ./ra/mcu-tools/MCUboot/boot/bootutil/src/tlv.o
                0x000025d0                bootutil_tlv_iter_next
 .text.bootutil_tlv_iter_is_prot
                0x00002690       0x1c ./ra/mcu-tools/MCUboot/boot/bootutil/src/tlv.o
                0x00002690                bootutil_tlv_iter_is_prot
 .text.mbedtls_aes_init
                0x000026ac        0xc ./ra/fsp/src/rm_psa_crypto/aes_alt.o
                0x000026ac                mbedtls_aes_init
 .text.mbedtls_aes_crypt_ctr
                0x000026b8       0xc0 ./ra/fsp/src/rm_psa_crypto/aes_alt.o
                0x000026b8                mbedtls_aes_crypt_ctr
 .text.aes_setkey_generic.part.0
                0x00002778       0xdc ./ra/fsp/src/rm_psa_crypto/aes_alt_process.o
 .text.mbedtls_aes_setkey_enc
                0x00002854        0xc ./ra/fsp/src/rm_psa_crypto/aes_alt_process.o
                0x00002854                mbedtls_aes_setkey_enc
 .text.mbedtls_internal_aes_encrypt_decrypt_ctr
                0x00002860       0xac ./ra/fsp/src/rm_psa_crypto/aes_alt_process.o
                0x00002860                mbedtls_internal_aes_encrypt_decrypt_ctr
 .text.mbedtls_internal_aes_crypt_ctr_finish
                0x0000290c       0x40 ./ra/fsp/src/rm_psa_crypto/aes_alt_process.o
                0x0000290c                mbedtls_internal_aes_crypt_ctr_finish
 .text.ecdh_compute_shared_restartable.constprop.0
                0x0000294c       0x60 ./ra/fsp/src/rm_psa_crypto/ecdh_alt.o
 .text.mbedtls_ecdh_compute_shared
                0x000029ac        0x4 ./ra/fsp/src/rm_psa_crypto/ecdh_alt.o
                0x000029ac                mbedtls_ecdh_compute_shared
 .text.ecp_can_do_sce
                0x000029b0        0xc ./ra/fsp/src/rm_psa_crypto/ecdsa_alt.o
                0x000029b0                ecp_can_do_sce
 .text.ecp_load_curve_attributes_sce
                0x000029bc       0xa4 ./ra/fsp/src/rm_psa_crypto/ecdsa_alt.o
                0x000029bc                ecp_load_curve_attributes_sce
 .text.mbedtls_ecdsa_verify
                0x00002a60      0x118 ./ra/fsp/src/rm_psa_crypto/ecdsa_alt.o
                0x00002a60                mbedtls_ecdsa_verify
 .text.HW_SCE_ECC_256VerifySign
                0x00002b78       0xa0 ./ra/fsp/src/rm_psa_crypto/ecdsa_alt_process.o
                0x00002b78                HW_SCE_ECC_256VerifySign
 .text.ecp_modp
                0x00002c18       0x9c ./ra/fsp/src/rm_psa_crypto/ecp_alt.o
 .text.ecp_sw_rhs.part.0
                0x00002cb4       0xcc ./ra/fsp/src/rm_psa_crypto/ecp_alt.o
 .text.mbedtls_ecp_point_init
                0x00002d80       0x1c ./ra/fsp/src/rm_psa_crypto/ecp_alt.o
                0x00002d80                mbedtls_ecp_point_init
 .text.mbedtls_ecp_group_init
                0x00002d9c       0x54 ./ra/fsp/src/rm_psa_crypto/ecp_alt.o
                0x00002d9c                mbedtls_ecp_group_init
 .text.mbedtls_ecp_keypair_init
                0x00002df0       0x2c ./ra/fsp/src/rm_psa_crypto/ecp_alt.o
                0x00002df0                mbedtls_ecp_keypair_init
 .text.mbedtls_ecp_point_free
                0x00002e1c       0x20 ./ra/fsp/src/rm_psa_crypto/ecp_alt.o
                0x00002e1c                mbedtls_ecp_point_free
 .text.mbedtls_ecp_group_free
                0x00002e3c       0x8c ./ra/fsp/src/rm_psa_crypto/ecp_alt.o
                0x00002e3c                mbedtls_ecp_group_free
 .text.mbedtls_ecp_keypair_free
                0x00002ec8       0x30 ./ra/fsp/src/rm_psa_crypto/ecp_alt.o
                0x00002ec8                mbedtls_ecp_keypair_free
 .text.mbedtls_ecp_is_zero
                0x00002ef8       0x14 ./ra/fsp/src/rm_psa_crypto/ecp_alt.o
                0x00002ef8                mbedtls_ecp_is_zero
 .text.mbedtls_ecp_point_read_binary
                0x00002f0c      0x188 ./ra/fsp/src/rm_psa_crypto/ecp_alt.o
                0x00002f0c                mbedtls_ecp_point_read_binary
 .text.mbedtls_ecp_check_pubkey
                0x00003094       0xe8 ./ra/fsp/src/rm_psa_crypto/ecp_alt.o
                0x00003094                mbedtls_ecp_check_pubkey
 .text.HW_SCE_ECC_256WrappedScalarMultiplication
                0x0000317c        0x4 ./ra/fsp/src/rm_psa_crypto/ecp_alt_process.o
                0x0000317c                HW_SCE_ECC_256WrappedScalarMultiplication
 .text.HW_SCE_ECC_ED25519WrappedScalarMultiplication
                0x00003180        0x4 ./ra/fsp/src/rm_psa_crypto/ecp_alt_process.o
                0x00003180                HW_SCE_ECC_ED25519WrappedScalarMultiplication
 .text.mbedtls_ecp_mul_restartable
                0x00003184      0x1d8 ./ra/fsp/src/rm_psa_crypto/ecp_alt_process.o
                0x00003184                mbedtls_ecp_mul_restartable
 .text.mbedtls_ecp_group_load
                0x0000335c       0x88 ./ra/fsp/src/rm_psa_crypto/ecp_curves_alt.o
                0x0000335c                mbedtls_ecp_group_load
 .text.mbedtls_platform_setup
                0x000033e4       0x14 ./ra/fsp/src/rm_psa_crypto/platform_alt.o
                0x000033e4                mbedtls_platform_setup
 .text.mbedtls_sha256_init
                0x000033f8        0x8 ./ra/fsp/src/rm_psa_crypto/sha256_alt.o
                0x000033f8                mbedtls_sha256_init
 .text.mbedtls_sha256_free
                0x00003400        0xc ./ra/fsp/src/rm_psa_crypto/sha256_alt.o
                0x00003400                mbedtls_sha256_free
 .text.mbedtls_sha256_starts
                0x0000340c       0xbc ./ra/fsp/src/rm_psa_crypto/sha256_alt.o
                0x0000340c                mbedtls_sha256_starts
 .text.mbedtls_sha256_update
                0x000034c8       0xa0 ./ra/fsp/src/rm_psa_crypto/sha256_alt.o
                0x000034c8                mbedtls_sha256_update
 .text.mbedtls_sha256_finish
                0x00003568       0xac ./ra/fsp/src/rm_psa_crypto/sha256_alt.o
                0x00003568                mbedtls_sha256_finish
 .text.mbedtls_internal_sha256_process_ext
                0x00003614       0x78 ./ra/fsp/src/rm_psa_crypto/sha256_alt_process.o
                0x00003614                mbedtls_internal_sha256_process_ext
 .text.get_flash_status
                0x0000368c       0x3c ./ra/fsp/src/rm_mcuboot_port/flash_map.o
 .text.flash_area_open
                0x000036c8       0x9c ./ra/fsp/src/rm_mcuboot_port/flash_map.o
                0x000036c8                flash_area_open
 .text.flash_area_close
                0x00003764        0x4 ./ra/fsp/src/rm_mcuboot_port/flash_map.o
                0x00003764                flash_area_close
 .text.flash_on_chip_flush
                0x00003768       0x74 ./ra/fsp/src/rm_mcuboot_port/flash_map.o
                0x00003768                flash_on_chip_flush
 .text.flash_area_read
                0x000037dc       0x40 ./ra/fsp/src/rm_mcuboot_port/flash_map.o
                0x000037dc                flash_area_read
 .text.flash_area_write
                0x0000381c      0x110 ./ra/fsp/src/rm_mcuboot_port/flash_map.o
                0x0000381c                flash_area_write
 .text.flash_area_erase
                0x0000392c       0x90 ./ra/fsp/src/rm_mcuboot_port/flash_map.o
                0x0000392c                flash_area_erase
 .text.flash_area_align
                0x000039bc       0x18 ./ra/fsp/src/rm_mcuboot_port/flash_map.o
                0x000039bc                flash_area_align
 .text.flash_area_get_sectors
                0x000039d4       0x74 ./ra/fsp/src/rm_mcuboot_port/flash_map.o
                0x000039d4                flash_area_get_sectors
 .text.flash_area_id_from_multi_image_slot
                0x00003a48       0x14 ./ra/fsp/src/rm_mcuboot_port/flash_map.o
                0x00003a48                flash_area_id_from_multi_image_slot
 .text.flash_area_id_to_multi_image_slot
                0x00003a5c       0x14 ./ra/fsp/src/rm_mcuboot_port/flash_map.o
                0x00003a5c                flash_area_id_to_multi_image_slot
 .text.flash_area_erased_val
                0x00003a70        0x4 ./ra/fsp/src/rm_mcuboot_port/flash_map.o
                0x00003a70                flash_area_erased_val
 .text.flash_on_chip_cleanup
                0x00003a74       0x90 ./ra/fsp/src/rm_mcuboot_port/flash_map.o
                0x00003a74                flash_on_chip_cleanup
 .text.rm_mcuboot_cleanup
                0x00003b04       0x10 ./ra/fsp/src/rm_mcuboot_port/flash_map.o
                0x00003b04                rm_mcuboot_cleanup
 .text.start_app
                0x00003b14       0x10 ./ra/fsp/src/rm_mcuboot_port/rm_mcuboot_port.o
 .text.RM_MCUBOOT_PORT_BootApp
                0x00003b24       0x2c ./ra/fsp/src/rm_mcuboot_port/rm_mcuboot_port.o
                0x00003b24                RM_MCUBOOT_PORT_BootApp
 .text.HW_SCE_p_func043
                0x00003b50      0x284 ./ra/fsp/src/r_sce/crypto_procedures/src/sce9/plainkey/primitive/hw_sce_p_func043.o
                0x00003b50                HW_SCE_p_func043
 .text.HW_SCE_p_func044
                0x00003dd4      0x160 ./ra/fsp/src/r_sce/crypto_procedures/src/sce9/plainkey/primitive/hw_sce_p_func044.o
                0x00003dd4                HW_SCE_p_func044
 .text.HW_SCE_p_func048
                0x00003f34       0x2c ./ra/fsp/src/r_sce/crypto_procedures/src/sce9/plainkey/primitive/hw_sce_p_func048.o
                0x00003f34                HW_SCE_p_func048
 .text.HW_SCE_p_func049
                0x00003f60       0x2c ./ra/fsp/src/r_sce/crypto_procedures/src/sce9/plainkey/primitive/hw_sce_p_func049.o
                0x00003f60                HW_SCE_p_func049
 .text.HW_SCE_p_func050
                0x00003f8c       0x28 ./ra/fsp/src/r_sce/crypto_procedures/src/sce9/plainkey/primitive/hw_sce_p_func050.o
                0x00003f8c                HW_SCE_p_func050
 .text.HW_SCE_p_func051
                0x00003fb4       0x20 ./ra/fsp/src/r_sce/crypto_procedures/src/sce9/plainkey/primitive/hw_sce_p_func051.o
                0x00003fb4                HW_SCE_p_func051
 .text.HW_SCE_p_func052
                0x00003fd4       0x38 ./ra/fsp/src/r_sce/crypto_procedures/src/sce9/plainkey/primitive/hw_sce_p_func052.o
                0x00003fd4                HW_SCE_p_func052
 .text.HW_SCE_p_func053
                0x0000400c       0x3c ./ra/fsp/src/r_sce/crypto_procedures/src/sce9/plainkey/primitive/hw_sce_p_func053.o
                0x0000400c                HW_SCE_p_func053
 .text.HW_SCE_p_func054
                0x00004048       0x28 ./ra/fsp/src/r_sce/crypto_procedures/src/sce9/plainkey/primitive/hw_sce_p_func054.o
                0x00004048                HW_SCE_p_func054
 .text.HW_SCE_p_func057_r1
                0x00004070      0xb94 ./ra/fsp/src/r_sce/crypto_procedures/src/sce9/plainkey/primitive/hw_sce_p_func057.o
                0x00004070                HW_SCE_p_func057_r1
 .text.HW_SCE_p_func058
                0x00004c04      0x240 ./ra/fsp/src/r_sce/crypto_procedures/src/sce9/plainkey/primitive/hw_sce_p_func058.o
                0x00004c04                HW_SCE_p_func058
 .text.HW_SCE_p_func059
                0x00004e44      0x100 ./ra/fsp/src/r_sce/crypto_procedures/src/sce9/plainkey/primitive/hw_sce_p_func059.o
                0x00004e44                HW_SCE_p_func059
 .text.HW_SCE_p_func060
                0x00004f44       0x2c ./ra/fsp/src/r_sce/crypto_procedures/src/sce9/plainkey/primitive/hw_sce_p_func060.o
                0x00004f44                HW_SCE_p_func060
 .text.HW_SCE_p_func061
                0x00004f70       0x84 ./ra/fsp/src/r_sce/crypto_procedures/src/sce9/plainkey/primitive/hw_sce_p_func061.o
                0x00004f70                HW_SCE_p_func061
 .text.HW_SCE_p_func062
                0x00004ff4       0x80 ./ra/fsp/src/r_sce/crypto_procedures/src/sce9/plainkey/primitive/hw_sce_p_func062.o
                0x00004ff4                HW_SCE_p_func062
 .text.HW_SCE_p_func063
                0x00005074       0x88 ./ra/fsp/src/r_sce/crypto_procedures/src/sce9/plainkey/primitive/hw_sce_p_func063.o
                0x00005074                HW_SCE_p_func063
 .text.HW_SCE_p_func064
                0x000050fc       0x84 ./ra/fsp/src/r_sce/crypto_procedures/src/sce9/plainkey/primitive/hw_sce_p_func064.o
                0x000050fc                HW_SCE_p_func064
 .text.HW_SCE_p_func065_r1
                0x00005180      0xa64 ./ra/fsp/src/r_sce/crypto_procedures/src/sce9/plainkey/primitive/hw_sce_p_func065.o
                0x00005180                HW_SCE_p_func065_r1
 .text.HW_SCE_p_func066
                0x00005be4       0x84 ./ra/fsp/src/r_sce/crypto_procedures/src/sce9/plainkey/primitive/hw_sce_p_func066.o
                0x00005be4                HW_SCE_p_func066
 .text.HW_SCE_p_func067
                0x00005c68       0x84 ./ra/fsp/src/r_sce/crypto_procedures/src/sce9/plainkey/primitive/hw_sce_p_func067.o
                0x00005c68                HW_SCE_p_func067
 .text.HW_SCE_p_func068
                0x00005cec      0x100 ./ra/fsp/src/r_sce/crypto_procedures/src/sce9/plainkey/primitive/hw_sce_p_func068.o
                0x00005cec                HW_SCE_p_func068
 .text.HW_SCE_p_func070_r2
                0x00005dec      0x4c4 ./ra/fsp/src/r_sce/crypto_procedures/src/sce9/plainkey/primitive/hw_sce_p_func070.o
                0x00005dec                HW_SCE_p_func070_r2
 .text.HW_SCE_p_func071_r2
                0x000062b0      0x5cc ./ra/fsp/src/r_sce/crypto_procedures/src/sce9/plainkey/primitive/hw_sce_p_func071.o
                0x000062b0                HW_SCE_p_func071_r2
 .text.HW_SCE_p_func074_r1
                0x0000687c       0x98 ./ra/fsp/src/r_sce/crypto_procedures/src/sce9/plainkey/primitive/hw_sce_p_func074.o
                0x0000687c                HW_SCE_p_func074_r1
 .text.HW_SCE_p_func075_r1
                0x00006914       0x98 ./ra/fsp/src/r_sce/crypto_procedures/src/sce9/plainkey/primitive/hw_sce_p_func075.o
                0x00006914                HW_SCE_p_func075_r1
 .text.HW_SCE_p_func081
                0x000069ac      0x178 ./ra/fsp/src/r_sce/crypto_procedures/src/sce9/plainkey/primitive/hw_sce_p_func081.o
                0x000069ac                HW_SCE_p_func081
 .text.HW_SCE_p_func100
                0x00006b24       0x5c ./ra/fsp/src/r_sce/crypto_procedures/src/sce9/plainkey/primitive/hw_sce_p_func100.o
                0x00006b24                HW_SCE_p_func100
 .text.HW_SCE_p_func101
                0x00006b80       0x5c ./ra/fsp/src/r_sce/crypto_procedures/src/sce9/plainkey/primitive/hw_sce_p_func101.o
                0x00006b80                HW_SCE_p_func101
 .text.HW_SCE_p_func102
                0x00006bdc       0x54 ./ra/fsp/src/r_sce/crypto_procedures/src/sce9/plainkey/primitive/hw_sce_p_func102.o
                0x00006bdc                HW_SCE_p_func102
 .text.HW_SCE_p_func103
                0x00006c30       0xc8 ./ra/fsp/src/r_sce/crypto_procedures/src/sce9/plainkey/primitive/hw_sce_p_func103.o
                0x00006c30                HW_SCE_p_func103
 .text.HW_SCE_p_func202
                0x00006cf8       0x28 ./ra/fsp/src/r_sce/crypto_procedures/src/sce9/plainkey/primitive/hw_sce_p_func202.o
                0x00006cf8                HW_SCE_p_func202
 .text.HW_SCE_p_func206
                0x00006d20       0x2c ./ra/fsp/src/r_sce/crypto_procedures/src/sce9/plainkey/primitive/hw_sce_p_func206.o
                0x00006d20                HW_SCE_p_func206
 .text.HW_SCE_p_func300
                0x00006d4c      0xe18 ./ra/fsp/src/r_sce/crypto_procedures/src/sce9/plainkey/primitive/hw_sce_p_func300.o
                0x00006d4c                HW_SCE_p_func300
 .text.HW_SCE_p_func301
                0x00007b64      0x1cc ./ra/fsp/src/r_sce/crypto_procedures/src/sce9/plainkey/primitive/hw_sce_p_func301.o
                0x00007b64                HW_SCE_p_func301
 .text.HW_SCE_p_func302
                0x00007d30      0xddc ./ra/fsp/src/r_sce/crypto_procedures/src/sce9/plainkey/primitive/hw_sce_p_func302.o
                0x00007d30                HW_SCE_p_func302
 .text.HW_SCE_SoftwareResetSub
                0x00008b0c       0x1c ./ra/fsp/src/r_sce/crypto_procedures/src/sce9/plainkey/primitive/hw_sce_p_p00.o
                0x00008b0c                HW_SCE_SoftwareResetSub
 .text.HW_SCE_SelfCheck1Sub
                0x00008b28      0x1f0 ./ra/fsp/src/r_sce/crypto_procedures/src/sce9/plainkey/primitive/hw_sce_p_p01.o
                0x00008b28                HW_SCE_SelfCheck1Sub
 .text.HW_SCE_SelfCheck2Sub
                0x00008d18      0x708 ./ra/fsp/src/r_sce/crypto_procedures/src/sce9/plainkey/primitive/hw_sce_p_p02.o
                0x00008d18                HW_SCE_SelfCheck2Sub
 .text.HW_SCE_FwIntegrityCheck
                0x00009420       0xa8 ./ra/fsp/src/r_sce/crypto_procedures/src/sce9/plainkey/primitive/hw_sce_p_p26.o
                0x00009420                HW_SCE_FwIntegrityCheck
 .text.HW_SCE_LoadHukSub
                0x000094c8      0x6c8 ./ra/fsp/src/r_sce/crypto_procedures/src/sce9/plainkey/primitive/hw_sce_p_p40.o
                0x000094c8                HW_SCE_LoadHukSub
 .text.HW_SCE_Aes128EncryptDecryptFinalSub
                0x00009b90      0x164 ./ra/fsp/src/r_sce/crypto_procedures/src/sce9/plainkey/primitive/hw_sce_p_p47f.o
                0x00009b90                HW_SCE_Aes128EncryptDecryptFinalSub
 .text.HW_SCE_Aes128EncryptDecryptInitSub
                0x00009cf4      0x8c0 ./ra/fsp/src/r_sce/crypto_procedures/src/sce9/plainkey/primitive/hw_sce_p_p47i.o
                0x00009cf4                HW_SCE_Aes128EncryptDecryptInitSub
 .text.HW_SCE_Aes128EncryptDecryptUpdateSub
                0x0000a5b4      0x318 ./ra/fsp/src/r_sce/crypto_procedures/src/sce9/plainkey/primitive/hw_sce_p_p47u.o
                0x0000a5b4                HW_SCE_Aes128EncryptDecryptUpdateSub
 .text.HW_SCE_Aes256EncryptDecryptFinalSub
                0x0000a8cc      0x164 ./ra/fsp/src/r_sce/crypto_procedures/src/sce9/plainkey/primitive/hw_sce_p_p50f.o
                0x0000a8cc                HW_SCE_Aes256EncryptDecryptFinalSub
 .text.HW_SCE_Aes256EncryptDecryptInitSub
                0x0000aa30      0x978 ./ra/fsp/src/r_sce/crypto_procedures/src/sce9/plainkey/primitive/hw_sce_p_p50i.o
                0x0000aa30                HW_SCE_Aes256EncryptDecryptInitSub
 .text.HW_SCE_Aes256EncryptDecryptUpdateSub
                0x0000b3a8      0x2f8 ./ra/fsp/src/r_sce/crypto_procedures/src/sce9/plainkey/primitive/hw_sce_p_p50u.o
                0x0000b3a8                HW_SCE_Aes256EncryptDecryptUpdateSub
 .text.HW_SCE_GenerateOemKeyIndexSub
                0x0000b6a0      0x440 ./ra/fsp/src/r_sce/crypto_procedures/src/sce9/plainkey/primitive/hw_sce_p_p6e.o
                0x0000b6a0                HW_SCE_GenerateOemKeyIndexSub
 .text.HW_SCE_Sha224256GenerateMessageDigestSub
                0x0000bae0      0x1d8 ./ra/fsp/src/r_sce/crypto_procedures/src/sce9/plainkey/primitive/hw_sce_p_p72.o
                0x0000bae0                HW_SCE_Sha224256GenerateMessageDigestSub
 .text.HW_SCE_Aes192EncryptDecryptFinalSub
                0x0000bcb8      0x164 ./ra/fsp/src/r_sce/crypto_procedures/src/sce9/plainkey/primitive/hw_sce_p_p89f.o
                0x0000bcb8                HW_SCE_Aes192EncryptDecryptFinalSub
 .text.HW_SCE_Aes192EncryptDecryptInitSub
                0x0000be1c      0x484 ./ra/fsp/src/r_sce/crypto_procedures/src/sce9/plainkey/primitive/hw_sce_p_p89i.o
                0x0000be1c                HW_SCE_Aes192EncryptDecryptInitSub
 .text.HW_SCE_Aes192EncryptDecryptUpdateSub
                0x0000c2a0      0x2e8 ./ra/fsp/src/r_sce/crypto_procedures/src/sce9/plainkey/primitive/hw_sce_p_p89u.o
                0x0000c2a0                HW_SCE_Aes192EncryptDecryptUpdateSub
 .text.HW_SCE_SelfCheck3Sub
                0x0000c588      0x8ac ./ra/fsp/src/r_sce/crypto_procedures/src/sce9/plainkey/primitive/hw_sce_p_p92.o
                0x0000c588                HW_SCE_SelfCheck3Sub
 .text.HW_SCE_Ecc256ScalarMultiplicationSub
                0x0000ce34      0xb88 ./ra/fsp/src/r_sce/crypto_procedures/src/sce9/plainkey/primitive/hw_sce_p_p9a.o
                0x0000ce34                HW_SCE_Ecc256ScalarMultiplicationSub
 .text.HW_SCE_EcdsaSignatureVerificationSub
                0x0000d9bc     0x21d8 ./ra/fsp/src/r_sce/crypto_procedures/src/sce9/plainkey/primitive/hw_sce_p_pf1.o
                0x0000d9bc                HW_SCE_EcdsaSignatureVerificationSub
 .text.HW_SCE_SelfCheck1SubSub
                0x0000fb94      0x2f0 ./ra/fsp/src/r_sce/crypto_procedures/src/sce9/plainkey/primitive/hw_sce_p_subprc01.o
                0x0000fb94                HW_SCE_SelfCheck1SubSub
 .text.HW_SCE_McuSpecificInit
                0x0000fe84       0x5c ./ra/fsp/src/r_sce/crypto_procedures/src/sce9/plainkey/adaptors/r_sce_adapt.o
                0x0000fe84                HW_SCE_McuSpecificInit
 .text.HW_SCE_GenerateOemKeyIndexPrivate
                0x0000fee0       0x3c ./ra/fsp/src/r_sce/crypto_procedures/src/sce9/plainkey/adaptors/r_sce_adapt.o
                0x0000fee0                HW_SCE_GenerateOemKeyIndexPrivate
 .text.HW_SCE_ShaGenerateMessageDigestSub
                0x0000ff1c       0x10 ./ra/fsp/src/r_sce/crypto_procedures/src/sce9/plainkey/adaptors/r_sce_adapt.o
                0x0000ff1c                HW_SCE_ShaGenerateMessageDigestSub
 .text.change_endian_long
                0x0000ff2c        0x4 ./ra/fsp/src/r_sce/crypto_procedures/src/sce9/plainkey/adaptors/r_sce_adapt.o
                0x0000ff2c                change_endian_long
 .text.HW_SCE_Aes128EncryptDecryptInitSubAdaptor
                0x0000ff30        0x8 ./ra/fsp/src/r_sce/crypto_procedures/src/sce9/plainkey/adaptors/r_sce_adapt.o
                0x0000ff30                HW_SCE_Aes128EncryptDecryptInitSubAdaptor
 .text.HW_SCE_Aes256EncryptDecryptInitSubAdaptor
                0x0000ff38        0x8 ./ra/fsp/src/r_sce/crypto_procedures/src/sce9/plainkey/adaptors/r_sce_adapt.o
                0x0000ff38                HW_SCE_Aes256EncryptDecryptInitSubAdaptor
 .text.HW_SCE_Ecc256ScalarMultiplicationSubAdaptor
                0x0000ff40       0x10 ./ra/fsp/src/r_sce/crypto_procedures/src/sce9/plainkey/adaptors/r_sce_adapt.o
                0x0000ff40                HW_SCE_Ecc256ScalarMultiplicationSubAdaptor
 .text.HW_SCE_EccEd25519ScalarMultiplicationSubAdaptor
                0x0000ff50        0x4 ./ra/fsp/src/r_sce/crypto_procedures/src/sce9/plainkey/adaptors/r_sce_adapt.o
                0x0000ff50                HW_SCE_EccEd25519ScalarMultiplicationSubAdaptor
 .text.HW_SCE_EcdsaSignatureVerificationSubAdaptor
                0x0000ff54        0x4 ./ra/fsp/src/r_sce/crypto_procedures/src/sce9/plainkey/adaptors/r_sce_adapt.o
                0x0000ff54                HW_SCE_EcdsaSignatureVerificationSubAdaptor
 .text.R_QSPI_DirectRead
                0x0000ff58       0x24 ./ra/fsp/src/r_qspi/r_qspi.o
                0x0000ff58                R_QSPI_DirectRead
 .text.R_QSPI_DirectTransfer
                0x0000ff7c        0x4 ./ra/fsp/src/r_qspi/r_qspi.o
                0x0000ff7c                R_QSPI_DirectTransfer
 .text.R_QSPI_Erase
                0x0000ff80       0x90 ./ra/fsp/src/r_qspi/r_qspi.o
                0x0000ff80                R_QSPI_Erase
 .text.R_QSPI_StatusGet
                0x00010010       0x2c ./ra/fsp/src/r_qspi/r_qspi.o
                0x00010010                R_QSPI_StatusGet
 .text.R_QSPI_BankSet
                0x0001003c       0x10 ./ra/fsp/src/r_qspi/r_qspi.o
                0x0001003c                R_QSPI_BankSet
 .text.R_QSPI_SpiProtocolSet
                0x0001004c       0x10 ./ra/fsp/src/r_qspi/r_qspi.o
                0x0001004c                R_QSPI_SpiProtocolSet
 .text.R_QSPI_AutoCalibrate
                0x0001005c        0x4 ./ra/fsp/src/r_qspi/r_qspi.o
                0x0001005c                R_QSPI_AutoCalibrate
 .text.R_QSPI_Close
                0x00010060       0x28 ./ra/fsp/src/r_qspi/r_qspi.o
                0x00010060                R_QSPI_Close
 .text.R_QSPI_DirectWrite
                0x00010088       0x30 ./ra/fsp/src/r_qspi/r_qspi.o
                0x00010088                R_QSPI_DirectWrite
 .text.R_QSPI_Open
                0x000100b8       0x8c ./ra/fsp/src/r_qspi/r_qspi.o
                0x000100b8                R_QSPI_Open
 .text.R_QSPI_XipEnter
                0x00010144       0x40 ./ra/fsp/src/r_qspi/r_qspi.o
                0x00010144                R_QSPI_XipEnter
 .text.R_QSPI_Write
                0x00010184       0x6c ./ra/fsp/src/r_qspi/r_qspi.o
                0x00010184                R_QSPI_Write
 .text.R_QSPI_XipExit
                0x000101f0       0x3c ./ra/fsp/src/r_qspi/r_qspi.o
                0x000101f0                R_QSPI_XipExit
 .text.R_IOPORT_Close
                0x0001022c        0xc ./ra/fsp/src/r_ioport/r_ioport.o
                0x0001022c                R_IOPORT_Close
 .text.R_IOPORT_PinRead
                0x00010238       0x24 ./ra/fsp/src/r_ioport/r_ioport.o
                0x00010238                R_IOPORT_PinRead
 .text.R_IOPORT_PortRead
                0x0001025c       0x14 ./ra/fsp/src/r_ioport/r_ioport.o
                0x0001025c                R_IOPORT_PortRead
 .text.R_IOPORT_PortWrite
                0x00010270       0x1c ./ra/fsp/src/r_ioport/r_ioport.o
                0x00010270                R_IOPORT_PortWrite
 .text.R_IOPORT_PinWrite
                0x0001028c       0x20 ./ra/fsp/src/r_ioport/r_ioport.o
                0x0001028c                R_IOPORT_PinWrite
 .text.R_IOPORT_PortDirectionSet
                0x000102ac       0x2c ./ra/fsp/src/r_ioport/r_ioport.o
                0x000102ac                R_IOPORT_PortDirectionSet
 .text.R_IOPORT_PortEventInputRead
                0x000102d8       0x18 ./ra/fsp/src/r_ioport/r_ioport.o
                0x000102d8                R_IOPORT_PortEventInputRead
 .text.R_IOPORT_PinEventInputRead
                0x000102f0       0x34 ./ra/fsp/src/r_ioport/r_ioport.o
                0x000102f0                R_IOPORT_PinEventInputRead
 .text.R_IOPORT_PortEventOutputWrite
                0x00010324       0x1c ./ra/fsp/src/r_ioport/r_ioport.o
                0x00010324                R_IOPORT_PortEventOutputWrite
 .text.R_IOPORT_PinEventOutputWrite
                0x00010340       0x34 ./ra/fsp/src/r_ioport/r_ioport.o
                0x00010340                R_IOPORT_PinEventOutputWrite
 .text.bsp_vbatt_init
                0x00010374       0x9c ./ra/fsp/src/r_ioport/r_ioport.o
 .text.r_ioport_pins_config
                0x00010410       0xac ./ra/fsp/src/r_ioport/r_ioport.o
 .text.R_IOPORT_Open
                0x000104bc       0x14 ./ra/fsp/src/r_ioport/r_ioport.o
                0x000104bc                R_IOPORT_Open
 .text.R_IOPORT_PinsCfg
                0x000104d0        0xc ./ra/fsp/src/r_ioport/r_ioport.o
                0x000104d0                R_IOPORT_PinsCfg
 .text.R_IOPORT_PinCfg
                0x000104dc       0xa8 ./ra/fsp/src/r_ioport/r_ioport.o
                0x000104dc                R_IOPORT_PinCfg
 .text.R_FLASH_HP_Close
                0x00010584       0x6c ./ra/fsp/src/r_flash_hp/r_flash_hp.o
                0x00010584                R_FLASH_HP_Close
 .text.flash_hp_init
                0x000105f0      0x108 ./ra/fsp/src/r_flash_hp/r_flash_hp.o
 .text.R_FLASH_HP_Open
                0x000106f8       0xe8 ./ra/fsp/src/r_flash_hp/r_flash_hp.o
                0x000106f8                R_FLASH_HP_Open
 .text.R_FLASH_HP_Write
                0x000107e0       0x28 ./ra/fsp/src/r_flash_hp/r_flash_hp.o
                0x000107e0                R_FLASH_HP_Write
 .text.R_FLASH_HP_Erase
                0x00010808       0x28 ./ra/fsp/src/r_flash_hp/r_flash_hp.o
                0x00010808                R_FLASH_HP_Erase
 .text.SystemCoreClockUpdate
                0x00010830       0x28 ./ra/fsp/src/bsp/mcu/all/bsp_clocks.o
                0x00010830                SystemCoreClockUpdate
 .text.R_BSP_SubClockStabilizeWaitAfterReset
                0x00010858        0x4 ./ra/fsp/src/bsp/mcu/all/bsp_clocks.o
                0x00010858                R_BSP_SubClockStabilizeWaitAfterReset
 .text.bsp_clock_init
                0x0001085c      0x14c ./ra/fsp/src/bsp/mcu/all/bsp_clocks.o
                0x0001085c                bsp_clock_init
 .text.R_BSP_Init_RTC
                0x000109a8       0x68 ./ra/fsp/src/bsp/mcu/all/bsp_clocks.o
                0x000109a8                R_BSP_Init_RTC
 .text.__assert_func
                0x00010a10        0x4 ./ra/fsp/src/bsp/mcu/all/bsp_common.o
                0x00010a10                __assert_func
 .text.bsp_prv_software_delay_loop
                0x00010a14        0xc ./ra/fsp/src/bsp/mcu/all/bsp_delay.o
                0x00010a14                bsp_prv_software_delay_loop
 .text.R_BSP_SoftwareDelay
                0x00010a20       0x58 ./ra/fsp/src/bsp/mcu/all/bsp_delay.o
                0x00010a20                R_BSP_SoftwareDelay
 .text.NMI_Handler
                0x00010a78       0x3c ./ra/fsp/src/bsp/mcu/all/bsp_group_irq.o
                0x00010a78                NMI_Handler
 .text.bsp_irq_cfg
                0x00010ab4       0xa4 ./ra/fsp/src/bsp/mcu/all/bsp_irq.o
                0x00010ab4                bsp_irq_cfg
 .text.R_BSP_RegisterProtectEnable
                0x00010b58       0x60 ./ra/fsp/src/bsp/mcu/all/bsp_register_protection.o
                0x00010b58                R_BSP_RegisterProtectEnable
 .text.R_BSP_RegisterProtectDisable
                0x00010bb8       0x54 ./ra/fsp/src/bsp/mcu/all/bsp_register_protection.o
                0x00010bb8                R_BSP_RegisterProtectDisable
 .text._sbrk    0x00010c0c       0x40 ./ra/fsp/src/bsp/mcu/all/bsp_sbrk.o
                0x00010c0c                _sbrk
 .text.Default_Handler
                0x00010c4c        0x4 ./ra/fsp/src/bsp/cmsis/Device/RENESAS/Source/startup.o
                0x00010c4c                DebugMon_Handler
                0x00010c4c                HardFault_Handler
                0x00010c4c                SysTick_Handler
                0x00010c4c                PendSV_Handler
                0x00010c4c                UsageFault_Handler
                0x00010c4c                SecureFault_Handler
                0x00010c4c                Default_Handler
                0x00010c4c                MemManage_Handler
                0x00010c4c                SVC_Handler
                0x00010c4c                BusFault_Handler
 .text.Reset_Handler
                0x00010c50        0xc ./ra/fsp/src/bsp/cmsis/Device/RENESAS/Source/startup.o
                0x00010c50                Reset_Handler
 .text.SystemInit
                0x00010c5c       0xe0 ./ra/fsp/src/bsp/cmsis/Device/RENESAS/Source/system.o
                0x00010c5c                SystemInit
 .text.bsp_init
                0x00010d3c        0x4 ./ra/board/ra6m4_ek/board_init.o
                0x00010d3c                bsp_init
 .text.mbedtls_asn1_get_len
                0x00010d40       0x68 ./ra/arm/mbedtls/library/asn1parse.o
                0x00010d40                mbedtls_asn1_get_len
 .text.asn1_get_tagged_int
                0x00010da8       0x9c ./ra/arm/mbedtls/library/asn1parse.o
 .text.mbedtls_asn1_get_tag
                0x00010e44       0x7c ./ra/arm/mbedtls/library/asn1parse.o
                0x00010e44                mbedtls_asn1_get_tag
 .text.mbedtls_asn1_get_int
                0x00010ec0        0x8 ./ra/arm/mbedtls/library/asn1parse.o
                0x00010ec0                mbedtls_asn1_get_int
 .text.mbedtls_asn1_get_mpi
                0x00010ec8       0x48 ./ra/arm/mbedtls/library/asn1parse.o
                0x00010ec8                mbedtls_asn1_get_mpi
 .text.mbedtls_asn1_get_bitstring_null
                0x00010f10       0x4c ./ra/arm/mbedtls/library/asn1parse.o
                0x00010f10                mbedtls_asn1_get_bitstring_null
 .text.mbedtls_asn1_get_alg
                0x00010f5c       0xc0 ./ra/arm/mbedtls/library/asn1parse.o
                0x00010f5c                mbedtls_asn1_get_alg
 .text.mbedtls_mpi_init
                0x0001101c        0xc ./ra/arm/mbedtls/library/bignum.o
                0x0001101c                mbedtls_mpi_init
 .text.mbedtls_mpi_free
                0x00011028       0x20 ./ra/arm/mbedtls/library/bignum.o
                0x00011028                mbedtls_mpi_free
 .text.mbedtls_mpi_grow
                0x00011048       0x4c ./ra/arm/mbedtls/library/bignum.o
                0x00011048                mbedtls_mpi_grow
 .text.mbedtls_mpi_resize_clear
                0x00011094       0x58 ./ra/arm/mbedtls/library/bignum.o
 .text.mbedtls_mpi_shrink
                0x000110ec       0x78 ./ra/arm/mbedtls/library/bignum.o
                0x000110ec                mbedtls_mpi_shrink
 .text.mbedtls_mpi_copy
                0x00011164       0x7c ./ra/arm/mbedtls/library/bignum.o
                0x00011164                mbedtls_mpi_copy
 .text.mbedtls_mpi_lset
                0x000111e0       0x64 ./ra/arm/mbedtls/library/bignum.o
                0x000111e0                mbedtls_mpi_lset
 .text.mbedtls_mpi_get_bit
                0x00011244       0x20 ./ra/arm/mbedtls/library/bignum.o
                0x00011244                mbedtls_mpi_get_bit
 .text.mbedtls_mpi_bitlen
                0x00011264        0x8 ./ra/arm/mbedtls/library/bignum.o
                0x00011264                mbedtls_mpi_bitlen
 .text.mbedtls_mpi_size
                0x0001126c       0x10 ./ra/arm/mbedtls/library/bignum.o
                0x0001126c                mbedtls_mpi_size
 .text.mbedtls_mpi_read_binary
                0x0001127c       0x2c ./ra/arm/mbedtls/library/bignum.o
                0x0001127c                mbedtls_mpi_read_binary
 .text.mbedtls_mpi_write_binary
                0x000112a8        0xc ./ra/arm/mbedtls/library/bignum.o
                0x000112a8                mbedtls_mpi_write_binary
 .text.mbedtls_mpi_shift_l
                0x000112b4       0x3c ./ra/arm/mbedtls/library/bignum.o
                0x000112b4                mbedtls_mpi_shift_l
 .text.mbedtls_mpi_shift_r
                0x000112f0       0x18 ./ra/arm/mbedtls/library/bignum.o
                0x000112f0                mbedtls_mpi_shift_r
 .text.mbedtls_mpi_cmp_abs
                0x00011308       0x78 ./ra/arm/mbedtls/library/bignum.o
                0x00011308                mbedtls_mpi_cmp_abs
 .text.mbedtls_mpi_cmp_mpi
                0x00011380       0xa4 ./ra/arm/mbedtls/library/bignum.o
                0x00011380                mbedtls_mpi_cmp_mpi
 .text.mbedtls_mpi_cmp_int
                0x00011424       0x34 ./ra/arm/mbedtls/library/bignum.o
                0x00011424                mbedtls_mpi_cmp_int
 .text.mbedtls_mpi_add_abs
                0x00011458       0x88 ./ra/arm/mbedtls/library/bignum.o
                0x00011458                mbedtls_mpi_add_abs
 .text.mbedtls_mpi_sub_abs
                0x000114e0       0xa0 ./ra/arm/mbedtls/library/bignum.o
                0x000114e0                mbedtls_mpi_sub_abs
 .text.add_sub_mpi
                0x00011580       0x6c ./ra/arm/mbedtls/library/bignum.o
 .text.mbedtls_mpi_add_mpi
                0x000115ec        0x8 ./ra/arm/mbedtls/library/bignum.o
                0x000115ec                mbedtls_mpi_add_mpi
 .text.mbedtls_mpi_sub_mpi
                0x000115f4        0x8 ./ra/arm/mbedtls/library/bignum.o
                0x000115f4                mbedtls_mpi_sub_mpi
 .text.mbedtls_mpi_add_int
                0x000115fc       0x38 ./ra/arm/mbedtls/library/bignum.o
                0x000115fc                mbedtls_mpi_add_int
 .text.mbedtls_mpi_sub_int
                0x00011634       0x3c ./ra/arm/mbedtls/library/bignum.o
                0x00011634                mbedtls_mpi_sub_int
 .text.mbedtls_mpi_mul_mpi
                0x00011670      0x110 ./ra/arm/mbedtls/library/bignum.o
                0x00011670                mbedtls_mpi_mul_mpi
 .text.mbedtls_mpi_mul_int
                0x00011780       0x8c ./ra/arm/mbedtls/library/bignum.o
                0x00011780                mbedtls_mpi_mul_int
 .text.mbedtls_mpi_div_mpi
                0x0001180c      0x420 ./ra/arm/mbedtls/library/bignum.o
                0x0001180c                mbedtls_mpi_div_mpi
 .text.mbedtls_mpi_mod_mpi
                0x00011c2c       0x98 ./ra/arm/mbedtls/library/bignum.o
                0x00011c2c                mbedtls_mpi_mod_mpi
 .text.mbedtls_mpi_exp_mod
                0x00011cc4      0x238 ./ra/arm/mbedtls/library/bignum.o
                0x00011cc4                mbedtls_mpi_exp_mod
 .text.mbedtls_mpi_core_bitlen
                0x00011efc       0x28 ./ra/arm/mbedtls/library/bignum_core.o
                0x00011efc                mbedtls_mpi_core_bitlen
 .text.mbedtls_mpi_core_read_be
                0x00011f24       0x5c ./ra/arm/mbedtls/library/bignum_core.o
                0x00011f24                mbedtls_mpi_core_read_be
 .text.mbedtls_mpi_core_write_be
                0x00011f80       0x80 ./ra/arm/mbedtls/library/bignum_core.o
                0x00011f80                mbedtls_mpi_core_write_be
 .text.mbedtls_mpi_core_shift_r
                0x00012000       0x98 ./ra/arm/mbedtls/library/bignum_core.o
                0x00012000                mbedtls_mpi_core_shift_r
 .text.mbedtls_mpi_core_shift_l
                0x00012098       0x7c ./ra/arm/mbedtls/library/bignum_core.o
                0x00012098                mbedtls_mpi_core_shift_l
 .text.mbedtls_mpi_core_add
                0x00012114       0x3c ./ra/arm/mbedtls/library/bignum_core.o
                0x00012114                mbedtls_mpi_core_add
 .text.mbedtls_mpi_core_sub
                0x00012150       0x44 ./ra/arm/mbedtls/library/bignum_core.o
                0x00012150                mbedtls_mpi_core_sub
 .text.mbedtls_mpi_core_mla
                0x00012194      0x194 ./ra/arm/mbedtls/library/bignum_core.o
                0x00012194                mbedtls_mpi_core_mla
 .text.mbedtls_mpi_core_mul
                0x00012328       0x50 ./ra/arm/mbedtls/library/bignum_core.o
                0x00012328                mbedtls_mpi_core_mul
 .text.mbedtls_mpi_core_montmul_init
                0x00012378       0x30 ./ra/arm/mbedtls/library/bignum_core.o
                0x00012378                mbedtls_mpi_core_montmul_init
 .text.mbedtls_mpi_core_montmul
                0x000123a8       0xe8 ./ra/arm/mbedtls/library/bignum_core.o
                0x000123a8                mbedtls_mpi_core_montmul
 .text.mbedtls_mpi_core_get_mont_r2_unsafe
                0x00012490       0x38 ./ra/arm/mbedtls/library/bignum_core.o
                0x00012490                mbedtls_mpi_core_get_mont_r2_unsafe
 .text.mbedtls_mpi_core_exp_mod_working_limbs
                0x000124c8       0x14 ./ra/arm/mbedtls/library/bignum_core.o
                0x000124c8                mbedtls_mpi_core_exp_mod_working_limbs
 .text.mbedtls_mpi_core_exp_mod
                0x000124dc      0x210 ./ra/arm/mbedtls/library/bignum_core.o
                0x000124dc                mbedtls_mpi_core_exp_mod
 .text.mbedtls_mpi_core_sub_int
                0x000126ec       0x28 ./ra/arm/mbedtls/library/bignum_core.o
                0x000126ec                mbedtls_mpi_core_sub_int
 .text.mbedtls_mpi_core_check_zero_ct
                0x00012714       0x2c ./ra/arm/mbedtls/library/bignum_core.o
                0x00012714                mbedtls_mpi_core_check_zero_ct
 .text.mbedtls_mpi_core_to_mont_rep
                0x00012740       0x1c ./ra/arm/mbedtls/library/bignum_core.o
                0x00012740                mbedtls_mpi_core_to_mont_rep
 .text.mbedtls_mpi_core_from_mont_rep
                0x0001275c       0x24 ./ra/arm/mbedtls/library/bignum_core.o
                0x0001275c                mbedtls_mpi_core_from_mont_rep
 .text.mbedtls_ct_memcpy_if
                0x00012780       0x7c ./ra/arm/mbedtls/library/constant_time.o
                0x00012780                mbedtls_ct_memcpy_if
 .text.mbedtls_ecdsa_read_signature_restartable
                0x000127fc       0x98 ./ra/arm/mbedtls/library/ecdsa.o
                0x000127fc                mbedtls_ecdsa_read_signature_restartable
 .text.mbedtls_ecdsa_read_signature
                0x00012894       0x14 ./ra/arm/mbedtls/library/ecdsa.o
                0x00012894                mbedtls_ecdsa_read_signature
 .text.mbedtls_ecdsa_init
                0x000128a8        0x4 ./ra/arm/mbedtls/library/ecdsa.o
                0x000128a8                mbedtls_ecdsa_init
 .text.mbedtls_ecdsa_free
                0x000128ac        0x8 ./ra/arm/mbedtls/library/ecdsa.o
                0x000128ac                mbedtls_ecdsa_free
 .text.mbedtls_md_init
                0x000128b4        0xc ./ra/arm/mbedtls/library/md.o
                0x000128b4                mbedtls_md_init
 .text.mbedtls_md_free
                0x000128c0       0x5c ./ra/arm/mbedtls/library/md.o
                0x000128c0                mbedtls_md_free
 .text.mbedtls_md_setup
                0x0001291c       0x94 ./ra/arm/mbedtls/library/md.o
                0x0001291c                mbedtls_md_setup
 .text.mbedtls_md_starts
                0x000129b0       0x40 ./ra/arm/mbedtls/library/md.o
                0x000129b0                mbedtls_md_starts
 .text.mbedtls_md_update
                0x000129f0       0x34 ./ra/arm/mbedtls/library/md.o
                0x000129f0                mbedtls_md_update
 .text.mbedtls_md_finish
                0x00012a24       0x34 ./ra/arm/mbedtls/library/md.o
                0x00012a24                mbedtls_md_finish
 .text.mbedtls_md_info_from_string
                0x00012a58       0x40 ./ra/arm/mbedtls/library/md.o
                0x00012a58                mbedtls_md_info_from_string
 .text.mbedtls_md_hmac_starts
                0x00012a98      0x13c ./ra/arm/mbedtls/library/md.o
                0x00012a98                mbedtls_md_hmac_starts
 .text.mbedtls_md_hmac_update
                0x00012bd4       0x24 ./ra/arm/mbedtls/library/md.o
                0x00012bd4                mbedtls_md_hmac_update
 .text.mbedtls_md_hmac_finish
                0x00012bf8       0x60 ./ra/arm/mbedtls/library/md.o
                0x00012bf8                mbedtls_md_hmac_finish
 .text.mbedtls_md5_init
                0x00012c58        0x8 ./ra/arm/mbedtls/library/md5.o
                0x00012c58                mbedtls_md5_init
 .text.mbedtls_md5_free
                0x00012c60        0xc ./ra/arm/mbedtls/library/md5.o
                0x00012c60                mbedtls_md5_free
 .text.mbedtls_md5_starts
                0x00012c6c       0x30 ./ra/arm/mbedtls/library/md5.o
                0x00012c6c                mbedtls_md5_starts
 .text.mbedtls_internal_md5_process
                0x00012c9c      0x74c ./ra/arm/mbedtls/library/md5.o
                0x00012c9c                mbedtls_internal_md5_process
 .text.mbedtls_md5_update
                0x000133e8       0x8c ./ra/arm/mbedtls/library/md5.o
                0x000133e8                mbedtls_md5_update
 .text.mbedtls_md5_finish
                0x00013474       0x88 ./ra/arm/mbedtls/library/md5.o
                0x00013474                mbedtls_md5_finish
 .text.mbedtls_calloc
                0x000134fc        0xc ./ra/arm/mbedtls/library/platform.o
                0x000134fc                mbedtls_calloc
 .text.mbedtls_free
                0x00013508        0xc ./ra/arm/mbedtls/library/platform.o
                0x00013508                mbedtls_free
 .text.mbedtls_platform_zeroize
                0x00013514       0x18 ./ra/arm/mbedtls/library/platform_util.o
                0x00013514                mbedtls_platform_zeroize
 .text.mbedtls_zeroize_and_free
                0x0001352c       0x20 ./ra/arm/mbedtls/library/platform_util.o
                0x0001352c                mbedtls_zeroize_and_free
 .text.mbedtls_sha1_init
                0x0001354c        0x8 ./ra/arm/mbedtls/library/sha1.o
                0x0001354c                mbedtls_sha1_init
 .text.mbedtls_sha1_free
                0x00013554        0xc ./ra/arm/mbedtls/library/sha1.o
                0x00013554                mbedtls_sha1_free
 .text.mbedtls_sha1_starts
                0x00013560       0x38 ./ra/arm/mbedtls/library/sha1.o
                0x00013560                mbedtls_sha1_starts
 .text.mbedtls_internal_sha1_process
                0x00013598     0x1028 ./ra/arm/mbedtls/library/sha1.o
                0x00013598                mbedtls_internal_sha1_process
 .text.mbedtls_sha1_update
                0x000145c0       0x8c ./ra/arm/mbedtls/library/sha1.o
                0x000145c0                mbedtls_sha1_update
 .text.mbedtls_sha1_finish
                0x0001464c       0x98 ./ra/arm/mbedtls/library/sha1.o
                0x0001464c                mbedtls_sha1_finish
 .text          0x000146e4       0x30 C:/Program Files (x86)/Arm GNU Toolchain arm-none-eabi/13.2 Rel1/bin/../lib/gcc/arm-none-eabi/13.2.1/thumb/v8-m.main+fp/hard\libgcc.a(_aeabi_uldivmod.o)
                0x000146e4                __aeabi_uldivmod
 .text.__udivmoddi4
                0x00014714      0x300 C:/Program Files (x86)/Arm GNU Toolchain arm-none-eabi/13.2 Rel1/bin/../lib/gcc/arm-none-eabi/13.2.1/thumb/v8-m.main+fp/hard\libgcc.a(_udivmoddi4.o)
                0x00014714                __udivmoddi4
 .text          0x00014a14        0x4 C:/Program Files (x86)/Arm GNU Toolchain arm-none-eabi/13.2 Rel1/bin/../lib/gcc/arm-none-eabi/13.2.1/thumb/v8-m.main+fp/hard\libgcc.a(_dvmd_tls.o)
                0x00014a14                __aeabi_idiv0
                0x00014a14                __aeabi_ldiv0
 .text.calloc   0x00014a18       0x10 C:/Program Files (x86)/Arm GNU Toolchain arm-none-eabi/13.2 Rel1/bin/../lib/gcc/arm-none-eabi/13.2.1/thumb/v8-m.main+fp/hard\libg_nano.a(libc_a-calloc.o)
                0x00014a18                calloc
 .text._calloc_r
                0x00014a28       0x28 C:/Program Files (x86)/Arm GNU Toolchain arm-none-eabi/13.2 Rel1/bin/../lib/gcc/arm-none-eabi/13.2.1/thumb/v8-m.main+fp/hard\libg_nano.a(libc_a-callocr.o)
                0x00014a28                _calloc_r
 .text.free     0x00014a50       0x10 C:/Program Files (x86)/Arm GNU Toolchain arm-none-eabi/13.2 Rel1/bin/../lib/gcc/arm-none-eabi/13.2.1/thumb/v8-m.main+fp/hard\libg_nano.a(libc_a-malloc.o)
                0x00014a50                free
 .text.sbrk_aligned
                0x00014a60       0x44 C:/Program Files (x86)/Arm GNU Toolchain arm-none-eabi/13.2 Rel1/bin/../lib/gcc/arm-none-eabi/13.2.1/thumb/v8-m.main+fp/hard\libg_nano.a(libc_a-mallocr.o)
 .text._malloc_r
                0x00014aa4      0x100 C:/Program Files (x86)/Arm GNU Toolchain arm-none-eabi/13.2 Rel1/bin/../lib/gcc/arm-none-eabi/13.2.1/thumb/v8-m.main+fp/hard\libg_nano.a(libc_a-mallocr.o)
                0x00014aa4                _malloc_r
 .text.__malloc_lock
                0x00014ba4        0xc C:/Program Files (x86)/Arm GNU Toolchain arm-none-eabi/13.2 Rel1/bin/../lib/gcc/arm-none-eabi/13.2.1/thumb/v8-m.main+fp/hard\libg_nano.a(libc_a-mlock.o)
                0x00014ba4                __malloc_lock
 .text.__malloc_unlock
                0x00014bb0        0xc C:/Program Files (x86)/Arm GNU Toolchain arm-none-eabi/13.2 Rel1/bin/../lib/gcc/arm-none-eabi/13.2.1/thumb/v8-m.main+fp/hard\libg_nano.a(libc_a-mlock.o)
                0x00014bb0                __malloc_unlock
 .text.memcmp   0x00014bbc       0x20 C:/Program Files (x86)/Arm GNU Toolchain arm-none-eabi/13.2 Rel1/bin/../lib/gcc/arm-none-eabi/13.2.1/thumb/v8-m.main+fp/hard\libg_nano.a(libc_a-memcmp.o)
                0x00014bbc                memcmp
 .text.memset   0x00014bdc       0x10 C:/Program Files (x86)/Arm GNU Toolchain arm-none-eabi/13.2 Rel1/bin/../lib/gcc/arm-none-eabi/13.2.1/thumb/v8-m.main+fp/hard\libg_nano.a(libc_a-memset.o)
                0x00014bdc                memset
 .text._sbrk_r  0x00014bec       0x20 C:/Program Files (x86)/Arm GNU Toolchain arm-none-eabi/13.2 Rel1/bin/../lib/gcc/arm-none-eabi/13.2.1/thumb/v8-m.main+fp/hard\libg_nano.a(libc_a-sbrkr.o)
                0x00014bec                _sbrk_r
 .text.__errno  0x00014c0c        0xc C:/Program Files (x86)/Arm GNU Toolchain arm-none-eabi/13.2 Rel1/bin/../lib/gcc/arm-none-eabi/13.2.1/thumb/v8-m.main+fp/hard\libg_nano.a(libc_a-errno.o)
                0x00014c0c                __errno
 .text.__retarget_lock_acquire_recursive
                0x00014c18        0x2 C:/Program Files (x86)/Arm GNU Toolchain arm-none-eabi/13.2 Rel1/bin/../lib/gcc/arm-none-eabi/13.2.1/thumb/v8-m.main+fp/hard\libg_nano.a(libc_a-lock.o)
                0x00014c18                __retarget_lock_acquire_recursive
 .text.__retarget_lock_release_recursive
                0x00014c1a        0x2 C:/Program Files (x86)/Arm GNU Toolchain arm-none-eabi/13.2 Rel1/bin/../lib/gcc/arm-none-eabi/13.2.1/thumb/v8-m.main+fp/hard\libg_nano.a(libc_a-lock.o)
                0x00014c1a                __retarget_lock_release_recursive
 .text          0x00014c1c       0x14 C:/Program Files (x86)/Arm GNU Toolchain arm-none-eabi/13.2 Rel1/bin/../lib/gcc/arm-none-eabi/13.2.1/thumb/v8-m.main+fp/hard\libg_nano.a(libc_a-strcmp.o)
                0x00014c1c                strcmp